Archive member included because of file (symbol)

C:/Freescale/KSDK_1.3.0/lib/ksdk_platform_lib/kds/KL26Z4/debug/libksdk_platform.a(fsl_uart_hal.o)
                              ./Utilities/fsl_debug_console.o (UART_HAL_SetBaudRate)
C:/Freescale/KSDK_1.3.0/lib/ksdk_platform_lib/kds/KL26Z4/debug/libksdk_platform.a(fsl_spi_master_driver.o)
                              ./main.o (SPI_DRV_MasterInit)
C:/Freescale/KSDK_1.3.0/lib/ksdk_platform_lib/kds/KL26Z4/debug/libksdk_platform.a(fsl_spi_common.o)
                              C:/Freescale/KSDK_1.3.0/lib/ksdk_platform_lib/kds/KL26Z4/debug/libksdk_platform.a(fsl_spi_master_driver.o) (g_spiStatePtr)
C:/Freescale/KSDK_1.3.0/lib/ksdk_platform_lib/kds/KL26Z4/debug/libksdk_platform.a(fsl_spi_shared_function.o)
                              ./fsl_spi_irq.o (SPI_DRV_IRQHandler)
C:/Freescale/KSDK_1.3.0/lib/ksdk_platform_lib/kds/KL26Z4/debug/libksdk_platform.a(fsl_lpsci_hal.o)
                              ./Utilities/fsl_debug_console.o (LPSCI_HAL_SetBaudRate)
C:/Freescale/KSDK_1.3.0/lib/ksdk_platform_lib/kds/KL26Z4/debug/libksdk_platform.a(fsl_clock_MKL26Z4.o)
                              ./Board/board.o (CLOCK_SYS_SetConfiguration)
C:/Freescale/KSDK_1.3.0/lib/ksdk_platform_lib/kds/KL26Z4/debug/libksdk_platform.a(fsl_clock_manager.o)
                              C:/Freescale/KSDK_1.3.0/lib/ksdk_platform_lib/kds/KL26Z4/debug/libksdk_platform.a(fsl_clock_MKL26Z4.o) (CLOCK_SYS_GetSystickFreq)
C:/Freescale/KSDK_1.3.0/lib/ksdk_platform_lib/kds/KL26Z4/debug/libksdk_platform.a(fsl_clock_manager_common.o)
                              C:/Freescale/KSDK_1.3.0/lib/ksdk_platform_lib/kds/KL26Z4/debug/libksdk_platform.a(fsl_clock_MKL26Z4.o) (g_oscBase)
C:/Freescale/KSDK_1.3.0/lib/ksdk_platform_lib/kds/KL26Z4/debug/libksdk_platform.a(fsl_os_abstraction_bm.o)
                              C:/Freescale/KSDK_1.3.0/lib/ksdk_platform_lib/kds/KL26Z4/debug/libksdk_platform.a(fsl_spi_master_driver.o) (OSA_SemaCreate)
C:/Freescale/KSDK_1.3.0/lib/ksdk_platform_lib/kds/KL26Z4/debug/libksdk_platform.a(fsl_spi_hal.o)
                              C:/Freescale/KSDK_1.3.0/lib/ksdk_platform_lib/kds/KL26Z4/debug/libksdk_platform.a(fsl_spi_master_driver.o) (SPI_HAL_Init)
C:/Freescale/KSDK_1.3.0/lib/ksdk_platform_lib/kds/KL26Z4/debug/libksdk_platform.a(fsl_spi_slave_driver.o)
                              C:/Freescale/KSDK_1.3.0/lib/ksdk_platform_lib/kds/KL26Z4/debug/libksdk_platform.a(fsl_spi_shared_function.o) (SPI_DRV_SlaveIRQHandler)
C:/Freescale/KSDK_1.3.0/lib/ksdk_platform_lib/kds/KL26Z4/debug/libksdk_platform.a(fsl_sim_hal_MKL26Z4.o)
                              C:/Freescale/KSDK_1.3.0/lib/ksdk_platform_lib/kds/KL26Z4/debug/libksdk_platform.a(fsl_clock_MKL26Z4.o) (CLOCK_HAL_SetOutDiv)
C:/Freescale/KSDK_1.3.0/lib/ksdk_platform_lib/kds/KL26Z4/debug/libksdk_platform.a(fsl_osc_hal.o)
                              C:/Freescale/KSDK_1.3.0/lib/ksdk_platform_lib/kds/KL26Z4/debug/libksdk_platform.a(fsl_clock_manager.o) (OSC_HAL_SetCapacitor)
C:/Freescale/KSDK_1.3.0/lib/ksdk_platform_lib/kds/KL26Z4/debug/libksdk_platform.a(fsl_mcg_hal.o)
                              C:/Freescale/KSDK_1.3.0/lib/ksdk_platform_lib/kds/KL26Z4/debug/libksdk_platform.a(fsl_clock_MKL26Z4.o) (g_xtal0ClkFreq)
C:/Freescale/KSDK_1.3.0/lib/ksdk_platform_lib/kds/KL26Z4/debug/libksdk_platform.a(fsl_mcg_hal_modes.o)
                              C:/Freescale/KSDK_1.3.0/lib/ksdk_platform_lib/kds/KL26Z4/debug/libksdk_platform.a(fsl_clock_manager.o) (CLOCK_HAL_GetMcgMode)
C:/Freescale/KSDK_1.3.0/lib/ksdk_platform_lib/kds/KL26Z4/debug/libksdk_platform.a(fsl_lptmr_hal.o)
                              C:/Freescale/KSDK_1.3.0/lib/ksdk_platform_lib/kds/KL26Z4/debug/libksdk_platform.a(fsl_os_abstraction_bm.o) (LPTMR_HAL_SetTimerWorkingMode)
C:/Freescale/KSDK_1.3.0/lib/ksdk_platform_lib/kds/KL26Z4/debug/libksdk_platform.a(fsl_interrupt_manager.o)
                              C:/Freescale/KSDK_1.3.0/lib/ksdk_platform_lib/kds/KL26Z4/debug/libksdk_platform.a(fsl_os_abstraction_bm.o) (INT_SYS_InstallHandler)
c:/freescale/kds_3.0.0/toolchain/bin/../lib/gcc/arm-none-eabi/4.8.4/armv6-m\libgcc.a(_udivsi3.o)
                              ./Utilities/print_scan.o (__aeabi_uidiv)
c:/freescale/kds_3.0.0/toolchain/bin/../lib/gcc/arm-none-eabi/4.8.4/armv6-m\libgcc.a(_divsi3.o)
                              ./Utilities/print_scan.o (__aeabi_idiv)
c:/freescale/kds_3.0.0/toolchain/bin/../lib/gcc/arm-none-eabi/4.8.4/armv6-m\libgcc.a(_dvmd_tls.o)
                              c:/freescale/kds_3.0.0/toolchain/bin/../lib/gcc/arm-none-eabi/4.8.4/armv6-m\libgcc.a(_udivsi3.o) (__aeabi_idiv0)
c:/freescale/kds_3.0.0/toolchain/bin/../lib/gcc/arm-none-eabi/4.8.4/../../../../arm-none-eabi/lib/armv6-m\libg_s.a(lib_a-assert.o)
                              ./Board/board.o (__assert_func)
c:/freescale/kds_3.0.0/toolchain/bin/../lib/gcc/arm-none-eabi/4.8.4/../../../../arm-none-eabi/lib/armv6-m\libg_s.a(lib_a-calloc.o)
[...]
Memory Configuration

Name             Origin             Length             Attributes
m_interrupts     0x00000000         0x00000100         xr
m_flash_config   0x00000400         0x00000010         xr
m_text           0x00000410         0x0001fbf0         xr
m_data           0x1ffff000         0x00004000         rw
*default*        0x00000000         0xffffffff

Linker script and memory map

LOAD c:/freescale/kds_3.0.0/toolchain/bin/../lib/gcc/arm-none-eabi/4.8.4/armv6-m/crti.o
LOAD c:/freescale/kds_3.0.0/toolchain/bin/../lib/gcc/arm-none-eabi/4.8.4/armv6-m/crtbegin.o
LOAD c:/freescale/kds_3.0.0/toolchain/bin/../lib/gcc/arm-none-eabi/4.8.4/../../../../arm-none-eabi/lib/armv6-m/crt0.o
LOAD ./Utilities/fsl_debug_console.o
LOAD ./Utilities/print_scan.o
LOAD ./Project_Settings/Startup_Code/startup.o
LOAD ./Project_Settings/Startup_Code/startup_MKL26Z4.o
LOAD ./Project_Settings/Startup_Code/system_MKL26Z4.o
LOAD ./Board/board.o
LOAD ./Board/gpio_pins.o
LOAD ./Board/pin_mux.o
LOAD ./fsl_spi_irq.o
LOAD ./hardware_init.o
LOAD ./main.o
LOAD C:/Freescale/KSDK_1.3.0/lib/ksdk_platform_lib/kds/KL26Z4/debug/libksdk_platform.a
LOAD c:/freescale/kds_3.0.0/toolchain/bin/../lib/gcc/arm-none-eabi/4.8.4/../../../../arm-none-eabi/lib/armv6-m\libstdc++_s.a
LOAD c:/freescale/kds_3.0.0/toolchain/bin/../lib/gcc/arm-none-eabi/4.8.4/../../../../arm-none-eabi/lib/armv6-m\libm.a
START GROUP
LOAD c:/freescale/kds_3.0.0/toolchain/bin/../lib/gcc/arm-none-eabi/4.8.4/armv6-m\libgcc.a
LOAD c:/freescale/kds_3.0.0/toolchain/bin/../lib/gcc/arm-none-eabi/4.8.4/../../../../arm-none-eabi/lib/armv6-m\libg_s.a
LOAD c:/freescale/kds_3.0.0/toolchain/bin/../lib/gcc/arm-none-eabi/4.8.4/../../../../arm-none-eabi/lib/armv6-m\libc_s.a
END GROUP
START GROUP
LOAD c:/freescale/kds_3.0.0/toolchain/bin/../lib/gcc/arm-none-eabi/4.8.4/armv6-m\libgcc.a
LOAD c:/freescale/kds_3.0.0/toolchain/bin/../lib/gcc/arm-none-eabi/4.8.4/../../../../arm-none-eabi/lib/armv6-m\libc_s.a
LOAD c:/freescale/kds_3.0.0/toolchain/bin/../lib/gcc/arm-none-eabi/4.8.4/../../../../arm-none-eabi/lib/armv6-m\libnosys.a
END GROUP
START GROUP
LOAD c:/freescale/kds_3.0.0/toolchain/bin/../lib/gcc/arm-none-eabi/4.8.4/armv6-m\libgcc.a
LOAD c:/freescale/kds_3.0.0/toolchain/bin/../lib/gcc/arm-none-eabi/4.8.4/../../../../arm-none-eabi/lib/armv6-m\libc_s.a
LOAD c:/freescale/kds_3.0.0/toolchain/bin/../lib/gcc/arm-none-eabi/4.8.4/../../../../arm-none-eabi/lib/armv6-m\libnosys.a
END GROUP
LOAD c:/freescale/kds_3.0.0/toolchain/bin/../lib/gcc/arm-none-eabi/4.8.4/armv6-m/crtend.o
LOAD c:/freescale/kds_3.0.0/toolchain/bin/../lib/gcc/arm-none-eabi/4.8.4/armv6-m/crtn.o
                0x00000400                HEAP_SIZE = DEFINED (__heap_size__)?__heap_size__:0x400
                0x00000400                STACK_SIZE = DEFINED (__stack_size__)?__stack_size__:0x400
                0x00000000                M_VECTOR_RAM_SIZE = DEFINED (__ram_vector_table__)?0x100:0x0

.interrupts     0x00000000       0xc0
                0x00000000                __VECTOR_TABLE = .
                0x00000000                . = ALIGN (0x4)
 *(.isr_vector)
 .isr_vector    0x00000000       0xc0 ./Project_Settings/Startup_Code/startup_MKL26Z4.o
                0x00000000                __isr_vector
                0x000000c0                . = ALIGN (0x4)

.flash_config   0x00000400       0x10
                0x00000400                . = ALIGN (0x4)
 *(.FlashConfig)
 .FlashConfig   0x00000400       0x10 ./Project_Settings/Startup_Code/startup_MKL26Z4.o
                0x00000410                . = ALIGN (0x4)

.text           0x00000410     0x6bcc
                0x00000410                . = ALIGN (0x4)
 *(.text)
 .text          0x00000410       0x60 c:/freescale/kds_3.0.0/toolchain/bin/../lib/gcc/arm-none-eabi/4.8.4/armv6-m/crtbegin.o
 .text          0x00000470       0x78 c:/freescale/kds_3.0.0/toolchain/bin/../lib/gcc/arm-none-eabi/4.8.4/../../../../arm-none-eabi/lib/armv6-m/crt0.o
                0x00000470                _start
                0x00000470                _mainCRTStartup
 .text          0x000004e8       0x18 ./Project_Settings/Startup_Code/startup_MKL26Z4.o
                0x000004e8                Reset_Handler
                0x000004f8                HardFault_Handler
                0x000004f8                SysTick_Handler
                0x000004f8                PendSV_Handler
                0x000004f8                NMI_Handler
                0x000004f8                PORTC_PORTD_IRQHandler
                0x000004f8                I2C1_IRQHandler
                0x000004f8                UART1_IRQHandler
                0x000004f8                DMA2_IRQHandler
                0x000004f8                TPM0_IRQHandler
                0x000004f8                I2S0_IRQHandler
                0x000004f8                LLWU_IRQHandler
                0x000004f8                TSI0_IRQHandler
                0x000004f8                UART0_IRQHandler
                0x000004f8                ADC0_IRQHandler
                0x000004f8                DefaultISR
                0x000004f8                TPM2_IRQHandler
                0x000004f8                RTC_IRQHandler
                0x000004f8                I2C0_IRQHandler
                0x000004f8                RTC_Seconds_IRQHandler
                0x000004f8                MCG_IRQHandler
                0x000004f8                UART2_IRQHandler
                0x000004f8                Reserved20_IRQHandler
                0x000004f8                USB0_IRQHandler
                0x000004f8                PIT_IRQHandler
                0x000004f8                SVC_Handler
                0x000004f8                DMA3_IRQHandler
                0x000004f8                DMA0_IRQHandler
                0x000004f8                DAC0_IRQHandler
                0x000004f8                Reserved45_IRQHandler
                0x000004f8                TPM1_IRQHandler
                0x000004f8                LVD_LVW_IRQHandler
                0x000004f8                PORTA_IRQHandler
                0x000004f8                FTFA_IRQHandler
                0x000004f8                LPTMR0_IRQHandler
                0x000004f8                CMP0_IRQHandler
                0x000004f8                DMA1_IRQHandler
 .text          0x00000500       0x9c c:/freescale/kds_3.0.0/toolchain/bin/../lib/gcc/arm-none-eabi/4.8.4/armv6-m\libgcc.a(_udivsi3.o)
                0x00000500                __aeabi_uidiv
                0x00000500                __udivsi3
                0x00000588                __aeabi_uidivmod
 .text          0x0000059c       0xc0 c:/freescale/kds_3.0.0/toolchain/bin/../lib/gcc/arm-none-eabi/4.8.4/armv6-m\libgcc.a(_divsi3.o)
                0x0000059c                __divsi3
                0x0000059c                __aeabi_idiv
                0x00000648                __aeabi_idivmod
 .text          0x0000065c        0x4 c:/freescale/kds_3.0.0/toolchain/bin/../lib/gcc/arm-none-eabi/4.8.4/armv6-m\libgcc.a(_dvmd_tls.o)
                0x0000065c                __aeabi_idiv0
                0x0000065c                __aeabi_ldiv0
 *(.text*)
 .text.UART_HAL_EnableTransmitter
                0x00000660       0x1c ./Utilities/fsl_debug_console.o
 .text.UART_HAL_EnableReceiver
                0x0000067c       0x1c ./Utilities/fsl_debug_console.o
 .text.UART_HAL_SetBitCountPerChar
                0x00000698       0x28 ./Utilities/fsl_debug_console.o
 .text.UART_HAL_SetStopBitCount
                0x000006c0       0x28 ./Utilities/fsl_debug_console.o
 .text.LPSCI_HAL_EnableTransmitter
                0x000006e8       0x1c ./Utilities/fsl_debug_console.o
 .text.LPSCI_HAL_EnableReceiver
                0x00000704       0x1c ./Utilities/fsl_debug_console.o
 .text.LPSCI_HAL_SetBitCountPerChar
                0x00000720       0x28 ./Utilities/fsl_debug_console.o
 .text.LPSCI_HAL_SetStopBitCount
                0x00000748       0x28 ./Utilities/fsl_debug_console.o
 .text.DbgConsole_Init
                0x00000770      0x160 ./Utilities/fsl_debug_console.o
                0x00000770                DbgConsole_Init
 .text._write   0x000008d0       0x5c ./Utilities/fsl_debug_console.o
                0x000008d0                _write
 .text._read    0x0000092c       0x48 ./Utilities/fsl_debug_console.o
                0x0000092c                _read
 .text.debug_printf
                0x00000974       0x4c ./Utilities/fsl_debug_console.o
                0x00000974                debug_printf
 .text.debug_putc
                0x000009c0       0x44 ./Utilities/fsl_debug_console.o
 .text.debug_getchar
                0x00000a04       0x38 ./Utilities/fsl_debug_console.o
                0x00000a04                debug_getchar
 .text._doprint
                0x00000a3c      0x6e4 ./Utilities/print_scan.o
                0x00000a3c                _doprint
 .text.mknumstr
                0x00001120      0x110 ./Utilities/print_scan.o
 .text.fput_pad
                0x00001230       0x44 ./Utilities/print_scan.o
 .text.init_data_bss
                0x00001274       0xc8 ./Project_Settings/Startup_Code/startup.o
                0x00001274                init_data_bss
 .text.SystemInit
                0x0000133c       0x38 ./Project_Settings/Startup_Code/system_MKL26Z4.o
                0x0000133c                SystemInit
 .text.PORT_HAL_SetMuxMode
                0x00001374       0x4c ./Board/board.o
 .text.CLOCK_HAL_SetLpsciSrc
                0x000013c0       0x30 ./Board/board.o
 .text.CLOCK_SYS_SetLpsciSrc
                0x000013f0       0x2c ./Board/board.o
 .text.SMC_HAL_SetProtection
                0x0000141c       0x1c ./Board/board.o
 .text.BOARD_InitOsc0
                0x00001438       0x40 ./Board/board.o
                0x00001438                BOARD_InitOsc0
 .text.BOARD_InitRtcOsc
                0x00001478       0x3c ./Board/board.o
                0x00001478                BOARD_InitRtcOsc
 .text.BOARD_ClockInit
                0x000014b4       0x48 ./Board/board.o
                0x000014b4                BOARD_ClockInit
 .text.dbg_uart_init
                0x000014fc       0x24 ./Board/board.o
                0x000014fc                dbg_uart_init
 .text.PORT_HAL_SetMuxMode
                0x00001520       0x4c ./Board/pin_mux.o
 .text.configure_lpsci_pins
                0x0000156c       0x34 ./Board/pin_mux.o
                0x0000156c                configure_lpsci_pins
 .text.configure_spi_pins
                0x000015a0       0x88 ./Board/pin_mux.o
                0x000015a0                configure_spi_pins
 .text.SPI0_IRQHandler
                0x00001628       0x10 ./fsl_spi_irq.o
                0x00001628                SPI0_IRQHandler
 .text.SPI1_IRQHandler
                0x00001638       0x10 ./fsl_spi_irq.o
                0x00001638                SPI1_IRQHandler
 .text.hardware_init
                0x00001648       0x30 ./hardware_init.o
                0x00001648                hardware_init
 .text.main     0x00001678      0x1f4 ./main.o
                0x00001678                main
 .text.UART_HAL_SetBaudRate
                0x0000186c       0x6c C:/Freescale/KSDK_1.3.0/lib/ksdk_platform_lib/kds/KL26Z4/debug/libksdk_platform.a(fsl_uart_hal.o)
                0x0000186c                UART_HAL_SetBaudRate
 .text.UART_HAL_SetParityMode
                0x000018d8       0x40 C:/Freescale/KSDK_1.3.0/lib/ksdk_platform_lib/kds/KL26Z4/debug/libksdk_platform.a(fsl_uart_hal.o)
                0x000018d8                UART_HAL_SetParityMode
 .text.UART_HAL_Putchar
                0x00001918       0x34 C:/Freescale/KSDK_1.3.0/lib/ksdk_platform_lib/kds/KL26Z4/debug/libksdk_platform.a(fsl_uart_hal.o)
                0x00001918                UART_HAL_Putchar
 .text.UART_HAL_Getchar
                0x0000194c       0x34 C:/Freescale/KSDK_1.3.0/lib/ksdk_platform_lib/kds/KL26Z4/debug/libksdk_platform.a(fsl_uart_hal.o)
                0x0000194c                UART_HAL_Getchar
 .text.UART_HAL_SendDataPolling
                0x00001980       0x44 C:/Freescale/KSDK_1.3.0/lib/ksdk_platform_lib/kds/KL26Z4/debug/libksdk_platform.a(fsl_uart_hal.o)
                0x00001980                UART_HAL_SendDataPolling
 .text.UART_HAL_ReceiveDataPolling
                0x000019c4       0xa4 C:/Freescale/KSDK_1.3.0/lib/ksdk_platform_lib/kds/KL26Z4/debug/libksdk_platform.a(fsl_uart_hal.o)
                0x000019c4                UART_HAL_ReceiveDataPolling
 .text.NVIC_EnableIRQ
                0x00001a68       0x2c C:/Freescale/KSDK_1.3.0/lib/ksdk_platform_lib/kds/KL26Z4/debug/libksdk_platform.a(fsl_spi_master_driver.o)
 .text.SPI_HAL_Enable
                0x00001a94       0x1c C:/Freescale/KSDK_1.3.0/lib/ksdk_platform_lib/kds/KL26Z4/debug/libksdk_platform.a(fsl_spi_master_driver.o)
 .text.SPI_HAL_Disable
                0x00001ab0       0x1c C:/Freescale/KSDK_1.3.0/lib/ksdk_platform_lib/kds/KL26Z4/debug/libksdk_platform.a(fsl_spi_master_driver.o)
 .text.SPI_HAL_SetMasterSlave
                0x00001acc       0x28 C:/Freescale/KSDK_1.3.0/lib/ksdk_platform_lib/kds/KL26Z4/debug/libksdk_platform.a(fsl_spi_master_driver.o)
 .text.SPI_HAL_Set8or16BitMode
                0x00001af4       0x28 C:/Freescale/KSDK_1.3.0/lib/ksdk_platform_lib/kds/KL26Z4/debug/libksdk_platform.a(fsl_spi_master_driver.o)
 .text.SPI_HAL_Get8or16BitMode
                0x00001b1c       0x20 C:/Freescale/KSDK_1.3.0/lib/ksdk_platform_lib/kds/KL26Z4/debug/libksdk_platform.a(fsl_spi_master_driver.o)
 .text.SPI_HAL_IsReadBuffFullPending
                0x00001b3c       0x20 C:/Freescale/KSDK_1.3.0/lib/ksdk_platform_lib/kds/KL26Z4/debug/libksdk_platform.a(fsl_spi_master_driver.o)
 .text.SPI_HAL_IsTxBuffEmptyPending
                0x00001b5c       0x24 C:/Freescale/KSDK_1.3.0/lib/ksdk_platform_lib/kds/KL26Z4/debug/libksdk_platform.a(fsl_spi_master_driver.o)
 .text.SPI_HAL_ReadDataHigh
                0x00001b80       0x18 C:/Freescale/KSDK_1.3.0/lib/ksdk_platform_lib/kds/KL26Z4/debug/libksdk_platform.a(fsl_spi_master_driver.o)
 .text.SPI_HAL_ReadDataLow
                0x00001b98       0x18 C:/Freescale/KSDK_1.3.0/lib/ksdk_platform_lib/kds/KL26Z4/debug/libksdk_platform.a(fsl_spi_master_driver.o)
 .text.SPI_HAL_WriteDataHigh
                0x00001bb0       0x1c C:/Freescale/KSDK_1.3.0/lib/ksdk_platform_lib/kds/KL26Z4/debug/libksdk_platform.a(fsl_spi_master_driver.o)
 .text.SPI_HAL_WriteDataLow
                0x00001bcc       0x1c C:/Freescale/KSDK_1.3.0/lib/ksdk_platform_lib/kds/KL26Z4/debug/libksdk_platform.a(fsl_spi_master_driver.o)
 .text.SPI_HAL_GetFifoCmd
                0x00001be8       0x24 C:/Freescale/KSDK_1.3.0/lib/ksdk_platform_lib/kds/KL26Z4/debug/libksdk_platform.a(fsl_spi_master_driver.o)
 .text.SPI_HAL_GetFifoStatusFlag
                0x00001c0c       0x34 C:/Freescale/KSDK_1.3.0/lib/ksdk_platform_lib/kds/KL26Z4/debug/libksdk_platform.a(fsl_spi_master_driver.o)
 .text.INT_SYS_EnableIRQ
                0x00001c40       0x5c C:/Freescale/KSDK_1.3.0/lib/ksdk_platform_lib/kds/KL26Z4/debug/libksdk_platform.a(fsl_spi_master_driver.o)
 .text.SPI_DRV_MasterInit
                0x00001c9c       0xc8 C:/Freescale/KSDK_1.3.0/lib/ksdk_platform_lib/kds/KL26Z4/debug/libksdk_platform.a(fsl_spi_master_driver.o)
                0x00001c9c                SPI_DRV_MasterInit
 .text.SPI_DRV_MasterConfigureBus
                0x00001d64       0x88 C:/Freescale/KSDK_1.3.0/lib/ksdk_platform_lib/kds/KL26Z4/debug/libksdk_platform.a(fsl_spi_master_driver.o)
                0x00001d64                SPI_DRV_MasterConfigureBus
 .text.SPI_DRV_MasterTransferBlocking
                0x00001dec      0x100 C:/Freescale/KSDK_1.3.0/lib/ksdk_platform_lib/kds/KL26Z4/debug/libksdk_platform.a(fsl_spi_master_driver.o)
                0x00001dec                SPI_DRV_MasterTransferBlocking
 .text.SPI_DRV_MasterStartTransfer
                0x00001eec      0x22c C:/Freescale/KSDK_1.3.0/lib/ksdk_platform_lib/kds/KL26Z4/debug/libksdk_platform.a(fsl_spi_master_driver.o)
 .text.SPI_DRV_MasterFillupTxFifo
                0x00002118      0x198 C:/Freescale/KSDK_1.3.0/lib/ksdk_platform_lib/kds/KL26Z4/debug/libksdk_platform.a(fsl_spi_master_driver.o)
 .text.SPI_DRV_MasterCompleteTransfer
                0x000022b0       0x84 C:/Freescale/KSDK_1.3.0/lib/ksdk_platform_lib/kds/KL26Z4/debug/libksdk_platform.a(fsl_spi_master_driver.o)
 .text.SPI_DRV_MasterIRQHandler
                0x00002334      0x3b0 C:/Freescale/KSDK_1.3.0/lib/ksdk_platform_lib/kds/KL26Z4/debug/libksdk_platform.a(fsl_spi_master_driver.o)
                0x00002334                SPI_DRV_MasterIRQHandler
 .text.SPI_HAL_IsMaster
                0x000026e4       0x24 C:/Freescale/KSDK_1.3.0/lib/ksdk_platform_lib/kds/KL26Z4/debug/libksdk_platform.a(fsl_spi_shared_function.o)
 .text.SPI_DRV_IRQHandler
                0x00002708       0x5c C:/Freescale/KSDK_1.3.0/lib/ksdk_platform_lib/kds/KL26Z4/debug/libksdk_platform.a(fsl_spi_shared_function.o)
                0x00002708                SPI_DRV_IRQHandler
 .text.LPSCI_HAL_Putchar
                0x00002764       0x1c C:/Freescale/KSDK_1.3.0/lib/ksdk_platform_lib/kds/KL26Z4/debug/libksdk_platform.a(fsl_lpsci_hal.o)
 .text.LPSCI_HAL_Getchar
                0x00002780       0x1c C:/Freescale/KSDK_1.3.0/lib/ksdk_platform_lib/kds/KL26Z4/debug/libksdk_platform.a(fsl_lpsci_hal.o)
 .text.LPSCI_HAL_SetBaudRate
                0x0000279c      0x14c C:/Freescale/KSDK_1.3.0/lib/ksdk_platform_lib/kds/KL26Z4/debug/libksdk_platform.a(fsl_lpsci_hal.o)
                0x0000279c                LPSCI_HAL_SetBaudRate
 .text.LPSCI_HAL_SetParityMode
                0x000028e8       0x40 C:/Freescale/KSDK_1.3.0/lib/ksdk_platform_lib/kds/KL26Z4/debug/libksdk_platform.a(fsl_lpsci_hal.o)
                0x000028e8                LPSCI_HAL_SetParityMode
 .text.LPSCI_HAL_SendDataPolling
                0x00002928       0x44 C:/Freescale/KSDK_1.3.0/lib/ksdk_platform_lib/kds/KL26Z4/debug/libksdk_platform.a(fsl_lpsci_hal.o)
                0x00002928                LPSCI_HAL_SendDataPolling
 .text.LPSCI_HAL_ReceiveDataPolling
                0x0000296c       0x88 C:/Freescale/KSDK_1.3.0/lib/ksdk_platform_lib/kds/KL26Z4/debug/libksdk_platform.a(fsl_lpsci_hal.o)
                0x0000296c                LPSCI_HAL_ReceiveDataPolling
 .text.SIM_HAL_EnableClock
                0x000029f4       0x58 C:/Freescale/KSDK_1.3.0/lib/ksdk_platform_lib/kds/KL26Z4/debug/libksdk_platform.a(fsl_clock_MKL26Z4.o)
 .text.CLOCK_HAL_GetLpsciSrc
                0x00002a4c       0x28 C:/Freescale/KSDK_1.3.0/lib/ksdk_platform_lib/kds/KL26Z4/debug/libksdk_platform.a(fsl_clock_MKL26Z4.o)
 .text.CLOCK_HAL_SetExternalRefClock32kSrc
                0x00002a74       0x28 C:/Freescale/KSDK_1.3.0/lib/ksdk_platform_lib/kds/KL26Z4/debug/libksdk_platform.a(fsl_clock_MKL26Z4.o)
 .text.CLOCK_HAL_SetPllfllSel
                0x00002a9c       0x2c C:/Freescale/KSDK_1.3.0/lib/ksdk_platform_lib/kds/KL26Z4/debug/libksdk_platform.a(fsl_clock_MKL26Z4.o)
 .text.CLOCK_HAL_GetPllfllSel
                0x00002ac8       0x24 C:/Freescale/KSDK_1.3.0/lib/ksdk_platform_lib/kds/KL26Z4/debug/libksdk_platform.a(fsl_clock_MKL26Z4.o)
 .text.CLOCK_HAL_GetOutDiv1
                0x00002aec       0x28 C:/Freescale/KSDK_1.3.0/lib/ksdk_platform_lib/kds/KL26Z4/debug/libksdk_platform.a(fsl_clock_MKL26Z4.o)
 .text.CLOCK_HAL_GetOutDiv4
                0x00002b14       0x28 C:/Freescale/KSDK_1.3.0/lib/ksdk_platform_lib/kds/KL26Z4/debug/libksdk_platform.a(fsl_clock_MKL26Z4.o)
 .text.OSC_HAL_GetExternalRefClkCmd
                0x00002b3c       0x24 C:/Freescale/KSDK_1.3.0/lib/ksdk_platform_lib/kds/KL26Z4/debug/libksdk_platform.a(fsl_clock_MKL26Z4.o)
 .text.CLOCK_SYS_SetSimConfigration
                0x00002b60       0x48 C:/Freescale/KSDK_1.3.0/lib/ksdk_platform_lib/kds/KL26Z4/debug/libksdk_platform.a(fsl_clock_MKL26Z4.o)
                0x00002b60                CLOCK_SYS_SetSimConfigration
 .text.CLOCK_SYS_SetConfiguration
                0x00002ba8       0x74 C:/Freescale/KSDK_1.3.0/lib/ksdk_platform_lib/kds/KL26Z4/debug/libksdk_platform.a(fsl_clock_MKL26Z4.o)
                0x00002ba8                CLOCK_SYS_SetConfiguration
 .text.CLOCK_SYS_GetCoreClockFreq
                0x00002c1c       0x34 C:/Freescale/KSDK_1.3.0/lib/ksdk_platform_lib/kds/KL26Z4/debug/libksdk_platform.a(fsl_clock_MKL26Z4.o)
                0x00002c1c                CLOCK_SYS_GetCoreClockFreq
 .text.CLOCK_SYS_GetSystemClockFreq
                0x00002c50       0x34 C:/Freescale/KSDK_1.3.0/lib/ksdk_platform_lib/kds/KL26Z4/debug/libksdk_platform.a(fsl_clock_MKL26Z4.o)
                0x00002c50                CLOCK_SYS_GetSystemClockFreq
 .text.CLOCK_SYS_GetBusClockFreq
                0x00002c84       0x2c C:/Freescale/KSDK_1.3.0/lib/ksdk_platform_lib/kds/KL26Z4/debug/libksdk_platform.a(fsl_clock_MKL26Z4.o)
                0x00002c84                CLOCK_SYS_GetBusClockFreq
 .text.CLOCK_SYS_GetPllFllClockFreq
                0x00002cb0       0x5c C:/Freescale/KSDK_1.3.0/lib/ksdk_platform_lib/kds/KL26Z4/debug/libksdk_platform.a(fsl_clock_MKL26Z4.o)
                0x00002cb0                CLOCK_SYS_GetPllFllClockFreq
 .text.CLOCK_SYS_GetOsc0ExternalRefClockFreq
                0x00002d0c       0x2c C:/Freescale/KSDK_1.3.0/lib/ksdk_platform_lib/kds/KL26Z4/debug/libksdk_platform.a(fsl_clock_MKL26Z4.o)
                0x00002d0c                CLOCK_SYS_GetOsc0ExternalRefClockFreq
 .text.CLOCK_SYS_GetSpiFreq
                0x00002d38       0x38 C:/Freescale/KSDK_1.3.0/lib/ksdk_platform_lib/kds/KL26Z4/debug/libksdk_platform.a(fsl_clock_MKL26Z4.o)
                0x00002d38                CLOCK_SYS_GetSpiFreq
 .text.CLOCK_SYS_GetLpsciFreq
                0x00002d70       0x68 C:/Freescale/KSDK_1.3.0/lib/ksdk_platform_lib/kds/KL26Z4/debug/libksdk_platform.a(fsl_clock_MKL26Z4.o)
                0x00002d70                CLOCK_SYS_GetLpsciFreq
 .text.CLOCK_SYS_GetUartFreq
                0x00002dd8       0x2c C:/Freescale/KSDK_1.3.0/lib/ksdk_platform_lib/kds/KL26Z4/debug/libksdk_platform.a(fsl_clock_MKL26Z4.o)
                0x00002dd8                CLOCK_SYS_GetUartFreq
 .text.CLOCK_SYS_EnablePortClock
                0x00002e04       0x4c C:/Freescale/KSDK_1.3.0/lib/ksdk_platform_lib/kds/KL26Z4/debug/libksdk_platform.a(fsl_clock_MKL26Z4.o)
                0x00002e04                CLOCK_SYS_EnablePortClock
 .text.CLOCK_SYS_EnableSpiClock
                0x00002e50       0x48 C:/Freescale/KSDK_1.3.0/lib/ksdk_platform_lib/kds/KL26Z4/debug/libksdk_platform.a(fsl_clock_MKL26Z4.o)
                0x00002e50                CLOCK_SYS_EnableSpiClock
 .text.CLOCK_SYS_EnableLpsciClock
                0x00002e98       0x40 C:/Freescale/KSDK_1.3.0/lib/ksdk_platform_lib/kds/KL26Z4/debug/libksdk_platform.a(fsl_clock_MKL26Z4.o)
                0x00002e98                CLOCK_SYS_EnableLpsciClock
 .text.CLOCK_SYS_EnableUartClock
                0x00002ed8       0x4c C:/Freescale/KSDK_1.3.0/lib/ksdk_platform_lib/kds/KL26Z4/debug/libksdk_platform.a(fsl_clock_MKL26Z4.o)
                0x00002ed8                CLOCK_SYS_EnableUartClock
 .text.SIM_HAL_EnableClock
                0x00002f24       0x58 C:/Freescale/KSDK_1.3.0/lib/ksdk_platform_lib/kds/KL26Z4/debug/libksdk_platform.a(fsl_clock_manager.o)
 .text.CLOCK_HAL_SetClkOutSrc
                0x00002f7c       0x28 C:/Freescale/KSDK_1.3.0/lib/ksdk_platform_lib/kds/KL26Z4/debug/libksdk_platform.a(fsl_clock_manager.o)
 .text.CLOCK_HAL_GetClkOutStat
                0x00002fa4       0x20 C:/Freescale/KSDK_1.3.0/lib/ksdk_platform_lib/kds/KL26Z4/debug/libksdk_platform.a(fsl_clock_manager.o)
 .text.CLOCK_HAL_SetInternalRefClkEnableCmd
                0x00002fc4       0x28 C:/Freescale/KSDK_1.3.0/lib/ksdk_platform_lib/kds/KL26Z4/debug/libksdk_platform.a(fsl_clock_manager.o)
 .text.CLOCK_HAL_SetInternalRefClkEnableInStopCmd
                0x00002fec       0x24 C:/Freescale/KSDK_1.3.0/lib/ksdk_platform_lib/kds/KL26Z4/debug/libksdk_platform.a(fsl_clock_manager.o)
 .text.CLOCK_HAL_SetInternalRefClkMode
                0x00003010       0x24 C:/Freescale/KSDK_1.3.0/lib/ksdk_platform_lib/kds/KL26Z4/debug/libksdk_platform.a(fsl_clock_manager.o)
 .text.CLOCK_HAL_GetInternalRefClkMode
                0x00003034       0x20 C:/Freescale/KSDK_1.3.0/lib/ksdk_platform_lib/kds/KL26Z4/debug/libksdk_platform.a(fsl_clock_manager.o)
 .text.CLOCK_HAL_SetPll0EnableCmd
                0x00003054       0x28 C:/Freescale/KSDK_1.3.0/lib/ksdk_platform_lib/kds/KL26Z4/debug/libksdk_platform.a(fsl_clock_manager.o)
 .text.CLOCK_HAL_IsOsc0Stable
                0x0000307c       0x24 C:/Freescale/KSDK_1.3.0/lib/ksdk_platform_lib/kds/KL26Z4/debug/libksdk_platform.a(fsl_clock_manager.o)
 .text.OSC_HAL_SetExternalRefClkCmd
                0x000030a0       0x28 C:/Freescale/KSDK_1.3.0/lib/ksdk_platform_lib/kds/KL26Z4/debug/libksdk_platform.a(fsl_clock_manager.o)
 .text.OSC_HAL_SetExternalRefClkInStopModeCmd
                0x000030c8       0x28 C:/Freescale/KSDK_1.3.0/lib/ksdk_platform_lib/kds/KL26Z4/debug/libksdk_platform.a(fsl_clock_manager.o)
 .text.CLOCK_SYS_EnableRtcClock
                0x000030f0       0x1c C:/Freescale/KSDK_1.3.0/lib/ksdk_platform_lib/kds/KL26Z4/debug/libksdk_platform.a(fsl_clock_manager.o)
 .text.RTC_HAL_SetOsc2pfLoadCmd
                0x0000310c       0x28 C:/Freescale/KSDK_1.3.0/lib/ksdk_platform_lib/kds/KL26Z4/debug/libksdk_platform.a(fsl_clock_manager.o)
 .text.RTC_HAL_SetOsc4pfLoadCmd
                0x00003134       0x28 C:/Freescale/KSDK_1.3.0/lib/ksdk_platform_lib/kds/KL26Z4/debug/libksdk_platform.a(fsl_clock_manager.o)
 .text.RTC_HAL_SetOsc8pfLoadCmd
                0x0000315c       0x28 C:/Freescale/KSDK_1.3.0/lib/ksdk_platform_lib/kds/KL26Z4/debug/libksdk_platform.a(fsl_clock_manager.o)
 .text.RTC_HAL_SetOsc16pfLoadCmd
                0x00003184       0x28 C:/Freescale/KSDK_1.3.0/lib/ksdk_platform_lib/kds/KL26Z4/debug/libksdk_platform.a(fsl_clock_manager.o)
 .text.RTC_HAL_SetOscillatorCmd
                0x000031ac       0x28 C:/Freescale/KSDK_1.3.0/lib/ksdk_platform_lib/kds/KL26Z4/debug/libksdk_platform.a(fsl_clock_manager.o)
 .text.RTC_HAL_IsOscillatorEnabled
                0x000031d4       0x24 C:/Freescale/KSDK_1.3.0/lib/ksdk_platform_lib/kds/KL26Z4/debug/libksdk_platform.a(fsl_clock_manager.o)
 .text.CLOCK_SYS_FllStableDelay
                0x000031f8       0x24 C:/Freescale/KSDK_1.3.0/lib/ksdk_platform_lib/kds/KL26Z4/debug/libksdk_platform.a(fsl_clock_manager.o)
 .text.CLOCK_SYS_McgModeToIdx
                0x0000321c       0x6c C:/Freescale/KSDK_1.3.0/lib/ksdk_platform_lib/kds/KL26Z4/debug/libksdk_platform.a(fsl_clock_manager.o)
 .text.CLOCK_SYS_SetMcgMode
                0x00003288      0x210 C:/Freescale/KSDK_1.3.0/lib/ksdk_platform_lib/kds/KL26Z4/debug/libksdk_platform.a(fsl_clock_manager.o)
                0x00003288                CLOCK_SYS_SetMcgMode
 .text.CLOCK_SYS_OscInit
                0x00003498       0xf0 C:/Freescale/KSDK_1.3.0/lib/ksdk_platform_lib/kds/KL26Z4/debug/libksdk_platform.a(fsl_clock_manager.o)
                0x00003498                CLOCK_SYS_OscInit
 .text.CLOCK_SYS_SetOscerConfigration
                0x00003588       0x3c C:/Freescale/KSDK_1.3.0/lib/ksdk_platform_lib/kds/KL26Z4/debug/libksdk_platform.a(fsl_clock_manager.o)
                0x00003588                CLOCK_SYS_SetOscerConfigration
 .text.CLOCK_SYS_RtcOscInit
                0x000035c4       0xb0 C:/Freescale/KSDK_1.3.0/lib/ksdk_platform_lib/kds/KL26Z4/debug/libksdk_platform.a(fsl_clock_manager.o)
                0x000035c4                CLOCK_SYS_RtcOscInit
 .text.SIM_HAL_EnableClock
                0x00003674       0x58 C:/Freescale/KSDK_1.3.0/lib/ksdk_platform_lib/kds/KL26Z4/debug/libksdk_platform.a(fsl_os_abstraction_bm.o)
 .text.CLOCK_SYS_EnableLptmrClock
                0x000036cc       0x1c C:/Freescale/KSDK_1.3.0/lib/ksdk_platform_lib/kds/KL26Z4/debug/libksdk_platform.a(fsl_os_abstraction_bm.o)
 .text.LPTMR_HAL_Enable
                0x000036e8       0x1c C:/Freescale/KSDK_1.3.0/lib/ksdk_platform_lib/kds/KL26Z4/debug/libksdk_platform.a(fsl_os_abstraction_bm.o)
 .text.LPTMR_HAL_Disable
                0x00003704       0x1c C:/Freescale/KSDK_1.3.0/lib/ksdk_platform_lib/kds/KL26Z4/debug/libksdk_platform.a(fsl_os_abstraction_bm.o)
 .text.LPTMR_HAL_SetIntCmd
                0x00003720       0x24 C:/Freescale/KSDK_1.3.0/lib/ksdk_platform_lib/kds/KL26Z4/debug/libksdk_platform.a(fsl_os_abstraction_bm.o)
 .text.OSA_TimeInit
                0x00003744       0x60 C:/Freescale/KSDK_1.3.0/lib/ksdk_platform_lib/kds/KL26Z4/debug/libksdk_platform.a(fsl_os_abstraction_bm.o)
                0x00003744                OSA_TimeInit
 .text.OSA_TimeDiff
                0x000037a4       0x30 C:/Freescale/KSDK_1.3.0/lib/ksdk_platform_lib/kds/KL26Z4/debug/libksdk_platform.a(fsl_os_abstraction_bm.o)
                0x000037a4                OSA_TimeDiff
 .text.OSA_SemaCreate
                0x000037d4       0x54 C:/Freescale/KSDK_1.3.0/lib/ksdk_platform_lib/kds/KL26Z4/debug/libksdk_platform.a(fsl_os_abstraction_bm.o)
                0x000037d4                OSA_SemaCreate
 .text.OSA_SemaWait
                0x00003828       0xc8 C:/Freescale/KSDK_1.3.0/lib/ksdk_platform_lib/kds/KL26Z4/debug/libksdk_platform.a(fsl_os_abstraction_bm.o)
                0x00003828                OSA_SemaWait
 .text.OSA_SemaPost
                0x000038f0       0x58 C:/Freescale/KSDK_1.3.0/lib/ksdk_platform_lib/kds/KL26Z4/debug/libksdk_platform.a(fsl_os_abstraction_bm.o)
                0x000038f0                OSA_SemaPost
 .text.OSA_EventSet
                0x00003948       0x4c C:/Freescale/KSDK_1.3.0/lib/ksdk_platform_lib/kds/KL26Z4/debug/libksdk_platform.a(fsl_os_abstraction_bm.o)
                0x00003948                OSA_EventSet
 .text.task_init
                0x00003994       0x60 C:/Freescale/KSDK_1.3.0/lib/ksdk_platform_lib/kds/KL26Z4/debug/libksdk_platform.a(fsl_os_abstraction_bm.o)
                0x00003994                task_init
 .text.OSA_TimeDelay
                0x000039f4       0x34 C:/Freescale/KSDK_1.3.0/lib/ksdk_platform_lib/kds/KL26Z4/debug/libksdk_platform.a(fsl_os_abstraction_bm.o)
                0x000039f4                OSA_TimeDelay
 .text.OSA_TimeGetMsec
                0x00003a28       0x18 C:/Freescale/KSDK_1.3.0/lib/ksdk_platform_lib/kds/KL26Z4/debug/libksdk_platform.a(fsl_os_abstraction_bm.o)
                0x00003a28                OSA_TimeGetMsec
 .text.OSA_Init
                0x00003a40       0x14 C:/Freescale/KSDK_1.3.0/lib/ksdk_platform_lib/kds/KL26Z4/debug/libksdk_platform.a(fsl_os_abstraction_bm.o)
                0x00003a40                OSA_Init
 .text.SPI_HAL_Init
                0x00003a54       0x2c C:/Freescale/KSDK_1.3.0/lib/ksdk_platform_lib/kds/KL26Z4/debug/libksdk_platform.a(fsl_spi_hal.o)
                0x00003a54                SPI_HAL_Init
 .text.SPI_HAL_SetBaud
                0x00003a80       0xd4 C:/Freescale/KSDK_1.3.0/lib/ksdk_platform_lib/kds/KL26Z4/debug/libksdk_platform.a(fsl_spi_hal.o)
                0x00003a80                SPI_HAL_SetBaud
 .text.SPI_HAL_SetSlaveSelectOutputMode
                0x00003b54       0x4c C:/Freescale/KSDK_1.3.0/lib/ksdk_platform_lib/kds/KL26Z4/debug/libksdk_platform.a(fsl_spi_hal.o)
                0x00003b54                SPI_HAL_SetSlaveSelectOutputMode
 .text.SPI_HAL_SetDataFormat
                0x00003ba0       0x58 C:/Freescale/KSDK_1.3.0/lib/ksdk_platform_lib/kds/KL26Z4/debug/libksdk_platform.a(fsl_spi_hal.o)
                0x00003ba0                SPI_HAL_SetDataFormat
 .text.SPI_HAL_SetPinMode
                0x00003bf8       0x48 C:/Freescale/KSDK_1.3.0/lib/ksdk_platform_lib/kds/KL26Z4/debug/libksdk_platform.a(fsl_spi_hal.o)
                0x00003bf8                SPI_HAL_SetPinMode
 .text.SPI_HAL_SetIntMode
                0x00003c40       0x68 C:/Freescale/KSDK_1.3.0/lib/ksdk_platform_lib/kds/KL26Z4/debug/libksdk_platform.a(fsl_spi_hal.o)
                0x00003c40                SPI_HAL_SetIntMode
 .text.SPI_HAL_SetFifoMode
                0x00003ca8       0x58 C:/Freescale/KSDK_1.3.0/lib/ksdk_platform_lib/kds/KL26Z4/debug/libksdk_platform.a(fsl_spi_hal.o)
                0x00003ca8                SPI_HAL_SetFifoMode
 .text.SPI_HAL_SetFifoIntCmd
                0x00003d00       0x4c C:/Freescale/KSDK_1.3.0/lib/ksdk_platform_lib/kds/KL26Z4/debug/libksdk_platform.a(fsl_spi_hal.o)
                0x00003d00                SPI_HAL_SetFifoIntCmd
 .text.SPI_HAL_ClearFifoIntUsingBitWrite
                0x00003d4c       0x68 C:/Freescale/KSDK_1.3.0/lib/ksdk_platform_lib/kds/KL26Z4/debug/libksdk_platform.a(fsl_spi_hal.o)
                0x00003d4c                SPI_HAL_ClearFifoIntUsingBitWrite
 .text.SPI_HAL_Get8or16BitMode
                0x00003db4       0x20 C:/Freescale/KSDK_1.3.0/lib/ksdk_platform_lib/kds/KL26Z4/debug/libksdk_platform.a(fsl_spi_slave_driver.o)
 .text.SPI_HAL_IsReadBuffFullPending
                0x00003dd4       0x20 C:/Freescale/KSDK_1.3.0/lib/ksdk_platform_lib/kds/KL26Z4/debug/libksdk_platform.a(fsl_spi_slave_driver.o)
 .text.SPI_HAL_IsTxBuffEmptyPending
                0x00003df4       0x24 C:/Freescale/KSDK_1.3.0/lib/ksdk_platform_lib/kds/KL26Z4/debug/libksdk_platform.a(fsl_spi_slave_driver.o)
 .text.SPI_HAL_ReadDataHigh
                0x00003e18       0x18 C:/Freescale/KSDK_1.3.0/lib/ksdk_platform_lib/kds/KL26Z4/debug/libksdk_platform.a(fsl_spi_slave_driver.o)
 .text.SPI_HAL_ReadDataLow
                0x00003e30       0x18 C:/Freescale/KSDK_1.3.0/lib/ksdk_platform_lib/kds/KL26Z4/debug/libksdk_platform.a(fsl_spi_slave_driver.o)
 .text.SPI_HAL_WriteDataHigh
                0x00003e48       0x1c C:/Freescale/KSDK_1.3.0/lib/ksdk_platform_lib/kds/KL26Z4/debug/libksdk_platform.a(fsl_spi_slave_driver.o)
 .text.SPI_HAL_WriteDataLow
                0x00003e64       0x1c C:/Freescale/KSDK_1.3.0/lib/ksdk_platform_lib/kds/KL26Z4/debug/libksdk_platform.a(fsl_spi_slave_driver.o)
 .text.SPI_HAL_GetFifoCmd
                0x00003e80       0x24 C:/Freescale/KSDK_1.3.0/lib/ksdk_platform_lib/kds/KL26Z4/debug/libksdk_platform.a(fsl_spi_slave_driver.o)
 .text.SPI_HAL_GetFifoStatusFlag
                0x00003ea4       0x34 C:/Freescale/KSDK_1.3.0/lib/ksdk_platform_lib/kds/KL26Z4/debug/libksdk_platform.a(fsl_spi_slave_driver.o)
 .text.SPI_DRV_SlaveIRQHandler
                0x00003ed8      0x41c C:/Freescale/KSDK_1.3.0/lib/ksdk_platform_lib/kds/KL26Z4/debug/libksdk_platform.a(fsl_spi_slave_driver.o)
                0x00003ed8                SPI_DRV_SlaveIRQHandler
 .text.SPI_DRV_SlaveFillupTxFifo
                0x000042f4      0x174 C:/Freescale/KSDK_1.3.0/lib/ksdk_platform_lib/kds/KL26Z4/debug/libksdk_platform.a(fsl_spi_slave_driver.o)
 .text.SPI_DRV_SlaveCompleteTransfer
                0x00004468       0xac C:/Freescale/KSDK_1.3.0/lib/ksdk_platform_lib/kds/KL26Z4/debug/libksdk_platform.a(fsl_spi_slave_driver.o)
 .text.CLOCK_HAL_SetOutDiv
                0x00004514       0x50 C:/Freescale/KSDK_1.3.0/lib/ksdk_platform_lib/kds/KL26Z4/debug/libksdk_platform.a(fsl_sim_hal_MKL26Z4.o)
                0x00004514                CLOCK_HAL_SetOutDiv
 .text.OSC_HAL_SetCapacitor
                0x00004564       0x28 C:/Freescale/KSDK_1.3.0/lib/ksdk_platform_lib/kds/KL26Z4/debug/libksdk_platform.a(fsl_osc_hal.o)
                0x00004564                OSC_HAL_SetCapacitor
 .text.CLOCK_HAL_GetClkOutStat
                0x0000458c       0x20 C:/Freescale/KSDK_1.3.0/lib/ksdk_platform_lib/kds/KL26Z4/debug/libksdk_platform.a(fsl_mcg_hal.o)
 .text.CLOCK_HAL_SetInternalRefClkMode
                0x000045ac       0x24 C:/Freescale/KSDK_1.3.0/lib/ksdk_platform_lib/kds/KL26Z4/debug/libksdk_platform.a(fsl_mcg_hal.o)
 .text.CLOCK_HAL_GetInternalRefClkMode
                0x000045d0       0x20 C:/Freescale/KSDK_1.3.0/lib/ksdk_platform_lib/kds/KL26Z4/debug/libksdk_platform.a(fsl_mcg_hal.o)
 .text.CLOCK_HAL_IsPll0Locked
                0x000045f0       0x24 C:/Freescale/KSDK_1.3.0/lib/ksdk_platform_lib/kds/KL26Z4/debug/libksdk_platform.a(fsl_mcg_hal.o)
 .text.CLOCK_HAL_IsPllSelected
                0x00004614       0x24 C:/Freescale/KSDK_1.3.0/lib/ksdk_platform_lib/kds/KL26Z4/debug/libksdk_platform.a(fsl_mcg_hal.o)
 .text.CLOCK_HAL_IsOsc0Stable
                0x00004638       0x24 C:/Freescale/KSDK_1.3.0/lib/ksdk_platform_lib/kds/KL26Z4/debug/libksdk_platform.a(fsl_mcg_hal.o)
 .text.CLOCK_HAL_PrepareOsc
                0x0000465c       0x3c C:/Freescale/KSDK_1.3.0/lib/ksdk_platform_lib/kds/KL26Z4/debug/libksdk_platform.a(fsl_mcg_hal.o)
                0x0000465c                CLOCK_HAL_PrepareOsc
 .text.CLOCK_HAL_GetMcgExternalClkFreq
                0x00004698       0x18 C:/Freescale/KSDK_1.3.0/lib/ksdk_platform_lib/kds/KL26Z4/debug/libksdk_platform.a(fsl_mcg_hal.o)
 .text.CLOCK_HAL_TestFllExternalRefFreq
                0x000046b0       0x7c C:/Freescale/KSDK_1.3.0/lib/ksdk_platform_lib/kds/KL26Z4/debug/libksdk_platform.a(fsl_mcg_hal.o)
                0x000046b0                CLOCK_HAL_TestFllExternalRefFreq
 .text.CLOCK_HAL_GetFllRefClk
                0x0000472c       0x8c C:/Freescale/KSDK_1.3.0/lib/ksdk_platform_lib/kds/KL26Z4/debug/libksdk_platform.a(fsl_mcg_hal.o)
                0x0000472c                CLOCK_HAL_GetFllRefClk
 .text.CLOCK_HAL_TestFllFreq
                0x000047b8       0x6c C:/Freescale/KSDK_1.3.0/lib/ksdk_platform_lib/kds/KL26Z4/debug/libksdk_platform.a(fsl_mcg_hal.o)
                0x000047b8                CLOCK_HAL_TestFllFreq
 .text.CLOCK_HAL_GetFllClk
                0x00004824       0x7c C:/Freescale/KSDK_1.3.0/lib/ksdk_platform_lib/kds/KL26Z4/debug/libksdk_platform.a(fsl_mcg_hal.o)
                0x00004824                CLOCK_HAL_GetFllClk
 .text.CLOCK_HAL_UpdateFastClkInternalRefDiv
                0x000048a0       0xb8 C:/Freescale/KSDK_1.3.0/lib/ksdk_platform_lib/kds/KL26Z4/debug/libksdk_platform.a(fsl_mcg_hal.o)
                0x000048a0                CLOCK_HAL_UpdateFastClkInternalRefDiv
 .text.CLOCK_HAL_GetPll0RefFreq
                0x00004958       0x1c C:/Freescale/KSDK_1.3.0/lib/ksdk_platform_lib/kds/KL26Z4/debug/libksdk_platform.a(fsl_mcg_hal.o)
                0x00004958                CLOCK_HAL_GetPll0RefFreq
 .text.CLOCK_HAL_GetPll0Clk
                0x00004974       0x90 C:/Freescale/KSDK_1.3.0/lib/ksdk_platform_lib/kds/KL26Z4/debug/libksdk_platform.a(fsl_mcg_hal.o)
                0x00004974                CLOCK_HAL_GetPll0Clk
 .text.CLOCK_HAL_EnablePll0InFllMode
                0x00004a04       0x8c C:/Freescale/KSDK_1.3.0/lib/ksdk_platform_lib/kds/KL26Z4/debug/libksdk_platform.a(fsl_mcg_hal.o)
                0x00004a04                CLOCK_HAL_EnablePll0InFllMode
 .text.CLOCK_HAL_GetInternalRefClk
                0x00004a90       0x64 C:/Freescale/KSDK_1.3.0/lib/ksdk_platform_lib/kds/KL26Z4/debug/libksdk_platform.a(fsl_mcg_hal.o)
                0x00004a90                CLOCK_HAL_GetInternalRefClk
 .text.CLOCK_HAL_GetOutClk
                0x00004af4       0x7c C:/Freescale/KSDK_1.3.0/lib/ksdk_platform_lib/kds/KL26Z4/debug/libksdk_platform.a(fsl_mcg_hal.o)
                0x00004af4                CLOCK_HAL_GetOutClk
 .text.CLOCK_HAL_SetOsc0Mode
                0x00004b70       0x68 C:/Freescale/KSDK_1.3.0/lib/ksdk_platform_lib/kds/KL26Z4/debug/libksdk_platform.a(fsl_mcg_hal.o)
                0x00004b70                CLOCK_HAL_SetOsc0Mode
 .text.CLOCK_HAL_GetClkOutStat
                0x00004bd8       0x20 C:/Freescale/KSDK_1.3.0/lib/ksdk_platform_lib/kds/KL26Z4/debug/libksdk_platform.a(fsl_mcg_hal_modes.o)
 .text.CLOCK_HAL_GetFllSrc
                0x00004bf8       0x20 C:/Freescale/KSDK_1.3.0/lib/ksdk_platform_lib/kds/KL26Z4/debug/libksdk_platform.a(fsl_mcg_hal_modes.o)
 .text.CLOCK_HAL_GetInternalRefClkMode
                0x00004c18       0x20 C:/Freescale/KSDK_1.3.0/lib/ksdk_platform_lib/kds/KL26Z4/debug/libksdk_platform.a(fsl_mcg_hal_modes.o)
 .text.CLOCK_HAL_SetPll0EnableCmd
                0x00004c38       0x28 C:/Freescale/KSDK_1.3.0/lib/ksdk_platform_lib/kds/KL26Z4/debug/libksdk_platform.a(fsl_mcg_hal_modes.o)
 .text.CLOCK_HAL_IsPll0Locked
                0x00004c60       0x24 C:/Freescale/KSDK_1.3.0/lib/ksdk_platform_lib/kds/KL26Z4/debug/libksdk_platform.a(fsl_mcg_hal_modes.o)
 .text.CLOCK_HAL_IsPllSelected
                0x00004c84       0x24 C:/Freescale/KSDK_1.3.0/lib/ksdk_platform_lib/kds/KL26Z4/debug/libksdk_platform.a(fsl_mcg_hal_modes.o)
 .text.CLOCK_HAL_IsOsc0Stable
                0x00004ca8       0x24 C:/Freescale/KSDK_1.3.0/lib/ksdk_platform_lib/kds/KL26Z4/debug/libksdk_platform.a(fsl_mcg_hal_modes.o)
 .text.CLOCK_HAL_GetMcgMode
                0x00004ccc      0x148 C:/Freescale/KSDK_1.3.0/lib/ksdk_platform_lib/kds/KL26Z4/debug/libksdk_platform.a(fsl_mcg_hal_modes.o)
                0x00004ccc                CLOCK_HAL_GetMcgMode
 .text.CLOCK_HAL_SetFeiMode
                0x00004e14       0xf8 C:/Freescale/KSDK_1.3.0/lib/ksdk_platform_lib/kds/KL26Z4/debug/libksdk_platform.a(fsl_mcg_hal_modes.o)
                0x00004e14                CLOCK_HAL_SetFeiMode
 .text.CLOCK_HAL_SetFeeMode
                0x00004f0c      0x130 C:/Freescale/KSDK_1.3.0/lib/ksdk_platform_lib/kds/KL26Z4/debug/libksdk_platform.a(fsl_mcg_hal_modes.o)
                0x00004f0c                CLOCK_HAL_SetFeeMode
 .text.CLOCK_HAL_SetFbiMode
                0x0000503c      0x144 C:/Freescale/KSDK_1.3.0/lib/ksdk_platform_lib/kds/KL26Z4/debug/libksdk_platform.a(fsl_mcg_hal_modes.o)
                0x0000503c                CLOCK_HAL_SetFbiMode
 .text.CLOCK_HAL_SetFbeMode
                0x00005180      0x164 C:/Freescale/KSDK_1.3.0/lib/ksdk_platform_lib/kds/KL26Z4/debug/libksdk_platform.a(fsl_mcg_hal_modes.o)
                0x00005180                CLOCK_HAL_SetFbeMode
 .text.CLOCK_HAL_SetBlpiMode
                0x000052e4       0x68 C:/Freescale/KSDK_1.3.0/lib/ksdk_platform_lib/kds/KL26Z4/debug/libksdk_platform.a(fsl_mcg_hal_modes.o)
                0x000052e4                CLOCK_HAL_SetBlpiMode
 .text.CLOCK_HAL_SetBlpeMode
                0x0000534c       0x34 C:/Freescale/KSDK_1.3.0/lib/ksdk_platform_lib/kds/KL26Z4/debug/libksdk_platform.a(fsl_mcg_hal_modes.o)
                0x0000534c                CLOCK_HAL_SetBlpeMode
 .text.CLOCK_HAL_SetPbeMode
                0x00005380      0x100 C:/Freescale/KSDK_1.3.0/lib/ksdk_platform_lib/kds/KL26Z4/debug/libksdk_platform.a(fsl_mcg_hal_modes.o)
                0x00005380                CLOCK_HAL_SetPbeMode
 .text.CLOCK_HAL_SetPeeMode
                0x00005480       0x30 C:/Freescale/KSDK_1.3.0/lib/ksdk_platform_lib/kds/KL26Z4/debug/libksdk_platform.a(fsl_mcg_hal_modes.o)
                0x00005480                CLOCK_HAL_SetPeeMode
 .text.LPTMR_HAL_SetTimerWorkingMode
                0x000054b0       0x5c C:/Freescale/KSDK_1.3.0/lib/ksdk_platform_lib/kds/KL26Z4/debug/libksdk_platform.a(fsl_lptmr_hal.o)
                0x000054b0                LPTMR_HAL_SetTimerWorkingMode
 .text.LPTMR_HAL_SetPrescalerMode
                0x0000550c       0x3c C:/Freescale/KSDK_1.3.0/lib/ksdk_platform_lib/kds/KL26Z4/debug/libksdk_platform.a(fsl_lptmr_hal.o)
                0x0000550c                LPTMR_HAL_SetPrescalerMode
 .text.LPTMR_HAL_GetCounterValue
                0x00005548       0x2c C:/Freescale/KSDK_1.3.0/lib/ksdk_platform_lib/kds/KL26Z4/debug/libksdk_platform.a(fsl_lptmr_hal.o)
                0x00005548                LPTMR_HAL_GetCounterValue
 .text.INT_SYS_EnableIRQGlobal
                0x00005574       0x2c C:/Freescale/KSDK_1.3.0/lib/ksdk_platform_lib/kds/KL26Z4/debug/libksdk_platform.a(fsl_interrupt_manager.o)
                0x00005574                INT_SYS_EnableIRQGlobal
 .text.INT_SYS_DisableIRQGlobal
                0x000055a0       0x18 C:/Freescale/KSDK_1.3.0/lib/ksdk_platform_lib/kds/KL26Z4/debug/libksdk_platform.a(fsl_interrupt_manager.o)
                0x000055a0                INT_SYS_DisableIRQGlobal
 .text.__assert_func
                0x000055b8       0x3c c:/freescale/kds_3.0.0/toolchain/bin/../lib/gcc/arm-none-eabi/4.8.4/../../../../arm-none-eabi/lib/armv6-m\libg_s.a(lib_a-assert.o)
                0x000055b8                __assert_func
 .text.exit     0x000055f4       0x2c c:/freescale/kds_3.0.0/toolchain/bin/../lib/gcc/arm-none-eabi/4.8.4/../../../../arm-none-eabi/lib/armv6-m\libg_s.a(lib_a-exit.o)
                0x000055f4                exit
 .text.fprintf  0x00005620       0x24 c:/freescale/kds_3.0.0/toolchain/bin/../lib/gcc/arm-none-eabi/4.8.4/../../../../arm-none-eabi/lib/armv6-m\libg_s.a(lib_a-fprintf.o)
                0x00005620                fiprintf
                0x00005620                fprintf
 .text.__libc_init_array
                0x00005644       0x4c c:/freescale/kds_3.0.0/toolchain/bin/../lib/gcc/arm-none-eabi/4.8.4/../../../../arm-none-eabi/lib/armv6-m\libg_s.a(lib_a-init.o)
                0x00005644                __libc_init_array
 .text.memset   0x00005690       0x10 c:/freescale/kds_3.0.0/toolchain/bin/../lib/gcc/arm-none-eabi/4.8.4/../../../../arm-none-eabi/lib/armv6-m\libg_s.a(lib_a-memset.o)
                0x00005690                memset
 .text._free_r  0x000056a0       0x90 c:/freescale/kds_3.0.0/toolchain/bin/../lib/gcc/arm-none-eabi/4.8.4/../../../../arm-none-eabi/lib/armv6-m\libg_s.a(lib_a-nano-freer.o)
                0x000056a0                _free_r
 .text._malloc_r
                0x00005730       0xa8 c:/freescale/kds_3.0.0/toolchain/bin/../lib/gcc/arm-none-eabi/4.8.4/../../../../arm-none-eabi/lib/armv6-m\libg_s.a(lib_a-nano-mallocr.o)
                0x00005730                _malloc_r
 .text._sbrk_r  0x000057d8       0x24 c:/freescale/kds_3.0.0/toolchain/bin/../lib/gcc/arm-none-eabi/4.8.4/../../../../arm-none-eabi/lib/armv6-m\libg_s.a(lib_a-sbrkr.o)
                0x000057d8                _sbrk_r
 .text.strlen   0x000057fc        0xe c:/freescale/kds_3.0.0/toolchain/bin/../lib/gcc/arm-none-eabi/4.8.4/../../../../arm-none-eabi/lib/armv6-m\libg_s.a(lib_a-strlen.o)
                0x000057fc                strlen
 .text.__sfputc_r
                0x0000580a       0x2a c:/freescale/kds_3.0.0/toolchain/bin/../lib/gcc/arm-none-eabi/4.8.4/../../../../arm-none-eabi/lib/armv6-m\libg_s.a(lib_a-vfprintf.o)
 .text.__sfputs_r
                0x00005834       0x24 c:/freescale/kds_3.0.0/toolchain/bin/../lib/gcc/arm-none-eabi/4.8.4/../../../../arm-none-eabi/lib/armv6-m\libg_s.a(lib_a-vfprintf.o)
                0x00005834                __sfputs_r
 .text._vfprintf_r
                0x00005858      0x210 c:/freescale/kds_3.0.0/toolchain/bin/../lib/gcc/arm-none-eabi/4.8.4/../../../../arm-none-eabi/lib/armv6-m\libg_s.a(lib_a-vfprintf.o)
                0x00005858                _vfprintf_r
                0x00005858                _vfiprintf_r
 .text._printf_common
                0x00005a68       0xe8 c:/freescale/kds_3.0.0/toolchain/bin/../lib/gcc/arm-none-eabi/4.8.4/../../../../arm-none-eabi/lib/armv6-m\libg_s.a(lib_a-vfprintf_i.o)
                0x00005a68                _printf_common
 .text._printf_i
                0x00005b50      0x22c c:/freescale/kds_3.0.0/toolchain/bin/../lib/gcc/arm-none-eabi/4.8.4/../../../../arm-none-eabi/lib/armv6-m\libg_s.a(lib_a-vfprintf_i.o)
                0x00005b50                _printf_i
 .text.__swbuf_r
                0x00005d7c       0xb0 c:/freescale/kds_3.0.0/toolchain/bin/../lib/gcc/arm-none-eabi/4.8.4/../../../../arm-none-eabi/lib/armv6-m\libg_s.a(lib_a-wbuf.o)
                0x00005d7c                __swbuf_r
 .text.__swsetup_r
                0x00005e2c       0xe4 c:/freescale/kds_3.0.0/toolchain/bin/../lib/gcc/arm-none-eabi/4.8.4/../../../../arm-none-eabi/lib/armv6-m\libg_s.a(lib_a-wsetup.o)
                0x00005e2c                __swsetup_r
 .text.abort    0x00005f10        0xe c:/freescale/kds_3.0.0/toolchain/bin/../lib/gcc/arm-none-eabi/4.8.4/../../../../arm-none-eabi/lib/armv6-m\libg_s.a(lib_a-abort.o)
                0x00005f10                abort
 .text.__sflush_r
                0x00005f1e      0x112 c:/freescale/kds_3.0.0/toolchain/bin/../lib/gcc/arm-none-eabi/4.8.4/../../../../arm-none-eabi/lib/armv6-m\libg_s.a(lib_a-fflush.o)
                0x00005f1e                __sflush_r
 .text._fflush_r
                0x00006030       0x58 c:/freescale/kds_3.0.0/toolchain/bin/../lib/gcc/arm-none-eabi/4.8.4/../../../../arm-none-eabi/lib/armv6-m\libg_s.a(lib_a-fflush.o)
                0x00006030                _fflush_r
 .text._cleanup_r
                0x00006088       0x34 c:/freescale/kds_3.0.0/toolchain/bin/../lib/gcc/arm-none-eabi/4.8.4/../../../../arm-none-eabi/lib/armv6-m\libg_s.a(lib_a-findfp.o)
                0x00006088                _cleanup_r
 .text.std.isra.0
                0x000060bc       0x48 c:/freescale/kds_3.0.0/toolchain/bin/../lib/gcc/arm-none-eabi/4.8.4/../../../../arm-none-eabi/lib/armv6-m\libg_s.a(lib_a-findfp.o)
 .text.__sfmoreglue
                0x00006104       0x2c c:/freescale/kds_3.0.0/toolchain/bin/../lib/gcc/arm-none-eabi/4.8.4/../../../../arm-none-eabi/lib/armv6-m\libg_s.a(lib_a-findfp.o)
                0x00006104                __sfmoreglue
 .text.__sinit  0x00006130       0x64 c:/freescale/kds_3.0.0/toolchain/bin/../lib/gcc/arm-none-eabi/4.8.4/../../../../arm-none-eabi/lib/armv6-m\libg_s.a(lib_a-findfp.o)
                0x00006130                __sinit
 .text.__sfp    0x00006194       0x7c c:/freescale/kds_3.0.0/toolchain/bin/../lib/gcc/arm-none-eabi/4.8.4/../../../../arm-none-eabi/lib/armv6-m\libg_s.a(lib_a-findfp.o)
                0x00006194                __sfp
 .text.__smakebuf_r
                0x00006210       0xa0 c:/freescale/kds_3.0.0/toolchain/bin/../lib/gcc/arm-none-eabi/4.8.4/../../../../arm-none-eabi/lib/armv6-m\libg_s.a(lib_a-makebuf.o)
                0x00006210                __smakebuf_r
 .text.memchr   0x000062b0       0x16 c:/freescale/kds_3.0.0/toolchain/bin/../lib/gcc/arm-none-eabi/4.8.4/../../../../arm-none-eabi/lib/armv6-m\libg_s.a(lib_a-memchr-stub.o)
                0x000062b0                memchr
 .text._raise_r
                0x000062c6       0x56 c:/freescale/kds_3.0.0/toolchain/bin/../lib/gcc/arm-none-eabi/4.8.4/../../../../arm-none-eabi/lib/armv6-m\libg_s.a(lib_a-signal.o)
                0x000062c6                _raise_r
 .text.raise    0x0000631c       0x14 c:/freescale/kds_3.0.0/toolchain/bin/../lib/gcc/arm-none-eabi/4.8.4/../../../../arm-none-eabi/lib/armv6-m\libg_s.a(lib_a-signal.o)
                0x0000631c                raise
 .text._kill_r  0x00006330       0x24 c:/freescale/kds_3.0.0/toolchain/bin/../lib/gcc/arm-none-eabi/4.8.4/../../../../arm-none-eabi/lib/armv6-m\libg_s.a(lib_a-signalr.o)
                0x00006330                _kill_r
 .text._getpid_r
                0x00006354        0x8 c:/freescale/kds_3.0.0/toolchain/bin/../lib/gcc/arm-none-eabi/4.8.4/../../../../arm-none-eabi/lib/armv6-m\libg_s.a(lib_a-signalr.o)
                0x00006354                _getpid_r
 .text.__sread  0x0000635c       0x28 c:/freescale/kds_3.0.0/toolchain/bin/../lib/gcc/arm-none-eabi/4.8.4/../../../../arm-none-eabi/lib/armv6-m\libg_s.a(lib_a-stdio.o)
                0x0000635c                __sread
 .text.__swrite
                0x00006384       0x38 c:/freescale/kds_3.0.0/toolchain/bin/../lib/gcc/arm-none-eabi/4.8.4/../../../../arm-none-eabi/lib/armv6-m\libg_s.a(lib_a-stdio.o)
                0x00006384                __swrite
 .text.__sseek  0x000063bc       0x2c c:/freescale/kds_3.0.0/toolchain/bin/../lib/gcc/arm-none-eabi/4.8.4/../../../../arm-none-eabi/lib/armv6-m\libg_s.a(lib_a-stdio.o)
                0x000063bc                __sseek
 .text.__sclose
                0x000063e8        0xc c:/freescale/kds_3.0.0/toolchain/bin/../lib/gcc/arm-none-eabi/4.8.4/../../../../arm-none-eabi/lib/armv6-m\libg_s.a(lib_a-stdio.o)
                0x000063e8                __sclose
 .text._write_r
                0x000063f4       0x28 c:/freescale/kds_3.0.0/toolchain/bin/../lib/gcc/arm-none-eabi/4.8.4/../../../../arm-none-eabi/lib/armv6-m\libg_s.a(lib_a-writer.o)
                0x000063f4                _write_r
 .text._close_r
                0x0000641c       0x24 c:/freescale/kds_3.0.0/toolchain/bin/../lib/gcc/arm-none-eabi/4.8.4/../../../../arm-none-eabi/lib/armv6-m\libg_s.a(lib_a-closer.o)
                0x0000641c                _close_r
 .text._fstat_r
                0x00006440       0x24 c:/freescale/kds_3.0.0/toolchain/bin/../lib/gcc/arm-none-eabi/4.8.4/../../../../arm-none-eabi/lib/armv6-m\libg_s.a(lib_a-fstatr.o)
                0x00006440                _fstat_r
 .text._isatty_r
                0x00006464       0x24 c:/freescale/kds_3.0.0/toolchain/bin/../lib/gcc/arm-none-eabi/4.8.4/../../../../arm-none-eabi/lib/armv6-m\libg_s.a(lib_a-isattyr.o)
                0x00006464                _isatty_r
 .text._lseek_r
                0x00006488       0x28 c:/freescale/kds_3.0.0/toolchain/bin/../lib/gcc/arm-none-eabi/4.8.4/../../../../arm-none-eabi/lib/armv6-m\libg_s.a(lib_a-lseekr.o)
                0x00006488                _lseek_r
 .text._read_r  0x000064b0       0x28 c:/freescale/kds_3.0.0/toolchain/bin/../lib/gcc/arm-none-eabi/4.8.4/../../../../arm-none-eabi/lib/armv6-m\libg_s.a(lib_a-readr.o)
                0x000064b0                _read_r
 .text._close   0x000064d8       0x10 c:/freescale/kds_3.0.0/toolchain/bin/../lib/gcc/arm-none-eabi/4.8.4/../../../../arm-none-eabi/lib/armv6-m\libnosys.a(close.o)
                0x000064d8                _close
 .text._fstat   0x000064e8       0x10 c:/freescale/kds_3.0.0/toolchain/bin/../lib/gcc/arm-none-eabi/4.8.4/../../../../arm-none-eabi/lib/armv6-m\libnosys.a(fstat.o)
                0x000064e8                _fstat
 .text._getpid  0x000064f8       0x10 c:/freescale/kds_3.0.0/toolchain/bin/../lib/gcc/arm-none-eabi/4.8.4/../../../../arm-none-eabi/lib/armv6-m\libnosys.a(getpid.o)
                0x000064f8                _getpid
 .text._isatty  0x00006508       0x10 c:/freescale/kds_3.0.0/toolchain/bin/../lib/gcc/arm-none-eabi/4.8.4/../../../../arm-none-eabi/lib/armv6-m\libnosys.a(isatty.o)
                0x00006508                _isatty
 .text._kill    0x00006518       0x10 c:/freescale/kds_3.0.0/toolchain/bin/../lib/gcc/arm-none-eabi/4.8.4/../../../../arm-none-eabi/lib/armv6-m\libnosys.a(kill.o)
                0x00006518                _kill
 .text._lseek   0x00006528       0x10 c:/freescale/kds_3.0.0/toolchain/bin/../lib/gcc/arm-none-eabi/4.8.4/../../../../arm-none-eabi/lib/armv6-m\libnosys.a(lseek.o)
                0x00006528                _lseek
 .text._sbrk    0x00006538       0x34 c:/freescale/kds_3.0.0/toolchain/bin/../lib/gcc/arm-none-eabi/4.8.4/../../../../arm-none-eabi/lib/armv6-m\libnosys.a(sbrk.o)
                0x00006538                _sbrk
 .text._exit    0x0000656c        0x4 c:/freescale/kds_3.0.0/toolchain/bin/../lib/gcc/arm-none-eabi/4.8.4/../../../../arm-none-eabi/lib/armv6-m\libnosys.a(_exit.o)
                0x0000656c                _exit
 *(.rodata)
 .rodata        0x00006570        0xc ./Utilities/fsl_debug_console.o
 .rodata        0x0000657c       0x44 ./Board/board.o
 .rodata        0x000065c0       0x44 ./Board/pin_mux.o
 .rodata        0x00006604      0x150 ./main.o
 .rodata        0x00006754       0xcc C:/Freescale/KSDK_1.3.0/lib/ksdk_platform_lib/kds/KL26Z4/debug/libksdk_platform.a(fsl_spi_master_driver.o)
 .rodata        0x00006820       0x6c C:/Freescale/KSDK_1.3.0/lib/ksdk_platform_lib/kds/KL26Z4/debug/libksdk_platform.a(fsl_spi_shared_function.o)
 .rodata        0x0000688c      0x22c C:/Freescale/KSDK_1.3.0/lib/ksdk_platform_lib/kds/KL26Z4/debug/libksdk_platform.a(fsl_clock_MKL26Z4.o)
 .rodata        0x00006ab8       0xcc C:/Freescale/KSDK_1.3.0/lib/ksdk_platform_lib/kds/KL26Z4/debug/libksdk_platform.a(fsl_clock_manager.o)
 .rodata        0x00006b84       0x78 C:/Freescale/KSDK_1.3.0/lib/ksdk_platform_lib/kds/KL26Z4/debug/libksdk_platform.a(fsl_os_abstraction_bm.o)
 *(.rodata*)
 .rodata._doprint
                0x00006bfc       0xc8 ./Utilities/print_scan.o
 .rodata.g_defaultClockConfigRun
                0x00006cc4       0x14 ./Board/board.o
                0x00006cc4                g_defaultClockConfigRun
 .rodata.__func__.5149
                0x00006cd8       0x14 ./Board/board.o
 .rodata.__func__.5125
                0x00006cec       0x14 ./Board/pin_mux.o
 .rodata.__func__.6844
                0x00006d00       0x14 C:/Freescale/KSDK_1.3.0/lib/ksdk_platform_lib/kds/KL26Z4/debug/libksdk_platform.a(fsl_spi_master_driver.o)
 .rodata.__func__.6877
                0x00006d14       0x1c C:/Freescale/KSDK_1.3.0/lib/ksdk_platform_lib/kds/KL26Z4/debug/libksdk_platform.a(fsl_spi_master_driver.o)
 .rodata.g_spiBase
                0x00006d30        0x8 C:/Freescale/KSDK_1.3.0/lib/ksdk_platform_lib/kds/KL26Z4/debug/libksdk_platform.a(fsl_spi_common.o)
                0x00006d30                g_spiBase
 .rodata.g_spiFifoSize
                0x00006d38        0x8 C:/Freescale/KSDK_1.3.0/lib/ksdk_platform_lib/kds/KL26Z4/debug/libksdk_platform.a(fsl_spi_common.o)
                0x00006d38                g_spiFifoSize
 .rodata.g_spiIrqId
                0x00006d40        0x4 C:/Freescale/KSDK_1.3.0/lib/ksdk_platform_lib/kds/KL26Z4/debug/libksdk_platform.a(fsl_spi_common.o)
                0x00006d40                g_spiIrqId
 .rodata.__func__.5198
                0x00006d44       0x14 C:/Freescale/KSDK_1.3.0/lib/ksdk_platform_lib/kds/KL26Z4/debug/libksdk_platform.a(fsl_spi_shared_function.o)
 .rodata.portGateTable
                0x00006d58        0x8 C:/Freescale/KSDK_1.3.0/lib/ksdk_platform_lib/kds/KL26Z4/debug/libksdk_platform.a(fsl_clock_MKL26Z4.o)
 .rodata.spiGateTable
                0x00006d60        0x4 C:/Freescale/KSDK_1.3.0/lib/ksdk_platform_lib/kds/KL26Z4/debug/libksdk_platform.a(fsl_clock_MKL26Z4.o)
 .rodata.uartGateTable
                0x00006d64        0x4 C:/Freescale/KSDK_1.3.0/lib/ksdk_platform_lib/kds/KL26Z4/debug/libksdk_platform.a(fsl_clock_MKL26Z4.o)
 .rodata.__func__.6218
                0x00006d68       0x1c C:/Freescale/KSDK_1.3.0/lib/ksdk_platform_lib/kds/KL26Z4/debug/libksdk_platform.a(fsl_clock_MKL26Z4.o)
 .rodata.__func__.6364
                0x00006d84       0x1c C:/Freescale/KSDK_1.3.0/lib/ksdk_platform_lib/kds/KL26Z4/debug/libksdk_platform.a(fsl_clock_MKL26Z4.o)
 .rodata.__func__.6403
                0x00006da0       0x1c C:/Freescale/KSDK_1.3.0/lib/ksdk_platform_lib/kds/KL26Z4/debug/libksdk_platform.a(fsl_clock_MKL26Z4.o)
 .rodata.__func__.6437
                0x00006dbc       0x1c C:/Freescale/KSDK_1.3.0/lib/ksdk_platform_lib/kds/KL26Z4/debug/libksdk_platform.a(fsl_clock_MKL26Z4.o)
 .rodata.__func__.6442
                0x00006dd8       0x1c C:/Freescale/KSDK_1.3.0/lib/ksdk_platform_lib/kds/KL26Z4/debug/libksdk_platform.a(fsl_clock_MKL26Z4.o)
 .rodata.mcgModeMatrix
                0x00006df4       0x40 C:/Freescale/KSDK_1.3.0/lib/ksdk_platform_lib/kds/KL26Z4/debug/libksdk_platform.a(fsl_clock_manager.o)
 .rodata.CLOCK_SYS_SetMcgMode
                0x00006e34       0x20 C:/Freescale/KSDK_1.3.0/lib/ksdk_platform_lib/kds/KL26Z4/debug/libksdk_platform.a(fsl_clock_manager.o)
 .rodata.__func__.6632
                0x00006e54       0x18 C:/Freescale/KSDK_1.3.0/lib/ksdk_platform_lib/kds/KL26Z4/debug/libksdk_platform.a(fsl_clock_manager.o)
 .rodata.__func__.6665
                0x00006e6c       0x14 C:/Freescale/KSDK_1.3.0/lib/ksdk_platform_lib/kds/KL26Z4/debug/libksdk_platform.a(fsl_clock_manager.o)
 .rodata.__func__.6682
                0x00006e80       0x18 C:/Freescale/KSDK_1.3.0/lib/ksdk_platform_lib/kds/KL26Z4/debug/libksdk_platform.a(fsl_clock_manager.o)
 .rodata.g_oscBase
                0x00006e98        0x4 C:/Freescale/KSDK_1.3.0/lib/ksdk_platform_lib/kds/KL26Z4/debug/libksdk_platform.a(fsl_clock_manager_common.o)
                0x00006e98                g_oscBase
 .rodata.__func__.6507
                0x00006e9c       0x10 C:/Freescale/KSDK_1.3.0/lib/ksdk_platform_lib/kds/KL26Z4/debug/libksdk_platform.a(fsl_os_abstraction_bm.o)
 .rodata.__func__.6513
                0x00006eac       0x10 C:/Freescale/KSDK_1.3.0/lib/ksdk_platform_lib/kds/KL26Z4/debug/libksdk_platform.a(fsl_os_abstraction_bm.o)
 .rodata.__func__.6517
                0x00006ebc       0x10 C:/Freescale/KSDK_1.3.0/lib/ksdk_platform_lib/kds/KL26Z4/debug/libksdk_platform.a(fsl_os_abstraction_bm.o)
 .rodata.__func__.6563
                0x00006ecc       0x10 C:/Freescale/KSDK_1.3.0/lib/ksdk_platform_lib/kds/KL26Z4/debug/libksdk_platform.a(fsl_os_abstraction_bm.o)
 .rodata.fllFactorTable.5239
                0x00006edc       0x10 C:/Freescale/KSDK_1.3.0/lib/ksdk_platform_lib/kds/KL26Z4/debug/libksdk_platform.a(fsl_mcg_hal.o)
 .rodata.str1.1
                0x00006eec       0x3c c:/freescale/kds_3.0.0/toolchain/bin/../lib/gcc/arm-none-eabi/4.8.4/../../../../arm-none-eabi/lib/armv6-m\libg_s.a(lib_a-assert.o)
                                 0x3d (size before relaxing)
 .rodata.str1.1
                0x00006f28        0x2 c:/freescale/kds_3.0.0/toolchain/bin/../lib/gcc/arm-none-eabi/4.8.4/../../../../arm-none-eabi/lib/armv6-m\libg_s.a(lib_a-impure.o)
 *fill*         0x00006f2a        0x2 
 .rodata._global_impure_ptr
                0x00006f2c        0x4 c:/freescale/kds_3.0.0/toolchain/bin/../lib/gcc/arm-none-eabi/4.8.4/../../../../arm-none-eabi/lib/armv6-m\libg_s.a(lib_a-impure.o)
                0x00006f2c                _global_impure_ptr
 .rodata.str1.1
                0x00006f30       0x11 c:/freescale/kds_3.0.0/toolchain/bin/../lib/gcc/arm-none-eabi/4.8.4/../../../../arm-none-eabi/lib/armv6-m\libg_s.a(lib_a-vfprintf.o)
 .rodata.str1.1
                0x00006f41       0x22 c:/freescale/kds_3.0.0/toolchain/bin/../lib/gcc/arm-none-eabi/4.8.4/../../../../arm-none-eabi/lib/armv6-m\libg_s.a(lib_a-vfprintf_i.o)
 *fill*         0x00006f63        0x1 
 .rodata.__sf_fake_stdin
                0x00006f64       0x20 c:/freescale/kds_3.0.0/toolchain/bin/../lib/gcc/arm-none-eabi/4.8.4/../../../../arm-none-eabi/lib/armv6-m\libg_s.a(lib_a-findfp.o)
                0x00006f64                __sf_fake_stdin
 .rodata.__sf_fake_stdout
                0x00006f84       0x20 c:/freescale/kds_3.0.0/toolchain/bin/../lib/gcc/arm-none-eabi/4.8.4/../../../../arm-none-eabi/lib/armv6-m\libg_s.a(lib_a-findfp.o)
                0x00006f84                __sf_fake_stdout
 .rodata.__sf_fake_stderr
                0x00006fa4       0x20 c:/freescale/kds_3.0.0/toolchain/bin/../lib/gcc/arm-none-eabi/4.8.4/../../../../arm-none-eabi/lib/armv6-m\libg_s.a(lib_a-findfp.o)
                0x00006fa4                __sf_fake_stderr
 *(.glue_7)
 .glue_7        0x00000000        0x0 linker stubs
 *(.glue_7t)
 .glue_7t       0x00000000        0x0 linker stubs
 *(.eh_frame)
 .eh_frame      0x00006fc4        0x0 c:/freescale/kds_3.0.0/toolchain/bin/../lib/gcc/arm-none-eabi/4.8.4/armv6-m/crtbegin.o
 *(.init)
 .init          0x00006fc4        0x4 c:/freescale/kds_3.0.0/toolchain/bin/../lib/gcc/arm-none-eabi/4.8.4/armv6-m/crti.o
                0x00006fc4                _init
 .init          0x00006fc8        0x8 c:/freescale/kds_3.0.0/toolchain/bin/../lib/gcc/arm-none-eabi/4.8.4/armv6-m/crtn.o
 *(.fini)
 .fini          0x00006fd0        0x4 c:/freescale/kds_3.0.0/toolchain/bin/../lib/gcc/arm-none-eabi/4.8.4/armv6-m/crti.o
                0x00006fd0                _fini
 .fini          0x00006fd4        0x8 c:/freescale/kds_3.0.0/toolchain/bin/../lib/gcc/arm-none-eabi/4.8.4/armv6-m/crtn.o
                0x00006fdc                . = ALIGN (0x4)

.vfp11_veneer   0x00006fdc        0x0
 .vfp11_veneer  0x00000000        0x0 linker stubs

.v4_bx          0x00006fdc        0x0
 .v4_bx         0x00000000        0x0 linker stubs

.iplt           0x00006fdc        0x0
 .iplt          0x00000000        0x0 c:/freescale/kds_3.0.0/toolchain/bin/../lib/gcc/arm-none-eabi/4.8.4/armv6-m/crtbegin.o

.ARM.extab
 *(.ARM.extab* .gnu.linkonce.armextab.*)

.ARM            0x00006fdc        0x8
                0x00006fdc                __exidx_start = .
 *(.ARM.exidx*)
 .ARM.exidx     0x00006fdc        0x8 c:/freescale/kds_3.0.0/toolchain/bin/../lib/gcc/arm-none-eabi/4.8.4/../../../../arm-none-eabi/lib/armv6-m/crt0.o
                0x00006fe4                __exidx_end = .

.rel.dyn        0x00006fe4        0x0
 .rel.iplt      0x00000000        0x0 c:/freescale/kds_3.0.0/toolchain/bin/../lib/gcc/arm-none-eabi/4.8.4/armv6-m/crtbegin.o

.ctors          0x00006fe4        0x0
                0x00006fe4                __CTOR_LIST__ = .
 *crtbegin.o(.ctors)
 *crtbegin?.o(.ctors)
 *(EXCLUDE_FILE(*crtend.o *crtend?.o) .ctors)
 *(SORT(.ctors.*))
 *(.ctors)
                0x00006fe4                __CTOR_END__ = .

.dtors          0x00006fe4        0x0
                0x00006fe4                __DTOR_LIST__ = .
 *crtbegin.o(.dtors)
 *crtbegin?.o(.dtors)
 *(EXCLUDE_FILE(*crtend.o *crtend?.o) .dtors)
 *(SORT(.dtors.*))
 *(.dtors)
                0x00006fe4                __DTOR_END__ = .

.preinit_array  0x00006fe4        0x0
                0x00006fe4                PROVIDE (__preinit_array_start, .)
 *(.preinit_array*)
                0x00006fe4                PROVIDE (__preinit_array_end, .)

.init_array     0x00006fe4        0x4
                0x00006fe4                PROVIDE (__init_array_start, .)
 *(SORT(.init_array.*))
 *(.init_array*)
 .init_array    0x00006fe4        0x4 c:/freescale/kds_3.0.0/toolchain/bin/../lib/gcc/arm-none-eabi/4.8.4/armv6-m/crtbegin.o
                0x00006fe8                PROVIDE (__init_array_end, .)

.fini_array     0x00006fe8        0x4
                0x00006fe8                PROVIDE (__fini_array_start, .)
 *(SORT(.fini_array.*))
 *(.fini_array*)
 .fini_array    0x00006fe8        0x4 c:/freescale/kds_3.0.0/toolchain/bin/../lib/gcc/arm-none-eabi/4.8.4/armv6-m/crtbegin.o
                0x00006fec                PROVIDE (__fini_array_end, .)
                0x00006fec                __etext = .
                0x00006fec                __DATA_ROM = .

.mtb            0x1ffff000        0x0
                0x1ffff000                . = ALIGN (0x8)
                0x1ffff000                _mtb_start = .
 *(.mtb_buf)
                0x1ffff000                . = ALIGN (0x8)
                0x1ffff000                _mtb_end = .

.interrupts_ram
                0x1ffff000        0x0
                0x1ffff000                . = ALIGN (0x4)
                0x1ffff000                __VECTOR_RAM__ = .
                0x1ffff000                __interrupts_ram_start__ = .
 *(.m_interrupts_ram)
                0x1ffff000                . = (. + M_VECTOR_RAM_SIZE)
                0x1ffff000                . = ALIGN (0x4)
                0x1ffff000                __interrupts_ram_end__ = .
                0x00000000                __VECTOR_RAM = DEFINED (__ram_vector_table__)?__VECTOR_RAM__:ORIGIN (m_interrupts)
                0x00000000                __RAM_VECTOR_TABLE_SIZE_BYTES = DEFINED (__ram_vector_table__)?(__interrupts_ram_end__ - __interrupts_ram_start__):0x0

.data           0x1ffff000       0xb4 load address 0x00006fec
                0x1ffff000                . = ALIGN (0x4)
                0x1ffff000                __DATA_RAM = .
                0x1ffff000                __data_start__ = .
 *(.data)
 *(.data*)
 .data.SystemCoreClock
                0x1ffff000        0x4 ./Project_Settings/Startup_Code/system_MKL26Z4.o
                0x1ffff000                SystemCoreClock
 .data.s_spiSourceBuffer
                0x1ffff004       0x40 ./main.o
                0x1ffff004                s_spiSourceBuffer
 .data.g_fastInternalRefClkFreq
                0x1ffff044        0x4 C:/Freescale/KSDK_1.3.0/lib/ksdk_platform_lib/kds/KL26Z4/debug/libksdk_platform.a(fsl_mcg_hal.o)
                0x1ffff044                g_fastInternalRefClkFreq
 .data.g_slowInternalRefClkFreq
                0x1ffff048        0x4 C:/Freescale/KSDK_1.3.0/lib/ksdk_platform_lib/kds/KL26Z4/debug/libksdk_platform.a(fsl_mcg_hal.o)
                0x1ffff048                g_slowInternalRefClkFreq
 .data.impure_data
                0x1ffff04c       0x60 c:/freescale/kds_3.0.0/toolchain/bin/../lib/gcc/arm-none-eabi/4.8.4/../../../../arm-none-eabi/lib/armv6-m\libg_s.a(lib_a-impure.o)
 .data._impure_ptr
                0x1ffff0ac        0x4 c:/freescale/kds_3.0.0/toolchain/bin/../lib/gcc/arm-none-eabi/4.8.4/../../../../arm-none-eabi/lib/armv6-m\libg_s.a(lib_a-impure.o)
                0x1ffff0ac                _impure_ptr
 *(.jcr*)
 .jcr           0x1ffff0b0        0x0 c:/freescale/kds_3.0.0/toolchain/bin/../lib/gcc/arm-none-eabi/4.8.4/armv6-m/crtbegin.o
 .jcr           0x1ffff0b0        0x4 c:/freescale/kds_3.0.0/toolchain/bin/../lib/gcc/arm-none-eabi/4.8.4/armv6-m/crtend.o
                0x1ffff0b4                . = ALIGN (0x4)
                0x1ffff0b4                __data_end__ = .
                0x000070a0                __DATA_END = (__DATA_ROM + (__data_end__ - __data_start__))

.igot.plt       0x1ffff0b4        0x0 load address 0x000070a0
 .igot.plt      0x00000000        0x0 c:/freescale/kds_3.0.0/toolchain/bin/../lib/gcc/arm-none-eabi/4.8.4/armv6-m/crtbegin.o

.bss            0x1ffff0b4       0xf4 load address 0x000070a0
                0x1ffff0b4                . = ALIGN (0x4)
                0x1ffff0b4                __START_BSS = .
                0x1ffff0b4                __bss_start__ = .
 *(.bss)
 .bss           0x1ffff0b4       0x1c c:/freescale/kds_3.0.0/toolchain/bin/../lib/gcc/arm-none-eabi/4.8.4/armv6-m/crtbegin.o
 *(.bss*)
 .bss.s_debugConsole
                0x1ffff0d0       0x10 ./Utilities/fsl_debug_console.o
 .bss.s_spiSinkBuffer
                0x1ffff0e0       0x40 ./main.o
                0x1ffff0e0                s_spiSinkBuffer
 .bss.g_spiStatePtr
                0x1ffff120        0x8 C:/Freescale/KSDK_1.3.0/lib/ksdk_platform_lib/kds/KL26Z4/debug/libksdk_platform.a(fsl_spi_common.o)
                0x1ffff120                g_spiStatePtr
 .bss.g_taskControlBlockPool
                0x1ffff128       0x50 C:/Freescale/KSDK_1.3.0/lib/ksdk_platform_lib/kds/KL26Z4/debug/libksdk_platform.a(fsl_os_abstraction_bm.o)
 .bss.g_freeTaskControlBlock
                0x1ffff178        0x4 C:/Freescale/KSDK_1.3.0/lib/ksdk_platform_lib/kds/KL26Z4/debug/libksdk_platform.a(fsl_os_abstraction_bm.o)
 .bss.g_taskListHead
                0x1ffff17c       0x10 C:/Freescale/KSDK_1.3.0/lib/ksdk_platform_lib/kds/KL26Z4/debug/libksdk_platform.a(fsl_os_abstraction_bm.o)
 .bss.g_xtal0ClkFreq
                0x1ffff18c        0x4 C:/Freescale/KSDK_1.3.0/lib/ksdk_platform_lib/kds/KL26Z4/debug/libksdk_platform.a(fsl_mcg_hal.o)
                0x1ffff18c                g_xtal0ClkFreq
 .bss.g_xtalRtcClkFreq
                0x1ffff190        0x4 C:/Freescale/KSDK_1.3.0/lib/ksdk_platform_lib/kds/KL26Z4/debug/libksdk_platform.a(fsl_mcg_hal.o)
                0x1ffff190                g_xtalRtcClkFreq
 .bss.g_interruptDisableCount
                0x1ffff194        0x4 C:/Freescale/KSDK_1.3.0/lib/ksdk_platform_lib/kds/KL26Z4/debug/libksdk_platform.a(fsl_interrupt_manager.o)
                0x1ffff194                g_interruptDisableCount
 .bss.__malloc_sbrk_start
                0x1ffff198        0x4 c:/freescale/kds_3.0.0/toolchain/bin/../lib/gcc/arm-none-eabi/4.8.4/../../../../arm-none-eabi/lib/armv6-m\libg_s.a(lib_a-nano-mallocr.o)
                0x1ffff198                __malloc_sbrk_start
 .bss.__malloc_free_list
                0x1ffff19c        0x4 c:/freescale/kds_3.0.0/toolchain/bin/../lib/gcc/arm-none-eabi/4.8.4/../../../../arm-none-eabi/lib/armv6-m\libg_s.a(lib_a-nano-mallocr.o)
                0x1ffff19c                __malloc_free_list
 .bss.heap_end.4246
                0x1ffff1a0        0x4 c:/freescale/kds_3.0.0/toolchain/bin/../lib/gcc/arm-none-eabi/4.8.4/../../../../arm-none-eabi/lib/armv6-m\libnosys.a(sbrk.o)
 *(COMMON)
 COMMON         0x1ffff1a4        0x4 c:/freescale/kds_3.0.0/toolchain/bin/../lib/gcc/arm-none-eabi/4.8.4/../../../../arm-none-eabi/lib/armv6-m\libg_s.a(lib_a-reent.o)
                0x1ffff1a4                errno
                0x1ffff1a8                . = ALIGN (0x4)
                0x1ffff1a8                __bss_end__ = .
                0x1ffff1a8                __END_BSS = .

.heap           0x1ffff1a8      0x400 load address 0x00007194
                0x1ffff1a8                . = ALIGN (0x8)
                0x1ffff1a8                __end__ = .
                0x1ffff1a8                PROVIDE (end, .)
                0x1ffff1a8                __HeapBase = .
                0x1ffff5a8                . = (. + HEAP_SIZE)
 *fill*         0x1ffff1a8      0x400 
                0x1ffff5a8                __HeapLimit = .

.stack          0x1ffff5a8      0x400 load address 0x00007594
                0x1ffff5a8                . = ALIGN (0x8)
                0x1ffff9a8                . = (. + STACK_SIZE)
 *fill*         0x1ffff5a8      0x400 
                0x20003000                __StackTop = (ORIGIN (m_data) + 0x4000)
                0x20002c00                __StackLimit = (__StackTop - STACK_SIZE)
                0x20003000                PROVIDE (__stack, __StackTop)

.ARM.attributes
                0x00000000       0x28
 *(.ARM.attributes)
 .ARM.attributes
                0x00000000       0x1e c:/freescale/kds_3.0.0/toolchain/bin/../lib/gcc/arm-none-eabi/4.8.4/armv6-m/crti.o
 .ARM.attributes
                0x0000001e       0x2c c:/freescale/kds_3.0.0/toolchain/bin/../lib/gcc/arm-none-eabi/4.8.4/armv6-m/crtbegin.o
 .ARM.attributes
                0x0000004a       0x1b c:/freescale/kds_3.0.0/toolchain/bin/../lib/gcc/arm-none-eabi/4.8.4/../../../../arm-none-eabi/lib/armv6-m/crt0.o
 .ARM.attributes
                0x00000065       0x32 ./Utilities/fsl_debug_console.o
 .ARM.attributes
                0x00000097       0x32 ./Utilities/print_scan.o
 .ARM.attributes
                0x000000c9       0x32 ./Project_Settings/Startup_Code/startup.o
 .ARM.attributes
                0x000000fb       0x1b ./Project_Settings/Startup_Code/startup_MKL26Z4.o
 .ARM.attributes
                0x00000116       0x32 ./Project_Settings/Startup_Code/system_MKL26Z4.o
 .ARM.attributes
                0x00000148       0x32 ./Board/board.o
 .ARM.attributes
                0x0000017a       0x32 ./Board/pin_mux.o
 .ARM.attributes
                0x000001ac       0x32 ./fsl_spi_irq.o
 .ARM.attributes
                0x000001de       0x32 ./hardware_init.o
 .ARM.attributes
                0x00000210       0x32 ./main.o
 .ARM.attributes
                0x00000242       0x32 C:/Freescale/KSDK_1.3.0/lib/ksdk_platform_lib/kds/KL26Z4/debug/libksdk_platform.a(fsl_uart_hal.o)
 .ARM.attributes
                0x00000274       0x32 C:/Freescale/KSDK_1.3.0/lib/ksdk_platform_lib/kds/KL26Z4/debug/libksdk_platform.a(fsl_spi_master_driver.o)
 .ARM.attributes
                0x000002a6       0x32 C:/Freescale/KSDK_1.3.0/lib/ksdk_platform_lib/kds/KL26Z4/debug/libksdk_platform.a(fsl_spi_common.o)
 .ARM.attributes
                0x000002d8       0x32 C:/Freescale/KSDK_1.3.0/lib/ksdk_platform_lib/kds/KL26Z4/debug/libksdk_platform.a(fsl_spi_shared_function.o)
 .ARM.attributes
                0x0000030a       0x32 C:/Freescale/KSDK_1.3.0/lib/ksdk_platform_lib/kds/KL26Z4/debug/libksdk_platform.a(fsl_lpsci_hal.o)
 .ARM.attributes
                0x0000033c       0x32 C:/Freescale/KSDK_1.3.0/lib/ksdk_platform_lib/kds/KL26Z4/debug/libksdk_platform.a(fsl_clock_MKL26Z4.o)
 .ARM.attributes
                0x0000036e       0x32 C:/Freescale/KSDK_1.3.0/lib/ksdk_platform_lib/kds/KL26Z4/debug/libksdk_platform.a(fsl_clock_manager.o)
 .ARM.attributes
                0x000003a0       0x32 C:/Freescale/KSDK_1.3.0/lib/ksdk_platform_lib/kds/KL26Z4/debug/libksdk_platform.a(fsl_clock_manager_common.o)
 .ARM.attributes
                0x000003d2       0x32 C:/Freescale/KSDK_1.3.0/lib/ksdk_platform_lib/kds/KL26Z4/debug/libksdk_platform.a(fsl_os_abstraction_bm.o)
 .ARM.attributes
                0x00000404       0x32 C:/Freescale/KSDK_1.3.0/lib/ksdk_platform_lib/kds/KL26Z4/debug/libksdk_platform.a(fsl_spi_hal.o)
 .ARM.attributes
                0x00000436       0x32 C:/Freescale/KSDK_1.3.0/lib/ksdk_platform_lib/kds/KL26Z4/debug/libksdk_platform.a(fsl_spi_slave_driver.o)
 .ARM.attributes
                0x00000468       0x32 C:/Freescale/KSDK_1.3.0/lib/ksdk_platform_lib/kds/KL26Z4/debug/libksdk_platform.a(fsl_sim_hal_MKL26Z4.o)
 .ARM.attributes
                0x0000049a       0x32 C:/Freescale/KSDK_1.3.0/lib/ksdk_platform_lib/kds/KL26Z4/debug/libksdk_platform.a(fsl_osc_hal.o)
 .ARM.attributes
                0x000004cc       0x32 C:/Freescale/KSDK_1.3.0/lib/ksdk_platform_lib/kds/KL26Z4/debug/libksdk_platform.a(fsl_mcg_hal.o)
 .ARM.attributes
                0x000004fe       0x32 C:/Freescale/KSDK_1.3.0/lib/ksdk_platform_lib/kds/KL26Z4/debug/libksdk_platform.a(fsl_mcg_hal_modes.o)
 .ARM.attributes
                0x00000530       0x32 C:/Freescale/KSDK_1.3.0/lib/ksdk_platform_lib/kds/KL26Z4/debug/libksdk_platform.a(fsl_lptmr_hal.o)
 .ARM.attributes
                0x00000562       0x32 C:/Freescale/KSDK_1.3.0/lib/ksdk_platform_lib/kds/KL26Z4/debug/libksdk_platform.a(fsl_interrupt_manager.o)
 .ARM.attributes
                0x00000594       0x1e c:/freescale/kds_3.0.0/toolchain/bin/../lib/gcc/arm-none-eabi/4.8.4/armv6-m\libgcc.a(_udivsi3.o)
 .ARM.attributes
                0x000005b2       0x1e c:/freescale/kds_3.0.0/toolchain/bin/../lib/gcc/arm-none-eabi/4.8.4/armv6-m\libgcc.a(_divsi3.o)
 .ARM.attributes
                0x000005d0       0x1e c:/freescale/kds_3.0.0/toolchain/bin/../lib/gcc/arm-none-eabi/4.8.4/armv6-m\libgcc.a(_dvmd_tls.o)
 .ARM.attributes
                0x000005ee       0x2c c:/freescale/kds_3.0.0/toolchain/bin/../lib/gcc/arm-none-eabi/4.8.4/../../../../arm-none-eabi/lib/armv6-m\libg_s.a(lib_a-assert.o)
 .ARM.attributes
                0x0000061a       0x2c c:/freescale/kds_3.0.0/toolchain/bin/../lib/gcc/arm-none-eabi/4.8.4/../../../../arm-none-eabi/lib/armv6-m\libg_s.a(lib_a-exit.o)
 .ARM.attributes
                0x00000646       0x2c c:/freescale/kds_3.0.0/toolchain/bin/../lib/gcc/arm-none-eabi/4.8.4/../../../../arm-none-eabi/lib/armv6-m\libg_s.a(lib_a-fprintf.o)
 .ARM.attributes
                0x00000672       0x2c c:/freescale/kds_3.0.0/toolchain/bin/../lib/gcc/arm-none-eabi/4.8.4/../../../../arm-none-eabi/lib/armv6-m\libg_s.a(lib_a-impure.o)
 .ARM.attributes
                0x0000069e       0x2c c:/freescale/kds_3.0.0/toolchain/bin/../lib/gcc/arm-none-eabi/4.8.4/../../../../arm-none-eabi/lib/armv6-m\libg_s.a(lib_a-init.o)
 .ARM.attributes
                0x000006ca       0x2c c:/freescale/kds_3.0.0/toolchain/bin/../lib/gcc/arm-none-eabi/4.8.4/../../../../arm-none-eabi/lib/armv6-m\libg_s.a(lib_a-memset.o)
 .ARM.attributes
                0x000006f6       0x2c c:/freescale/kds_3.0.0/toolchain/bin/../lib/gcc/arm-none-eabi/4.8.4/../../../../arm-none-eabi/lib/armv6-m\libg_s.a(lib_a-nano-freer.o)
 .ARM.attributes
                0x00000722       0x2c c:/freescale/kds_3.0.0/toolchain/bin/../lib/gcc/arm-none-eabi/4.8.4/../../../../arm-none-eabi/lib/armv6-m\libg_s.a(lib_a-nano-mallocr.o)
 .ARM.attributes
                0x0000074e       0x2c c:/freescale/kds_3.0.0/toolchain/bin/../lib/gcc/arm-none-eabi/4.8.4/../../../../arm-none-eabi/lib/armv6-m\libg_s.a(lib_a-sbrkr.o)
 .ARM.attributes
                0x0000077a       0x2c c:/freescale/kds_3.0.0/toolchain/bin/../lib/gcc/arm-none-eabi/4.8.4/../../../../arm-none-eabi/lib/armv6-m\libg_s.a(lib_a-strlen.o)
 .ARM.attributes
                0x000007a6       0x2c c:/freescale/kds_3.0.0/toolchain/bin/../lib/gcc/arm-none-eabi/4.8.4/../../../../arm-none-eabi/lib/armv6-m\libg_s.a(lib_a-vfprintf.o)
 .ARM.attributes
                0x000007d2       0x2c c:/freescale/kds_3.0.0/toolchain/bin/../lib/gcc/arm-none-eabi/4.8.4/../../../../arm-none-eabi/lib/armv6-m\libg_s.a(lib_a-vfprintf_i.o)
 .ARM.attributes
                0x000007fe       0x2c c:/freescale/kds_3.0.0/toolchain/bin/../lib/gcc/arm-none-eabi/4.8.4/../../../../arm-none-eabi/lib/armv6-m\libg_s.a(lib_a-wbuf.o)
 .ARM.attributes
                0x0000082a       0x2c c:/freescale/kds_3.0.0/toolchain/bin/../lib/gcc/arm-none-eabi/4.8.4/../../../../arm-none-eabi/lib/armv6-m\libg_s.a(lib_a-wsetup.o)
 .ARM.attributes
                0x00000856       0x2c c:/freescale/kds_3.0.0/toolchain/bin/../lib/gcc/arm-none-eabi/4.8.4/../../../../arm-none-eabi/lib/armv6-m\libg_s.a(lib_a-abort.o)
 .ARM.attributes
                0x00000882       0x2c c:/freescale/kds_3.0.0/toolchain/bin/../lib/gcc/arm-none-eabi/4.8.4/../../../../arm-none-eabi/lib/armv6-m\libg_s.a(lib_a-fflush.o)
 .ARM.attributes
                0x000008ae       0x2c c:/freescale/kds_3.0.0/toolchain/bin/../lib/gcc/arm-none-eabi/4.8.4/../../../../arm-none-eabi/lib/armv6-m\libg_s.a(lib_a-findfp.o)
 .ARM.attributes
                0x000008da       0x2c c:/freescale/kds_3.0.0/toolchain/bin/../lib/gcc/arm-none-eabi/4.8.4/../../../../arm-none-eabi/lib/armv6-m\libg_s.a(lib_a-makebuf.o)
 .ARM.attributes
                0x00000906       0x2c c:/freescale/kds_3.0.0/toolchain/bin/../lib/gcc/arm-none-eabi/4.8.4/../../../../arm-none-eabi/lib/armv6-m\libg_s.a(lib_a-memchr-stub.o)
 .ARM.attributes
                0x00000932       0x2c c:/freescale/kds_3.0.0/toolchain/bin/../lib/gcc/arm-none-eabi/4.8.4/../../../../arm-none-eabi/lib/armv6-m\libg_s.a(lib_a-reent.o)
 .ARM.attributes
                0x0000095e       0x2c c:/freescale/kds_3.0.0/toolchain/bin/../lib/gcc/arm-none-eabi/4.8.4/../../../../arm-none-eabi/lib/armv6-m\libg_s.a(lib_a-signal.o)
 .ARM.attributes
                0x0000098a       0x2c c:/freescale/kds_3.0.0/toolchain/bin/../lib/gcc/arm-none-eabi/4.8.4/../../../../arm-none-eabi/lib/armv6-m\libg_s.a(lib_a-signalr.o)
 .ARM.attributes
                0x000009b6       0x2c c:/freescale/kds_3.0.0/toolchain/bin/../lib/gcc/arm-none-eabi/4.8.4/../../../../arm-none-eabi/lib/armv6-m\libg_s.a(lib_a-stdio.o)
 .ARM.attributes
                0x000009e2       0x2c c:/freescale/kds_3.0.0/toolchain/bin/../lib/gcc/arm-none-eabi/4.8.4/../../../../arm-none-eabi/lib/armv6-m\libg_s.a(lib_a-writer.o)
 .ARM.attributes
                0x00000a0e       0x2c c:/freescale/kds_3.0.0/toolchain/bin/../lib/gcc/arm-none-eabi/4.8.4/../../../../arm-none-eabi/lib/armv6-m\libg_s.a(lib_a-closer.o)
 .ARM.attributes
                0x00000a3a       0x2c c:/freescale/kds_3.0.0/toolchain/bin/../lib/gcc/arm-none-eabi/4.8.4/../../../../arm-none-eabi/lib/armv6-m\libg_s.a(lib_a-fstatr.o)
 .ARM.attributes
                0x00000a66       0x2c c:/freescale/kds_3.0.0/toolchain/bin/../lib/gcc/arm-none-eabi/4.8.4/../../../../arm-none-eabi/lib/armv6-m\libg_s.a(lib_a-isattyr.o)
 .ARM.attributes
                0x00000a92       0x2c c:/freescale/kds_3.0.0/toolchain/bin/../lib/gcc/arm-none-eabi/4.8.4/../../../../arm-none-eabi/lib/armv6-m\libg_s.a(lib_a-lseekr.o)
 .ARM.attributes
                0x00000abe       0x2c c:/freescale/kds_3.0.0/toolchain/bin/../lib/gcc/arm-none-eabi/4.8.4/../../../../arm-none-eabi/lib/armv6-m\libg_s.a(lib_a-readr.o)
 .ARM.attributes
                0x00000aea       0x2c c:/freescale/kds_3.0.0/toolchain/bin/../lib/gcc/arm-none-eabi/4.8.4/../../../../arm-none-eabi/lib/armv6-m\libnosys.a(close.o)
 .ARM.attributes
                0x00000b16       0x2c c:/freescale/kds_3.0.0/toolchain/bin/../lib/gcc/arm-none-eabi/4.8.4/../../../../arm-none-eabi/lib/armv6-m\libnosys.a(fstat.o)
 .ARM.attributes
                0x00000b42       0x2c c:/freescale/kds_3.0.0/toolchain/bin/../lib/gcc/arm-none-eabi/4.8.4/../../../../arm-none-eabi/lib/armv6-m\libnosys.a(getpid.o)
 .ARM.attributes
                0x00000b6e       0x2c c:/freescale/kds_3.0.0/toolchain/bin/../lib/gcc/arm-none-eabi/4.8.4/../../../../arm-none-eabi/lib/armv6-m\libnosys.a(isatty.o)
 .ARM.attributes
                0x00000b9a       0x2c c:/freescale/kds_3.0.0/toolchain/bin/../lib/gcc/arm-none-eabi/4.8.4/../../../../arm-none-eabi/lib/armv6-m\libnosys.a(kill.o)
 .ARM.attributes
                0x00000bc6       0x2c c:/freescale/kds_3.0.0/toolchain/bin/../lib/gcc/arm-none-eabi/4.8.4/../../../../arm-none-eabi/lib/armv6-m\libnosys.a(lseek.o)
 .ARM.attributes
                0x00000bf2       0x2c c:/freescale/kds_3.0.0/toolchain/bin/../lib/gcc/arm-none-eabi/4.8.4/../../../../arm-none-eabi/lib/armv6-m\libnosys.a(sbrk.o)
 .ARM.attributes
                0x00000c1e       0x2c c:/freescale/kds_3.0.0/toolchain/bin/../lib/gcc/arm-none-eabi/4.8.4/../../../../arm-none-eabi/lib/armv6-m\libnosys.a(_exit.o)
 .ARM.attributes
                0x00000c4a       0x2c c:/freescale/kds_3.0.0/toolchain/bin/../lib/gcc/arm-none-eabi/4.8.4/armv6-m/crtend.o
 .ARM.attributes
                0x00000c76       0x1e c:/freescale/kds_3.0.0/toolchain/bin/../lib/gcc/arm-none-eabi/4.8.4/armv6-m/crtn.o
                0x00000001                ASSERT ((__StackLimit >= __HeapLimit), region m_data overflowed with stack and heap)
OUTPUT(Lab_template.elf elf32-littlearm)

.debug_info     0x00000000     0xd5be
 .debug_info    0x00000000      0xa71 ./Utilities/fsl_debug_console.o
 .debug_info    0x00000a71      0x5eb ./Utilities/print_scan.o
 .debug_info    0x0000105c      0x296 ./Project_Settings/Startup_Code/startup.o
 .debug_info    0x000012f2       0x91 ./Project_Settings/Startup_Code/startup_MKL26Z4.o
 .debug_info    0x00001383      0x432 ./Project_Settings/Startup_Code/system_MKL26Z4.o
 .debug_info    0x000017b5      0xa36 ./Board/board.o
 .debug_info    0x000021eb      0x4e6 ./Board/pin_mux.o
 .debug_info    0x000026d1       0xf3 ./fsl_spi_irq.o
 .debug_info    0x000027c4       0xe2 ./hardware_init.o
 .debug_info    0x000028a6      0x3c9 ./main.o
 .debug_info    0x00002c6f      0x80e C:/Freescale/KSDK_1.3.0/lib/ksdk_platform_lib/kds/KL26Z4/debug/libksdk_platform.a(fsl_uart_hal.o)
 .debug_info    0x0000347d      0xfc7 C:/Freescale/KSDK_1.3.0/lib/ksdk_platform_lib/kds/KL26Z4/debug/libksdk_platform.a(fsl_spi_master_driver.o)
 .debug_info    0x00004444      0x2cf C:/Freescale/KSDK_1.3.0/lib/ksdk_platform_lib/kds/KL26Z4/debug/libksdk_platform.a(fsl_spi_common.o)
 .debug_info    0x00004713      0x1ec C:/Freescale/KSDK_1.3.0/lib/ksdk_platform_lib/kds/KL26Z4/debug/libksdk_platform.a(fsl_spi_shared_function.o)
 .debug_info    0x000048ff      0x917 C:/Freescale/KSDK_1.3.0/lib/ksdk_platform_lib/kds/KL26Z4/debug/libksdk_platform.a(fsl_lpsci_hal.o)
 .debug_info    0x00005216     0x1822 C:/Freescale/KSDK_1.3.0/lib/ksdk_platform_lib/kds/KL26Z4/debug/libksdk_platform.a(fsl_clock_MKL26Z4.o)
 .debug_info    0x00006a38     0x168c C:/Freescale/KSDK_1.3.0/lib/ksdk_platform_lib/kds/KL26Z4/debug/libksdk_platform.a(fsl_clock_manager.o)
 .debug_info    0x000080c4      0x449 C:/Freescale/KSDK_1.3.0/lib/ksdk_platform_lib/kds/KL26Z4/debug/libksdk_platform.a(fsl_clock_manager_common.o)
 .debug_info    0x0000850d     0x14c8 C:/Freescale/KSDK_1.3.0/lib/ksdk_platform_lib/kds/KL26Z4/debug/libksdk_platform.a(fsl_os_abstraction_bm.o)
 .debug_info    0x000099d5      0x6a8 C:/Freescale/KSDK_1.3.0/lib/ksdk_platform_lib/kds/KL26Z4/debug/libksdk_platform.a(fsl_spi_hal.o)
 .debug_info    0x0000a07d      0xfda C:/Freescale/KSDK_1.3.0/lib/ksdk_platform_lib/kds/KL26Z4/debug/libksdk_platform.a(fsl_spi_slave_driver.o)
 .debug_info    0x0000b057      0x957 C:/Freescale/KSDK_1.3.0/lib/ksdk_platform_lib/kds/KL26Z4/debug/libksdk_platform.a(fsl_sim_hal_MKL26Z4.o)
 .debug_info    0x0000b9ae       0xef C:/Freescale/KSDK_1.3.0/lib/ksdk_platform_lib/kds/KL26Z4/debug/libksdk_platform.a(fsl_osc_hal.o)
 .debug_info    0x0000ba9d      0xc24 C:/Freescale/KSDK_1.3.0/lib/ksdk_platform_lib/kds/KL26Z4/debug/libksdk_platform.a(fsl_mcg_hal.o)
 .debug_info    0x0000c6c1      0x851 C:/Freescale/KSDK_1.3.0/lib/ksdk_platform_lib/kds/KL26Z4/debug/libksdk_platform.a(fsl_mcg_hal_modes.o)
 .debug_info    0x0000cf12      0x42b C:/Freescale/KSDK_1.3.0/lib/ksdk_platform_lib/kds/KL26Z4/debug/libksdk_platform.a(fsl_lptmr_hal.o)
 .debug_info    0x0000d33d      0x281 C:/Freescale/KSDK_1.3.0/lib/ksdk_platform_lib/kds/KL26Z4/debug/libksdk_platform.a(fsl_interrupt_manager.o)

.debug_abbrev   0x00000000     0x28c5
 .debug_abbrev  0x00000000      0x23a ./Utilities/fsl_debug_console.o
 .debug_abbrev  0x0000023a      0x1b6 ./Utilities/print_scan.o
 .debug_abbrev  0x000003f0       0xe9 ./Project_Settings/Startup_Code/startup.o
 .debug_abbrev  0x000004d9       0x14 ./Project_Settings/Startup_Code/startup_MKL26Z4.o
 .debug_abbrev  0x000004ed      0x109 ./Project_Settings/Startup_Code/system_MKL26Z4.o
 .debug_abbrev  0x000005f6      0x202 ./Board/board.o
 .debug_abbrev  0x000007f8      0x128 ./Board/pin_mux.o
 .debug_abbrev  0x00000920       0x75 ./fsl_spi_irq.o
 .debug_abbrev  0x00000995       0x75 ./hardware_init.o
 .debug_abbrev  0x00000a0a       0xf5 ./main.o
 .debug_abbrev  0x00000aff      0x1eb C:/Freescale/KSDK_1.3.0/lib/ksdk_platform_lib/kds/KL26Z4/debug/libksdk_platform.a(fsl_uart_hal.o)
 .debug_abbrev  0x00000cea      0x28a C:/Freescale/KSDK_1.3.0/lib/ksdk_platform_lib/kds/KL26Z4/debug/libksdk_platform.a(fsl_spi_master_driver.o)
 .debug_abbrev  0x00000f74       0xc4 C:/Freescale/KSDK_1.3.0/lib/ksdk_platform_lib/kds/KL26Z4/debug/libksdk_platform.a(fsl_spi_common.o)
 .debug_abbrev  0x00001038      0x117 C:/Freescale/KSDK_1.3.0/lib/ksdk_platform_lib/kds/KL26Z4/debug/libksdk_platform.a(fsl_spi_shared_function.o)
 .debug_abbrev  0x0000114f      0x20e C:/Freescale/KSDK_1.3.0/lib/ksdk_platform_lib/kds/KL26Z4/debug/libksdk_platform.a(fsl_lpsci_hal.o)
 .debug_abbrev  0x0000135d      0x2fe C:/Freescale/KSDK_1.3.0/lib/ksdk_platform_lib/kds/KL26Z4/debug/libksdk_platform.a(fsl_clock_MKL26Z4.o)
 .debug_abbrev  0x0000165b      0x2a9 C:/Freescale/KSDK_1.3.0/lib/ksdk_platform_lib/kds/KL26Z4/debug/libksdk_platform.a(fsl_clock_manager.o)
 .debug_abbrev  0x00001904       0xdb C:/Freescale/KSDK_1.3.0/lib/ksdk_platform_lib/kds/KL26Z4/debug/libksdk_platform.a(fsl_clock_manager_common.o)
 .debug_abbrev  0x000019df      0x2d2 C:/Freescale/KSDK_1.3.0/lib/ksdk_platform_lib/kds/KL26Z4/debug/libksdk_platform.a(fsl_os_abstraction_bm.o)
 .debug_abbrev  0x00001cb1      0x15a C:/Freescale/KSDK_1.3.0/lib/ksdk_platform_lib/kds/KL26Z4/debug/libksdk_platform.a(fsl_spi_hal.o)
 .debug_abbrev  0x00001e0b      0x254 C:/Freescale/KSDK_1.3.0/lib/ksdk_platform_lib/kds/KL26Z4/debug/libksdk_platform.a(fsl_spi_slave_driver.o)
 .debug_abbrev  0x0000205f      0x197 C:/Freescale/KSDK_1.3.0/lib/ksdk_platform_lib/kds/KL26Z4/debug/libksdk_platform.a(fsl_sim_hal_MKL26Z4.o)
 .debug_abbrev  0x000021f6       0x99 C:/Freescale/KSDK_1.3.0/lib/ksdk_platform_lib/kds/KL26Z4/debug/libksdk_platform.a(fsl_osc_hal.o)
 .debug_abbrev  0x0000228f      0x234 C:/Freescale/KSDK_1.3.0/lib/ksdk_platform_lib/kds/KL26Z4/debug/libksdk_platform.a(fsl_mcg_hal.o)
 .debug_abbrev  0x000024c3      0x1a4 C:/Freescale/KSDK_1.3.0/lib/ksdk_platform_lib/kds/KL26Z4/debug/libksdk_platform.a(fsl_mcg_hal_modes.o)
 .debug_abbrev  0x00002667      0x139 C:/Freescale/KSDK_1.3.0/lib/ksdk_platform_lib/kds/KL26Z4/debug/libksdk_platform.a(fsl_lptmr_hal.o)
 .debug_abbrev  0x000027a0      0x125 C:/Freescale/KSDK_1.3.0/lib/ksdk_platform_lib/kds/KL26Z4/debug/libksdk_platform.a(fsl_interrupt_manager.o)

.debug_aranges  0x00000000      0xe78
 .debug_aranges
                0x00000000       0xa0 ./Utilities/fsl_debug_console.o
 .debug_aranges
                0x000000a0       0x48 ./Utilities/print_scan.o
 .debug_aranges
                0x000000e8       0x20 ./Project_Settings/Startup_Code/startup.o
 .debug_aranges
                0x00000108       0x20 ./Project_Settings/Startup_Code/startup_MKL26Z4.o
 .debug_aranges
                0x00000128       0x28 ./Project_Settings/Startup_Code/system_MKL26Z4.o
 .debug_aranges
                0x00000150       0x58 ./Board/board.o
 .debug_aranges
                0x000001a8       0x98 ./Board/pin_mux.o
 .debug_aranges
                0x00000240       0x28 ./fsl_spi_irq.o
 .debug_aranges
                0x00000268       0x20 ./hardware_init.o
 .debug_aranges
                0x00000288       0x20 ./main.o
 .debug_aranges
                0x000002a8       0xb0 C:/Freescale/KSDK_1.3.0/lib/ksdk_platform_lib/kds/KL26Z4/debug/libksdk_platform.a(fsl_uart_hal.o)
 .debug_aranges
                0x00000358       0xf8 C:/Freescale/KSDK_1.3.0/lib/ksdk_platform_lib/kds/KL26Z4/debug/libksdk_platform.a(fsl_spi_master_driver.o)
 .debug_aranges
                0x00000450       0x18 C:/Freescale/KSDK_1.3.0/lib/ksdk_platform_lib/kds/KL26Z4/debug/libksdk_platform.a(fsl_spi_common.o)
 .debug_aranges
                0x00000468       0x28 C:/Freescale/KSDK_1.3.0/lib/ksdk_platform_lib/kds/KL26Z4/debug/libksdk_platform.a(fsl_spi_shared_function.o)
 .debug_aranges
                0x00000490       0xc8 C:/Freescale/KSDK_1.3.0/lib/ksdk_platform_lib/kds/KL26Z4/debug/libksdk_platform.a(fsl_lpsci_hal.o)
 .debug_aranges
                0x00000558      0x218 C:/Freescale/KSDK_1.3.0/lib/ksdk_platform_lib/kds/KL26Z4/debug/libksdk_platform.a(fsl_clock_MKL26Z4.o)
 .debug_aranges
                0x00000770      0x150 C:/Freescale/KSDK_1.3.0/lib/ksdk_platform_lib/kds/KL26Z4/debug/libksdk_platform.a(fsl_clock_manager.o)
 .debug_aranges
                0x000008c0       0x18 C:/Freescale/KSDK_1.3.0/lib/ksdk_platform_lib/kds/KL26Z4/debug/libksdk_platform.a(fsl_clock_manager_common.o)
 .debug_aranges
                0x000008d8      0x170 C:/Freescale/KSDK_1.3.0/lib/ksdk_platform_lib/kds/KL26Z4/debug/libksdk_platform.a(fsl_os_abstraction_bm.o)
 .debug_aranges
                0x00000a48       0x80 C:/Freescale/KSDK_1.3.0/lib/ksdk_platform_lib/kds/KL26Z4/debug/libksdk_platform.a(fsl_spi_hal.o)
 .debug_aranges
                0x00000ac8       0xf0 C:/Freescale/KSDK_1.3.0/lib/ksdk_platform_lib/kds/KL26Z4/debug/libksdk_platform.a(fsl_spi_slave_driver.o)
 .debug_aranges
                0x00000bb8       0x90 C:/Freescale/KSDK_1.3.0/lib/ksdk_platform_lib/kds/KL26Z4/debug/libksdk_platform.a(fsl_sim_hal_MKL26Z4.o)
 .debug_aranges
                0x00000c48       0x20 C:/Freescale/KSDK_1.3.0/lib/ksdk_platform_lib/kds/KL26Z4/debug/libksdk_platform.a(fsl_osc_hal.o)
 .debug_aranges
                0x00000c68       0xf0 C:/Freescale/KSDK_1.3.0/lib/ksdk_platform_lib/kds/KL26Z4/debug/libksdk_platform.a(fsl_mcg_hal.o)
 .debug_aranges
                0x00000d58       0x98 C:/Freescale/KSDK_1.3.0/lib/ksdk_platform_lib/kds/KL26Z4/debug/libksdk_platform.a(fsl_mcg_hal_modes.o)
 .debug_aranges
                0x00000df0       0x58 C:/Freescale/KSDK_1.3.0/lib/ksdk_platform_lib/kds/KL26Z4/debug/libksdk_platform.a(fsl_lptmr_hal.o)
 .debug_aranges
                0x00000e48       0x30 C:/Freescale/KSDK_1.3.0/lib/ksdk_platform_lib/kds/KL26Z4/debug/libksdk_platform.a(fsl_interrupt_manager.o)

.debug_ranges   0x00000000      0xca8
 .debug_ranges  0x00000000       0x90 ./Utilities/fsl_debug_console.o
 .debug_ranges  0x00000090       0x38 ./Utilities/print_scan.o
 .debug_ranges  0x000000c8       0x10 ./Project_Settings/Startup_Code/startup.o
 .debug_ranges  0x000000d8       0x18 ./Project_Settings/Startup_Code/system_MKL26Z4.o
 .debug_ranges  0x000000f0       0x48 ./Board/board.o
 .debug_ranges  0x00000138       0x88 ./Board/pin_mux.o
 .debug_ranges  0x000001c0       0x18 ./fsl_spi_irq.o
 .debug_ranges  0x000001d8       0x10 ./hardware_init.o
 .debug_ranges  0x000001e8       0x10 ./main.o