Archive member included because of file (symbol)

C:/Freescale/KSDK_1.3.0/lib/ksdk_platform_lib/kds/KL26Z4/debug/libksdk_platform.a(fsl_uart_hal.o)
                              ./Utilities/fsl_debug_console.o (UART_HAL_SetBaudRate)
C:/Freescale/KSDK_1.3.0/lib/ksdk_platform_lib/kds/KL26Z4/debug/libksdk_platform.a(fsl_lpsci_hal.o)
                              ./Utilities/fsl_debug_console.o (LPSCI_HAL_SetBaudRate)
C:/Freescale/KSDK_1.3.0/lib/ksdk_platform_lib/kds/KL26Z4/debug/libksdk_platform.a(fsl_clock_MKL26Z4.o)
                              ./Board/board.o (CLOCK_SYS_SetConfiguration)
C:/Freescale/KSDK_1.3.0/lib/ksdk_platform_lib/kds/KL26Z4/debug/libksdk_platform.a(fsl_clock_manager.o)
                              C:/Freescale/KSDK_1.3.0/lib/ksdk_platform_lib/kds/KL26Z4/debug/libksdk_platform.a(fsl_clock_MKL26Z4.o) (CLOCK_SYS_GetSystickFreq)
C:/Freescale/KSDK_1.3.0/lib/ksdk_platform_lib/kds/KL26Z4/debug/libksdk_platform.a(fsl_clock_manager_common.o)
                              C:/Freescale/KSDK_1.3.0/lib/ksdk_platform_lib/kds/KL26Z4/debug/libksdk_platform.a(fsl_clock_MKL26Z4.o) (g_oscBase)
C:/Freescale/KSDK_1.3.0/lib/ksdk_platform_lib/kds/KL26Z4/debug/libksdk_platform.a(fsl_os_abstraction_bm.o)
                              C:/Freescale/KSDK_1.3.0/lib/ksdk_platform_lib/kds/KL26Z4/debug/libksdk_platform.a(fsl_clock_manager.o) (OSA_EnterCritical)
C:/Freescale/KSDK_1.3.0/lib/ksdk_platform_lib/kds/KL26Z4/debug/libksdk_platform.a(fsl_sim_hal_MKL26Z4.o)
                              C:/Freescale/KSDK_1.3.0/lib/ksdk_platform_lib/kds/KL26Z4/debug/libksdk_platform.a(fsl_clock_MKL26Z4.o) (CLOCK_HAL_SetOutDiv)
C:/Freescale/KSDK_1.3.0/lib/ksdk_platform_lib/kds/KL26Z4/debug/libksdk_platform.a(fsl_osc_hal.o)
                              C:/Freescale/KSDK_1.3.0/lib/ksdk_platform_lib/kds/KL26Z4/debug/libksdk_platform.a(fsl_clock_manager.o) (OSC_HAL_SetCapacitor)
C:/Freescale/KSDK_1.3.0/lib/ksdk_platform_lib/kds/KL26Z4/debug/libksdk_platform.a(fsl_mcg_hal.o)
                              C:/Freescale/KSDK_1.3.0/lib/ksdk_platform_lib/kds/KL26Z4/debug/libksdk_platform.a(fsl_clock_MKL26Z4.o) (g_xtal0ClkFreq)
C:/Freescale/KSDK_1.3.0/lib/ksdk_platform_lib/kds/KL26Z4/debug/libksdk_platform.a(fsl_mcg_hal_modes.o)
                              C:/Freescale/KSDK_1.3.0/lib/ksdk_platform_lib/kds/KL26Z4/debug/libksdk_platform.a(fsl_clock_manager.o) (CLOCK_HAL_GetMcgMode)
C:/Freescale/KSDK_1.3.0/lib/ksdk_platform_lib/kds/KL26Z4/debug/libksdk_platform.a(fsl_lptmr_hal.o)
                              C:/Freescale/KSDK_1.3.0/lib/ksdk_platform_lib/kds/KL26Z4/debug/libksdk_platform.a(fsl_os_abstraction_bm.o) (LPTMR_HAL_SetTimerWorkingMode)
C:/Freescale/KSDK_1.3.0/lib/ksdk_platform_lib/kds/KL26Z4/debug/libksdk_platform.a(fsl_interrupt_manager.o)
                              C:/Freescale/KSDK_1.3.0/lib/ksdk_platform_lib/kds/KL26Z4/debug/libksdk_platform.a(fsl_os_abstraction_bm.o) (INT_SYS_InstallHandler)
c:/freescale/kds_3.0.0/toolchain/bin/../lib/gcc/arm-none-eabi/4.8.4/armv6-m\libgcc.a(_udivsi3.o)
                              ./Utilities/print_scan.o (__aeabi_uidiv)
c:/freescale/kds_3.0.0/toolchain/bin/../lib/gcc/arm-none-eabi/4.8.4/armv6-m\libgcc.a(_divsi3.o)
                              ./Utilities/print_scan.o (__aeabi_idiv)
c:/freescale/kds_3.0.0/toolchain/bin/../lib/gcc/arm-none-eabi/4.8.4/armv6-m\libgcc.a(_dvmd_tls.o)
                              c:/freescale/kds_3.0.0/toolchain/bin/../lib/gcc/arm-none-eabi/4.8.4/armv6-m\libgcc.a(_udivsi3.o) (__aeabi_idiv0)
c:/freescale/kds_3.0.0/toolchain/bin/../lib/gcc/arm-none-eabi/4.8.4/../../../../arm-none-eabi/lib/armv6-m\libg_s.a(lib_a-assert.o)
                              ./Board/board.o (__assert_func)
c:/freescale/kds_3.0.0/toolchain/bin/../lib/gcc/arm-none-eabi/4.8.4/../../../../arm-none-eabi/lib/armv6-m\libg_s.a(lib_a-calloc.o)
                              C:/Freescale/KSDK_1.3.0/lib/ksdk_platform_lib/kds/KL26Z4/debug/libksdk_platform.a(fsl_os_abstraction_bm.o) (calloc)
c:/freescale/kds_3.0.0/toolchain/bin/../lib/gcc/arm-none-eabi/4.8.4/../../../../arm-none-eabi/lib/armv6-m\libg_s.a(lib_a-exit.o)
                              c:/freescale/kds_3.0.0/toolchain/bin/../lib/gcc/arm-none-eabi/4.8.4/../../../../arm-none-eabi/lib/armv6-m/crt0.o (exit)
c:/freescale/kds_3.0.0/toolchain/bin/../lib/gcc/arm-none-eabi/4.8.4/../../../../arm-none-eabi/lib/armv6-m\libg_s.a(lib_a-fprintf.o)
                              c:/freescale/kds_3.0.0/toolchain/bin/../lib/gcc/arm-none-eabi/4.8.4/../../../../arm-none-eabi/lib/armv6-m\libg_s.a(lib_a-assert.o) (fiprintf)
c:/freescale/kds_3.0.0/toolchain/bin/../lib/gcc/arm-none-eabi/4.8.4/../../../../arm-none-eabi/lib/armv6-m\libg_s.a(lib_a-impure.o)
                              c:/freescale/kds_3.0.0/toolchain/bin/../lib/gcc/arm-none-eabi/4.8.4/../../../../arm-none-eabi/lib/armv6-m\libg_s.a(lib_a-exit.o) (_global_impure_ptr)
c:/freescale/kds_3.0.0/toolchain/bin/../lib/gcc/arm-none-eabi/4.8.4/../../../../arm-none-eabi/lib/armv6-m\libg_s.a(lib_a-init.o)
[...]
Memory Configuration

Name             Origin             Length             Attributes
m_interrupts     0x00000000         0x00000100         xr
m_flash_config   0x00000400         0x00000010         xr
m_text           0x00000410         0x0001fbf0         xr
m_data           0x1ffff000         0x00004000         rw
*default*        0x00000000         0xffffffff

Linker script and memory map

LOAD c:/freescale/kds_3.0.0/toolchain/bin/../lib/gcc/arm-none-eabi/4.8.4/armv6-m/crti.o
LOAD c:/freescale/kds_3.0.0/toolchain/bin/../lib/gcc/arm-none-eabi/4.8.4/armv6-m/crtbegin.o
LOAD c:/freescale/kds_3.0.0/toolchain/bin/../lib/gcc/arm-none-eabi/4.8.4/../../../../arm-none-eabi/lib/armv6-m/crt0.o
LOAD ./Utilities/fsl_debug_console.o
LOAD ./Utilities/print_scan.o
LOAD ./Sources/main2.o
LOAD ./Project_Settings/Startup_Code/startup.o
LOAD ./Project_Settings/Startup_Code/startup_MKL26Z4.o
LOAD ./Project_Settings/Startup_Code/system_MKL26Z4.o
LOAD ./Board/board.o
LOAD ./Board/gpio_pins.o
LOAD ./Board/hardware_init.o
LOAD ./Board/pin_mux.o
LOAD C:/Freescale/KSDK_1.3.0/lib/ksdk_platform_lib/kds/KL26Z4/debug/libksdk_platform.a
LOAD c:/freescale/kds_3.0.0/toolchain/bin/../lib/gcc/arm-none-eabi/4.8.4/../../../../arm-none-eabi/lib/armv6-m\libstdc++_s.a
LOAD c:/freescale/kds_3.0.0/toolchain/bin/../lib/gcc/arm-none-eabi/4.8.4/../../../../arm-none-eabi/lib/armv6-m\libm.a
START GROUP
LOAD c:/freescale/kds_3.0.0/toolchain/bin/../lib/gcc/arm-none-eabi/4.8.4/armv6-m\libgcc.a
LOAD c:/freescale/kds_3.0.0/toolchain/bin/../lib/gcc/arm-none-eabi/4.8.4/../../../../arm-none-eabi/lib/armv6-m\libg_s.a
LOAD c:/freescale/kds_3.0.0/toolchain/bin/../lib/gcc/arm-none-eabi/4.8.4/../../../../arm-none-eabi/lib/armv6-m\libc_s.a
END GROUP
START GROUP
LOAD c:/freescale/kds_3.0.0/toolchain/bin/../lib/gcc/arm-none-eabi/4.8.4/armv6-m\libgcc.a
LOAD c:/freescale/kds_3.0.0/toolchain/bin/../lib/gcc/arm-none-eabi/4.8.4/../../../../arm-none-eabi/lib/armv6-m\libc_s.a
LOAD c:/freescale/kds_3.0.0/toolchain/bin/../lib/gcc/arm-none-eabi/4.8.4/../../../../arm-none-eabi/lib/armv6-m\libnosys.a
END GROUP
START GROUP
LOAD c:/freescale/kds_3.0.0/toolchain/bin/../lib/gcc/arm-none-eabi/4.8.4/armv6-m\libgcc.a
LOAD c:/freescale/kds_3.0.0/toolchain/bin/../lib/gcc/arm-none-eabi/4.8.4/../../../../arm-none-eabi/lib/armv6-m\libc_s.a
LOAD c:/freescale/kds_3.0.0/toolchain/bin/../lib/gcc/arm-none-eabi/4.8.4/../../../../arm-none-eabi/lib/armv6-m\libnosys.a
END GROUP
LOAD c:/freescale/kds_3.0.0/toolchain/bin/../lib/gcc/arm-none-eabi/4.8.4/armv6-m/crtend.o
LOAD c:/freescale/kds_3.0.0/toolchain/bin/../lib/gcc/arm-none-eabi/4.8.4/armv6-m/crtn.o
                0x00000400                HEAP_SIZE = DEFINED (__heap_size__)?__heap_size__:0x400
                0x00000400                STACK_SIZE = DEFINED (__stack_size__)?__stack_size__:0x400
                0x00000000                M_VECTOR_RAM_SIZE = DEFINED (__ram_vector_table__)?0x100:0x0

.interrupts     0x00000000       0xc0
                0x00000000                __VECTOR_TABLE = .
                0x00000000                . = ALIGN (0x4)
 *(.isr_vector)
 .isr_vector    0x00000000       0xc0 ./Project_Settings/Startup_Code/startup_MKL26Z4.o
                0x00000000                __isr_vector
                0x000000c0                . = ALIGN (0x4)

.flash_config   0x00000400       0x10
                0x00000400                . = ALIGN (0x4)
 *(.FlashConfig)
 .FlashConfig   0x00000400       0x10 ./Project_Settings/Startup_Code/startup_MKL26Z4.o
                0x00000410                . = ALIGN (0x4)

.text           0x00000410     0x4970
                0x00000410                . = ALIGN (0x4)
 *(.text)
 .text          0x00000410       0x60 c:/freescale/kds_3.0.0/toolchain/bin/../lib/gcc/arm-none-eabi/4.8.4/armv6-m/crtbegin.o
 .text          0x00000470       0x78 c:/freescale/kds_3.0.0/toolchain/bin/../lib/gcc/arm-none-eabi/4.8.4/../../../../arm-none-eabi/lib/armv6-m/crt0.o
                0x00000470                _start
                0x00000470                _mainCRTStartup
 .text          0x000004e8       0x18 ./Project_Settings/Startup_Code/startup_MKL26Z4.o
                0x000004e8                Reset_Handler
                0x000004f8                HardFault_Handler
                0x000004f8                SysTick_Handler
                0x000004f8                PendSV_Handler
                0x000004f8                NMI_Handler
                0x000004f8                PORTC_PORTD_IRQHandler
                0x000004f8                I2C1_IRQHandler
                0x000004f8                UART1_IRQHandler
                0x000004f8                DMA2_IRQHandler
                0x000004f8                TPM0_IRQHandler
                0x000004f8                I2S0_IRQHandler
                0x000004f8                LLWU_IRQHandler
                0x000004f8                TSI0_IRQHandler
                0x000004f8                ADC0_IRQHandler
                0x000004f8                SPI1_IRQHandler
                0x000004f8                DefaultISR
                0x000004f8                TPM2_IRQHandler
                0x000004f8                RTC_IRQHandler
                0x000004f8                I2C0_IRQHandler
                0x000004f8                RTC_Seconds_IRQHandler
                0x000004f8                MCG_IRQHandler
                0x000004f8                UART2_IRQHandler
                0x000004f8                Reserved20_IRQHandler
                0x000004f8                USB0_IRQHandler
                0x000004f8                PIT_IRQHandler
                0x000004f8                SVC_Handler
                0x000004f8                DMA3_IRQHandler
                0x000004f8                DMA0_IRQHandler
                0x000004f8                DAC0_IRQHandler
                0x000004f8                Reserved45_IRQHandler
                0x000004f8                TPM1_IRQHandler
                0x000004f8                LVD_LVW_IRQHandler
                0x000004f8                SPI0_IRQHandler
                0x000004f8                PORTA_IRQHandler
                0x000004f8                FTFA_IRQHandler
                0x000004f8                LPTMR0_IRQHandler
                0x000004f8                CMP0_IRQHandler
                0x000004f8                DMA1_IRQHandler
 .text          0x00000500       0x9c c:/freescale/kds_3.0.0/toolchain/bin/../lib/gcc/arm-none-eabi/4.8.4/armv6-m\libgcc.a(_udivsi3.o)
                0x00000500                __aeabi_uidiv
                0x00000500                __udivsi3
                0x00000588                __aeabi_uidivmod
 .text          0x0000059c       0xc0 c:/freescale/kds_3.0.0/toolchain/bin/../lib/gcc/arm-none-eabi/4.8.4/armv6-m\libgcc.a(_divsi3.o)
                0x0000059c                __divsi3
                0x0000059c                __aeabi_idiv
                0x00000648                __aeabi_idivmod
 .text          0x0000065c        0x4 c:/freescale/kds_3.0.0/toolchain/bin/../lib/gcc/arm-none-eabi/4.8.4/armv6-m\libgcc.a(_dvmd_tls.o)
                0x0000065c                __aeabi_idiv0
                0x0000065c                __aeabi_ldiv0
 *(.text*)
 .text.UART_HAL_EnableTransmitter
                0x00000660       0x1c ./Utilities/fsl_debug_console.o
 .text.UART_HAL_EnableReceiver
                0x0000067c       0x1c ./Utilities/fsl_debug_console.o
 .text.UART_HAL_SetBitCountPerChar
                0x00000698       0x28 ./Utilities/fsl_debug_console.o
 .text.UART_HAL_SetStopBitCount
                0x000006c0       0x28 ./Utilities/fsl_debug_console.o
 .text.LPSCI_HAL_EnableTransmitter
                0x000006e8       0x1c ./Utilities/fsl_debug_console.o
 .text.LPSCI_HAL_EnableReceiver
                0x00000704       0x1c ./Utilities/fsl_debug_console.o
 .text.LPSCI_HAL_SetBitCountPerChar
                0x00000720       0x28 ./Utilities/fsl_debug_console.o
 .text.LPSCI_HAL_SetStopBitCount
                0x00000748       0x28 ./Utilities/fsl_debug_console.o
 .text.DbgConsole_Init
                0x00000770      0x160 ./Utilities/fsl_debug_console.o
                0x00000770                DbgConsole_Init
 .text._write   0x000008d0       0x5c ./Utilities/fsl_debug_console.o
                0x000008d0                _write
 .text._read    0x0000092c       0x48 ./Utilities/fsl_debug_console.o
                0x0000092c                _read
 .text.debug_printf
                0x00000974       0x4c ./Utilities/fsl_debug_console.o
                0x00000974                debug_printf
 .text.debug_putc
                0x000009c0       0x44 ./Utilities/fsl_debug_console.o
 .text._doprint
                0x00000a04      0x6e4 ./Utilities/print_scan.o
                0x00000a04                _doprint
 .text.mknumstr
                0x000010e8      0x110 ./Utilities/print_scan.o
 .text.fput_pad
                0x000011f8       0x44 ./Utilities/print_scan.o
 .text.NVIC_EnableIRQ
                0x0000123c       0x2c ./Sources/main2.o
 .text.NVIC_ClearPendingIRQ
                0x00001268       0x34 ./Sources/main2.o
 .text.UART0_IRQHandler
                0x0000129c       0x34 ./Sources/main2.o
                0x0000129c                UART0_IRQHandler
 .text.put_char
                0x000012d0       0x30 ./Sources/main2.o
                0x000012d0                put_char
 .text.main     0x00001300       0x28 ./Sources/main2.o
                0x00001300                main
 .text.enable_UART0_receive_interrupt
                0x00001328       0x28 ./Sources/main2.o
                0x00001328                enable_UART0_receive_interrupt
 .text.init_data_bss
                0x00001350       0xc8 ./Project_Settings/Startup_Code/startup.o
                0x00001350                init_data_bss
 .text.SystemInit
                0x00001418       0x38 ./Project_Settings/Startup_Code/system_MKL26Z4.o
                0x00001418                SystemInit
 .text.PORT_HAL_SetMuxMode
                0x00001450       0x4c ./Board/board.o
 .text.CLOCK_HAL_SetLpsciSrc
                0x0000149c       0x30 ./Board/board.o
 .text.CLOCK_SYS_SetLpsciSrc
                0x000014cc       0x2c ./Board/board.o
 .text.SMC_HAL_SetProtection
                0x000014f8       0x1c ./Board/board.o
 .text.BOARD_InitOsc0
                0x00001514       0x40 ./Board/board.o
                0x00001514                BOARD_InitOsc0
 .text.BOARD_InitRtcOsc
                0x00001554       0x3c ./Board/board.o
                0x00001554                BOARD_InitRtcOsc
 .text.BOARD_ClockInit
                0x00001590       0x48 ./Board/board.o
                0x00001590                BOARD_ClockInit
 .text.dbg_uart_init
                0x000015d8       0x24 ./Board/board.o
                0x000015d8                dbg_uart_init
 .text.hardware_init
                0x000015fc       0x1c ./Board/hardware_init.o
                0x000015fc                hardware_init
 .text.PORT_HAL_SetMuxMode
                0x00001618       0x4c ./Board/pin_mux.o
 .text.configure_lpsci_pins
                0x00001664       0x34 ./Board/pin_mux.o
                0x00001664                configure_lpsci_pins
 .text.UART_HAL_SetBaudRate
                0x00001698       0x6c C:/Freescale/KSDK_1.3.0/lib/ksdk_platform_lib/kds/KL26Z4/debug/libksdk_platform.a(fsl_uart_hal.o)
                0x00001698                UART_HAL_SetBaudRate
 .text.UART_HAL_SetParityMode
                0x00001704       0x40 C:/Freescale/KSDK_1.3.0/lib/ksdk_platform_lib/kds/KL26Z4/debug/libksdk_platform.a(fsl_uart_hal.o)
                0x00001704                UART_HAL_SetParityMode
 .text.UART_HAL_Putchar
                0x00001744       0x34 C:/Freescale/KSDK_1.3.0/lib/ksdk_platform_lib/kds/KL26Z4/debug/libksdk_platform.a(fsl_uart_hal.o)
                0x00001744                UART_HAL_Putchar
 .text.UART_HAL_Getchar
                0x00001778       0x34 C:/Freescale/KSDK_1.3.0/lib/ksdk_platform_lib/kds/KL26Z4/debug/libksdk_platform.a(fsl_uart_hal.o)
                0x00001778                UART_HAL_Getchar
 .text.UART_HAL_SendDataPolling
                0x000017ac       0x44 C:/Freescale/KSDK_1.3.0/lib/ksdk_platform_lib/kds/KL26Z4/debug/libksdk_platform.a(fsl_uart_hal.o)
                0x000017ac                UART_HAL_SendDataPolling
 .text.UART_HAL_ReceiveDataPolling
                0x000017f0       0xa4 C:/Freescale/KSDK_1.3.0/lib/ksdk_platform_lib/kds/KL26Z4/debug/libksdk_platform.a(fsl_uart_hal.o)
                0x000017f0                UART_HAL_ReceiveDataPolling
 .text.LPSCI_HAL_Putchar
                0x00001894       0x1c C:/Freescale/KSDK_1.3.0/lib/ksdk_platform_lib/kds/KL26Z4/debug/libksdk_platform.a(fsl_lpsci_hal.o)
 .text.LPSCI_HAL_Getchar
                0x000018b0       0x1c C:/Freescale/KSDK_1.3.0/lib/ksdk_platform_lib/kds/KL26Z4/debug/libksdk_platform.a(fsl_lpsci_hal.o)
 .text.LPSCI_HAL_SetBaudRate
                0x000018cc      0x14c C:/Freescale/KSDK_1.3.0/lib/ksdk_platform_lib/kds/KL26Z4/debug/libksdk_platform.a(fsl_lpsci_hal.o)
                0x000018cc                LPSCI_HAL_SetBaudRate
 .text.LPSCI_HAL_SetParityMode
                0x00001a18       0x40 C:/Freescale/KSDK_1.3.0/lib/ksdk_platform_lib/kds/KL26Z4/debug/libksdk_platform.a(fsl_lpsci_hal.o)
                0x00001a18                LPSCI_HAL_SetParityMode
 .text.LPSCI_HAL_SendDataPolling
                0x00001a58       0x44 C:/Freescale/KSDK_1.3.0/lib/ksdk_platform_lib/kds/KL26Z4/debug/libksdk_platform.a(fsl_lpsci_hal.o)
                0x00001a58                LPSCI_HAL_SendDataPolling
 .text.LPSCI_HAL_ReceiveDataPolling
                0x00001a9c       0x88 C:/Freescale/KSDK_1.3.0/lib/ksdk_platform_lib/kds/KL26Z4/debug/libksdk_platform.a(fsl_lpsci_hal.o)
                0x00001a9c                LPSCI_HAL_ReceiveDataPolling
 .text.SIM_HAL_EnableClock
                0x00001b24       0x58 C:/Freescale/KSDK_1.3.0/lib/ksdk_platform_lib/kds/KL26Z4/debug/libksdk_platform.a(fsl_clock_MKL26Z4.o)
 .text.CLOCK_HAL_GetLpsciSrc
                0x00001b7c       0x28 C:/Freescale/KSDK_1.3.0/lib/ksdk_platform_lib/kds/KL26Z4/debug/libksdk_platform.a(fsl_clock_MKL26Z4.o)
 .text.CLOCK_HAL_SetExternalRefClock32kSrc
                0x00001ba4       0x28 C:/Freescale/KSDK_1.3.0/lib/ksdk_platform_lib/kds/KL26Z4/debug/libksdk_platform.a(fsl_clock_MKL26Z4.o)
 .text.CLOCK_HAL_SetPllfllSel
                0x00001bcc       0x2c C:/Freescale/KSDK_1.3.0/lib/ksdk_platform_lib/kds/KL26Z4/debug/libksdk_platform.a(fsl_clock_MKL26Z4.o)
 .text.CLOCK_HAL_GetPllfllSel
                0x00001bf8       0x24 C:/Freescale/KSDK_1.3.0/lib/ksdk_platform_lib/kds/KL26Z4/debug/libksdk_platform.a(fsl_clock_MKL26Z4.o)
 .text.CLOCK_HAL_GetOutDiv1
                0x00001c1c       0x28 C:/Freescale/KSDK_1.3.0/lib/ksdk_platform_lib/kds/KL26Z4/debug/libksdk_platform.a(fsl_clock_MKL26Z4.o)
 .text.CLOCK_HAL_GetOutDiv4
                0x00001c44       0x28 C:/Freescale/KSDK_1.3.0/lib/ksdk_platform_lib/kds/KL26Z4/debug/libksdk_platform.a(fsl_clock_MKL26Z4.o)
 .text.OSC_HAL_GetExternalRefClkCmd
                0x00001c6c       0x24 C:/Freescale/KSDK_1.3.0/lib/ksdk_platform_lib/kds/KL26Z4/debug/libksdk_platform.a(fsl_clock_MKL26Z4.o)
 .text.CLOCK_SYS_SetSimConfigration
                0x00001c90       0x48 C:/Freescale/KSDK_1.3.0/lib/ksdk_platform_lib/kds/KL26Z4/debug/libksdk_platform.a(fsl_clock_MKL26Z4.o)
                0x00001c90                CLOCK_SYS_SetSimConfigration
 .text.CLOCK_SYS_SetConfiguration
                0x00001cd8       0x74 C:/Freescale/KSDK_1.3.0/lib/ksdk_platform_lib/kds/KL26Z4/debug/libksdk_platform.a(fsl_clock_MKL26Z4.o)
                0x00001cd8                CLOCK_SYS_SetConfiguration
 .text.CLOCK_SYS_GetCoreClockFreq
                0x00001d4c       0x34 C:/Freescale/KSDK_1.3.0/lib/ksdk_platform_lib/kds/KL26Z4/debug/libksdk_platform.a(fsl_clock_MKL26Z4.o)
                0x00001d4c                CLOCK_SYS_GetCoreClockFreq
 .text.CLOCK_SYS_GetSystemClockFreq
                0x00001d80       0x34 C:/Freescale/KSDK_1.3.0/lib/ksdk_platform_lib/kds/KL26Z4/debug/libksdk_platform.a(fsl_clock_MKL26Z4.o)
                0x00001d80                CLOCK_SYS_GetSystemClockFreq
 .text.CLOCK_SYS_GetBusClockFreq
                0x00001db4       0x2c C:/Freescale/KSDK_1.3.0/lib/ksdk_platform_lib/kds/KL26Z4/debug/libksdk_platform.a(fsl_clock_MKL26Z4.o)
                0x00001db4                CLOCK_SYS_GetBusClockFreq
 .text.CLOCK_SYS_GetPllFllClockFreq
                0x00001de0       0x5c C:/Freescale/KSDK_1.3.0/lib/ksdk_platform_lib/kds/KL26Z4/debug/libksdk_platform.a(fsl_clock_MKL26Z4.o)
                0x00001de0                CLOCK_SYS_GetPllFllClockFreq
 .text.CLOCK_SYS_GetOsc0ExternalRefClockFreq
                0x00001e3c       0x2c C:/Freescale/KSDK_1.3.0/lib/ksdk_platform_lib/kds/KL26Z4/debug/libksdk_platform.a(fsl_clock_MKL26Z4.o)
                0x00001e3c                CLOCK_SYS_GetOsc0ExternalRefClockFreq
 .text.CLOCK_SYS_GetLpsciFreq
                0x00001e68       0x68 C:/Freescale/KSDK_1.3.0/lib/ksdk_platform_lib/kds/KL26Z4/debug/libksdk_platform.a(fsl_clock_MKL26Z4.o)
                0x00001e68                CLOCK_SYS_GetLpsciFreq
 .text.CLOCK_SYS_GetUartFreq
                0x00001ed0       0x2c C:/Freescale/KSDK_1.3.0/lib/ksdk_platform_lib/kds/KL26Z4/debug/libksdk_platform.a(fsl_clock_MKL26Z4.o)
                0x00001ed0                CLOCK_SYS_GetUartFreq
 .text.CLOCK_SYS_EnablePortClock
                0x00001efc       0x4c C:/Freescale/KSDK_1.3.0/lib/ksdk_platform_lib/kds/KL26Z4/debug/libksdk_platform.a(fsl_clock_MKL26Z4.o)
                0x00001efc                CLOCK_SYS_EnablePortClock
 .text.CLOCK_SYS_EnableLpsciClock
                0x00001f48       0x40 C:/Freescale/KSDK_1.3.0/lib/ksdk_platform_lib/kds/KL26Z4/debug/libksdk_platform.a(fsl_clock_MKL26Z4.o)
                0x00001f48                CLOCK_SYS_EnableLpsciClock
 .text.CLOCK_SYS_EnableUartClock
                0x00001f88       0x4c C:/Freescale/KSDK_1.3.0/lib/ksdk_platform_lib/kds/KL26Z4/debug/libksdk_platform.a(fsl_clock_MKL26Z4.o)
                0x00001f88                CLOCK_SYS_EnableUartClock
 .text.SIM_HAL_EnableClock
                0x00001fd4       0x58 C:/Freescale/KSDK_1.3.0/lib/ksdk_platform_lib/kds/KL26Z4/debug/libksdk_platform.a(fsl_clock_manager.o)
 .text.CLOCK_HAL_SetClkOutSrc
                0x0000202c       0x28 C:/Freescale/KSDK_1.3.0/lib/ksdk_platform_lib/kds/KL26Z4/debug/libksdk_platform.a(fsl_clock_manager.o)
 .text.CLOCK_HAL_GetClkOutStat
                0x00002054       0x20 C:/Freescale/KSDK_1.3.0/lib/ksdk_platform_lib/kds/KL26Z4/debug/libksdk_platform.a(fsl_clock_manager.o)
 .text.CLOCK_HAL_SetInternalRefClkEnableCmd
                0x00002074       0x28 C:/Freescale/KSDK_1.3.0/lib/ksdk_platform_lib/kds/KL26Z4/debug/libksdk_platform.a(fsl_clock_manager.o)
 .text.CLOCK_HAL_SetInternalRefClkEnableInStopCmd
                0x0000209c       0x24 C:/Freescale/KSDK_1.3.0/lib/ksdk_platform_lib/kds/KL26Z4/debug/libksdk_platform.a(fsl_clock_manager.o)
 .text.CLOCK_HAL_SetInternalRefClkMode
                0x000020c0       0x24 C:/Freescale/KSDK_1.3.0/lib/ksdk_platform_lib/kds/KL26Z4/debug/libksdk_platform.a(fsl_clock_manager.o)
 .text.CLOCK_HAL_GetInternalRefClkMode
                0x000020e4       0x20 C:/Freescale/KSDK_1.3.0/lib/ksdk_platform_lib/kds/KL26Z4/debug/libksdk_platform.a(fsl_clock_manager.o)
 .text.CLOCK_HAL_SetPll0EnableCmd
                0x00002104       0x28 C:/Freescale/KSDK_1.3.0/lib/ksdk_platform_lib/kds/KL26Z4/debug/libksdk_platform.a(fsl_clock_manager.o)
 .text.CLOCK_HAL_IsOsc0Stable
                0x0000212c       0x24 C:/Freescale/KSDK_1.3.0/lib/ksdk_platform_lib/kds/KL26Z4/debug/libksdk_platform.a(fsl_clock_manager.o)
 .text.OSC_HAL_SetExternalRefClkCmd
                0x00002150       0x28 C:/Freescale/KSDK_1.3.0/lib/ksdk_platform_lib/kds/KL26Z4/debug/libksdk_platform.a(fsl_clock_manager.o)
 .text.OSC_HAL_SetExternalRefClkInStopModeCmd
                0x00002178       0x28 C:/Freescale/KSDK_1.3.0/lib/ksdk_platform_lib/kds/KL26Z4/debug/libksdk_platform.a(fsl_clock_manager.o)
 .text.CLOCK_SYS_EnableRtcClock
                0x000021a0       0x1c C:/Freescale/KSDK_1.3.0/lib/ksdk_platform_lib/kds/KL26Z4/debug/libksdk_platform.a(fsl_clock_manager.o)
 .text.RTC_HAL_SetOsc2pfLoadCmd
                0x000021bc       0x28 C:/Freescale/KSDK_1.3.0/lib/ksdk_platform_lib/kds/KL26Z4/debug/libksdk_platform.a(fsl_clock_manager.o)
 .text.RTC_HAL_SetOsc4pfLoadCmd
                0x000021e4       0x28 C:/Freescale/KSDK_1.3.0/lib/ksdk_platform_lib/kds/KL26Z4/debug/libksdk_platform.a(fsl_clock_manager.o)
 .text.RTC_HAL_SetOsc8pfLoadCmd
                0x0000220c       0x28 C:/Freescale/KSDK_1.3.0/lib/ksdk_platform_lib/kds/KL26Z4/debug/libksdk_platform.a(fsl_clock_manager.o)
 .text.RTC_HAL_SetOsc16pfLoadCmd
                0x00002234       0x28 C:/Freescale/KSDK_1.3.0/lib/ksdk_platform_lib/kds/KL26Z4/debug/libksdk_platform.a(fsl_clock_manager.o)
 .text.RTC_HAL_SetOscillatorCmd
                0x0000225c       0x28 C:/Freescale/KSDK_1.3.0/lib/ksdk_platform_lib/kds/KL26Z4/debug/libksdk_platform.a(fsl_clock_manager.o)
 .text.RTC_HAL_IsOscillatorEnabled
                0x00002284       0x24 C:/Freescale/KSDK_1.3.0/lib/ksdk_platform_lib/kds/KL26Z4/debug/libksdk_platform.a(fsl_clock_manager.o)
 .text.CLOCK_SYS_FllStableDelay
                0x000022a8       0x24 C:/Freescale/KSDK_1.3.0/lib/ksdk_platform_lib/kds/KL26Z4/debug/libksdk_platform.a(fsl_clock_manager.o)
 .text.CLOCK_SYS_McgModeToIdx
                0x000022cc       0x6c C:/Freescale/KSDK_1.3.0/lib/ksdk_platform_lib/kds/KL26Z4/debug/libksdk_platform.a(fsl_clock_manager.o)
 .text.CLOCK_SYS_SetMcgMode
                0x00002338      0x210 C:/Freescale/KSDK_1.3.0/lib/ksdk_platform_lib/kds/KL26Z4/debug/libksdk_platform.a(fsl_clock_manager.o)
                0x00002338                CLOCK_SYS_SetMcgMode
 .text.CLOCK_SYS_OscInit
                0x00002548       0xf0 C:/Freescale/KSDK_1.3.0/lib/ksdk_platform_lib/kds/KL26Z4/debug/libksdk_platform.a(fsl_clock_manager.o)
                0x00002548                CLOCK_SYS_OscInit
 .text.CLOCK_SYS_SetOscerConfigration
                0x00002638       0x3c C:/Freescale/KSDK_1.3.0/lib/ksdk_platform_lib/kds/KL26Z4/debug/libksdk_platform.a(fsl_clock_manager.o)
                0x00002638                CLOCK_SYS_SetOscerConfigration
 .text.CLOCK_SYS_RtcOscInit
                0x00002674       0xb0 C:/Freescale/KSDK_1.3.0/lib/ksdk_platform_lib/kds/KL26Z4/debug/libksdk_platform.a(fsl_clock_manager.o)
                0x00002674                CLOCK_SYS_RtcOscInit
 .text.CLOCK_HAL_SetOutDiv
                0x00002724       0x50 C:/Freescale/KSDK_1.3.0/lib/ksdk_platform_lib/kds/KL26Z4/debug/libksdk_platform.a(fsl_sim_hal_MKL26Z4.o)
                0x00002724                CLOCK_HAL_SetOutDiv
 .text.OSC_HAL_SetCapacitor
                0x00002774       0x28 C:/Freescale/KSDK_1.3.0/lib/ksdk_platform_lib/kds/KL26Z4/debug/libksdk_platform.a(fsl_osc_hal.o)
                0x00002774                OSC_HAL_SetCapacitor
 .text.CLOCK_HAL_GetClkOutStat
                0x0000279c       0x20 C:/Freescale/KSDK_1.3.0/lib/ksdk_platform_lib/kds/KL26Z4/debug/libksdk_platform.a(fsl_mcg_hal.o)
 .text.CLOCK_HAL_SetInternalRefClkMode
                0x000027bc       0x24 C:/Freescale/KSDK_1.3.0/lib/ksdk_platform_lib/kds/KL26Z4/debug/libksdk_platform.a(fsl_mcg_hal.o)
 .text.CLOCK_HAL_GetInternalRefClkMode
                0x000027e0       0x20 C:/Freescale/KSDK_1.3.0/lib/ksdk_platform_lib/kds/KL26Z4/debug/libksdk_platform.a(fsl_mcg_hal.o)
 .text.CLOCK_HAL_IsPll0Locked
                0x00002800       0x24 C:/Freescale/KSDK_1.3.0/lib/ksdk_platform_lib/kds/KL26Z4/debug/libksdk_platform.a(fsl_mcg_hal.o)
 .text.CLOCK_HAL_IsPllSelected
                0x00002824       0x24 C:/Freescale/KSDK_1.3.0/lib/ksdk_platform_lib/kds/KL26Z4/debug/libksdk_platform.a(fsl_mcg_hal.o)
 .text.CLOCK_HAL_IsOsc0Stable
                0x00002848       0x24 C:/Freescale/KSDK_1.3.0/lib/ksdk_platform_lib/kds/KL26Z4/debug/libksdk_platform.a(fsl_mcg_hal.o)
 .text.CLOCK_HAL_PrepareOsc
                0x0000286c       0x3c C:/Freescale/KSDK_1.3.0/lib/ksdk_platform_lib/kds/KL26Z4/debug/libksdk_platform.a(fsl_mcg_hal.o)
                0x0000286c                CLOCK_HAL_PrepareOsc
 .text.CLOCK_HAL_GetMcgExternalClkFreq
                0x000028a8       0x18 C:/Freescale/KSDK_1.3.0/lib/ksdk_platform_lib/kds/KL26Z4/debug/libksdk_platform.a(fsl_mcg_hal.o)
 .text.CLOCK_HAL_TestFllExternalRefFreq
                0x000028c0       0x7c C:/Freescale/KSDK_1.3.0/lib/ksdk_platform_lib/kds/KL26Z4/debug/libksdk_platform.a(fsl_mcg_hal.o)
                0x000028c0                CLOCK_HAL_TestFllExternalRefFreq
 .text.CLOCK_HAL_GetFllRefClk
                0x0000293c       0x8c C:/Freescale/KSDK_1.3.0/lib/ksdk_platform_lib/kds/KL26Z4/debug/libksdk_platform.a(fsl_mcg_hal.o)
                0x0000293c                CLOCK_HAL_GetFllRefClk
 .text.CLOCK_HAL_TestFllFreq
                0x000029c8       0x6c C:/Freescale/KSDK_1.3.0/lib/ksdk_platform_lib/kds/KL26Z4/debug/libksdk_platform.a(fsl_mcg_hal.o)
                0x000029c8                CLOCK_HAL_TestFllFreq
 .text.CLOCK_HAL_GetFllClk
                0x00002a34       0x7c C:/Freescale/KSDK_1.3.0/lib/ksdk_platform_lib/kds/KL26Z4/debug/libksdk_platform.a(fsl_mcg_hal.o)
                0x00002a34                CLOCK_HAL_GetFllClk
 .text.CLOCK_HAL_UpdateFastClkInternalRefDiv
                0x00002ab0       0xb8 C:/Freescale/KSDK_1.3.0/lib/ksdk_platform_lib/kds/KL26Z4/debug/libksdk_platform.a(fsl_mcg_hal.o)
                0x00002ab0                CLOCK_HAL_UpdateFastClkInternalRefDiv
 .text.CLOCK_HAL_GetPll0RefFreq
                0x00002b68       0x1c C:/Freescale/KSDK_1.3.0/lib/ksdk_platform_lib/kds/KL26Z4/debug/libksdk_platform.a(fsl_mcg_hal.o)
                0x00002b68                CLOCK_HAL_GetPll0RefFreq
 .text.CLOCK_HAL_GetPll0Clk
                0x00002b84       0x90 C:/Freescale/KSDK_1.3.0/lib/ksdk_platform_lib/kds/KL26Z4/debug/libksdk_platform.a(fsl_mcg_hal.o)
                0x00002b84                CLOCK_HAL_GetPll0Clk
 .text.CLOCK_HAL_EnablePll0InFllMode
                0x00002c14       0x8c C:/Freescale/KSDK_1.3.0/lib/ksdk_platform_lib/kds/KL26Z4/debug/libksdk_platform.a(fsl_mcg_hal.o)
                0x00002c14                CLOCK_HAL_EnablePll0InFllMode
 .text.CLOCK_HAL_GetInternalRefClk
                0x00002ca0       0x64 C:/Freescale/KSDK_1.3.0/lib/ksdk_platform_lib/kds/KL26Z4/debug/libksdk_platform.a(fsl_mcg_hal.o)
                0x00002ca0                CLOCK_HAL_GetInternalRefClk
 .text.CLOCK_HAL_GetOutClk
                0x00002d04       0x7c C:/Freescale/KSDK_1.3.0/lib/ksdk_platform_lib/kds/KL26Z4/debug/libksdk_platform.a(fsl_mcg_hal.o)
                0x00002d04                CLOCK_HAL_GetOutClk
 .text.CLOCK_HAL_SetOsc0Mode
                0x00002d80       0x68 C:/Freescale/KSDK_1.3.0/lib/ksdk_platform_lib/kds/KL26Z4/debug/libksdk_platform.a(fsl_mcg_hal.o)
                0x00002d80                CLOCK_HAL_SetOsc0Mode
 .text.CLOCK_HAL_GetClkOutStat
                0x00002de8       0x20 C:/Freescale/KSDK_1.3.0/lib/ksdk_platform_lib/kds/KL26Z4/debug/libksdk_platform.a(fsl_mcg_hal_modes.o)
 .text.CLOCK_HAL_GetFllSrc
                0x00002e08       0x20 C:/Freescale/KSDK_1.3.0/lib/ksdk_platform_lib/kds/KL26Z4/debug/libksdk_platform.a(fsl_mcg_hal_modes.o)
 .text.CLOCK_HAL_GetInternalRefClkMode
                0x00002e28       0x20 C:/Freescale/KSDK_1.3.0/lib/ksdk_platform_lib/kds/KL26Z4/debug/libksdk_platform.a(fsl_mcg_hal_modes.o)
 .text.CLOCK_HAL_SetPll0EnableCmd
                0x00002e48       0x28 C:/Freescale/KSDK_1.3.0/lib/ksdk_platform_lib/kds/KL26Z4/debug/libksdk_platform.a(fsl_mcg_hal_modes.o)
 .text.CLOCK_HAL_IsPll0Locked
                0x00002e70       0x24 C:/Freescale/KSDK_1.3.0/lib/ksdk_platform_lib/kds/KL26Z4/debug/libksdk_platform.a(fsl_mcg_hal_modes.o)
 .text.CLOCK_HAL_IsPllSelected
                0x00002e94       0x24 C:/Freescale/KSDK_1.3.0/lib/ksdk_platform_lib/kds/KL26Z4/debug/libksdk_platform.a(fsl_mcg_hal_modes.o)
 .text.CLOCK_HAL_IsOsc0Stable
                0x00002eb8       0x24 C:/Freescale/KSDK_1.3.0/lib/ksdk_platform_lib/kds/KL26Z4/debug/libksdk_platform.a(fsl_mcg_hal_modes.o)
 .text.CLOCK_HAL_GetMcgMode
                0x00002edc      0x148 C:/Freescale/KSDK_1.3.0/lib/ksdk_platform_lib/kds/KL26Z4/debug/libksdk_platform.a(fsl_mcg_hal_modes.o)
                0x00002edc                CLOCK_HAL_GetMcgMode
 .text.CLOCK_HAL_SetFeiMode
                0x00003024       0xf8 C:/Freescale/KSDK_1.3.0/lib/ksdk_platform_lib/kds/KL26Z4/debug/libksdk_platform.a(fsl_mcg_hal_modes.o)
                0x00003024                CLOCK_HAL_SetFeiMode
 .text.CLOCK_HAL_SetFeeMode
                0x0000311c      0x130 C:/Freescale/KSDK_1.3.0/lib/ksdk_platform_lib/kds/KL26Z4/debug/libksdk_platform.a(fsl_mcg_hal_modes.o)
                0x0000311c                CLOCK_HAL_SetFeeMode
 .text.CLOCK_HAL_SetFbiMode
                0x0000324c      0x144 C:/Freescale/KSDK_1.3.0/lib/ksdk_platform_lib/kds/KL26Z4/debug/libksdk_platform.a(fsl_mcg_hal_modes.o)
                0x0000324c                CLOCK_HAL_SetFbiMode
 .text.CLOCK_HAL_SetFbeMode
                0x00003390      0x164 C:/Freescale/KSDK_1.3.0/lib/ksdk_platform_lib/kds/KL26Z4/debug/libksdk_platform.a(fsl_mcg_hal_modes.o)
                0x00003390                CLOCK_HAL_SetFbeMode
 .text.CLOCK_HAL_SetBlpiMode
                0x000034f4       0x68 C:/Freescale/KSDK_1.3.0/lib/ksdk_platform_lib/kds/KL26Z4/debug/libksdk_platform.a(fsl_mcg_hal_modes.o)
                0x000034f4                CLOCK_HAL_SetBlpiMode
 .text.CLOCK_HAL_SetBlpeMode
                0x0000355c       0x34 C:/Freescale/KSDK_1.3.0/lib/ksdk_platform_lib/kds/KL26Z4/debug/libksdk_platform.a(fsl_mcg_hal_modes.o)
                0x0000355c                CLOCK_HAL_SetBlpeMode
 .text.CLOCK_HAL_SetPbeMode
                0x00003590      0x100 C:/Freescale/KSDK_1.3.0/lib/ksdk_platform_lib/kds/KL26Z4/debug/libksdk_platform.a(fsl_mcg_hal_modes.o)
                0x00003590                CLOCK_HAL_SetPbeMode
 .text.CLOCK_HAL_SetPeeMode
                0x00003690       0x30 C:/Freescale/KSDK_1.3.0/lib/ksdk_platform_lib/kds/KL26Z4/debug/libksdk_platform.a(fsl_mcg_hal_modes.o)
                0x00003690                CLOCK_HAL_SetPeeMode
 .text.__assert_func
                0x000036c0       0x3c c:/freescale/kds_3.0.0/toolchain/bin/../lib/gcc/arm-none-eabi/4.8.4/../../../../arm-none-eabi/lib/armv6-m\libg_s.a(lib_a-assert.o)
                0x000036c0                __assert_func
 .text.exit     0x000036fc       0x2c c:/freescale/kds_3.0.0/toolchain/bin/../lib/gcc/arm-none-eabi/4.8.4/../../../../arm-none-eabi/lib/armv6-m\libg_s.a(lib_a-exit.o)
                0x000036fc                exit
 .text.fprintf  0x00003728       0x24 c:/freescale/kds_3.0.0/toolchain/bin/../lib/gcc/arm-none-eabi/4.8.4/../../../../arm-none-eabi/lib/armv6-m\libg_s.a(lib_a-fprintf.o)
                0x00003728                fiprintf
                0x00003728                fprintf
 .text.__libc_init_array
                0x0000374c       0x4c c:/freescale/kds_3.0.0/toolchain/bin/../lib/gcc/arm-none-eabi/4.8.4/../../../../arm-none-eabi/lib/armv6-m\libg_s.a(lib_a-init.o)
                0x0000374c                __libc_init_array
 .text.memset   0x00003798       0x10 c:/freescale/kds_3.0.0/toolchain/bin/../lib/gcc/arm-none-eabi/4.8.4/../../../../arm-none-eabi/lib/armv6-m\libg_s.a(lib_a-memset.o)
                0x00003798                memset
 .text._free_r  0x000037a8       0x90 c:/freescale/kds_3.0.0/toolchain/bin/../lib/gcc/arm-none-eabi/4.8.4/../../../../arm-none-eabi/lib/armv6-m\libg_s.a(lib_a-nano-freer.o)
                0x000037a8                _free_r
 .text._malloc_r
                0x00003838       0xa8 c:/freescale/kds_3.0.0/toolchain/bin/../lib/gcc/arm-none-eabi/4.8.4/../../../../arm-none-eabi/lib/armv6-m\libg_s.a(lib_a-nano-mallocr.o)
                0x00003838                _malloc_r
 .text._sbrk_r  0x000038e0       0x24 c:/freescale/kds_3.0.0/toolchain/bin/../lib/gcc/arm-none-eabi/4.8.4/../../../../arm-none-eabi/lib/armv6-m\libg_s.a(lib_a-sbrkr.o)
                0x000038e0                _sbrk_r
 .text.strlen   0x00003904        0xe c:/freescale/kds_3.0.0/toolchain/bin/../lib/gcc/arm-none-eabi/4.8.4/../../../../arm-none-eabi/lib/armv6-m\libg_s.a(lib_a-strlen.o)
                0x00003904                strlen
 .text.__sfputc_r
                0x00003912       0x2a c:/freescale/kds_3.0.0/toolchain/bin/../lib/gcc/arm-none-eabi/4.8.4/../../../../arm-none-eabi/lib/armv6-m\libg_s.a(lib_a-vfprintf.o)
 .text.__sfputs_r
                0x0000393c       0x24 c:/freescale/kds_3.0.0/toolchain/bin/../lib/gcc/arm-none-eabi/4.8.4/../../../../arm-none-eabi/lib/armv6-m\libg_s.a(lib_a-vfprintf.o)
                0x0000393c                __sfputs_r
 .text._vfprintf_r
                0x00003960      0x210 c:/freescale/kds_3.0.0/toolchain/bin/../lib/gcc/arm-none-eabi/4.8.4/../../../../arm-none-eabi/lib/armv6-m\libg_s.a(lib_a-vfprintf.o)
                0x00003960                _vfprintf_r
                0x00003960                _vfiprintf_r
 .text._printf_common
                0x00003b70       0xe8 c:/freescale/kds_3.0.0/toolchain/bin/../lib/gcc/arm-none-eabi/4.8.4/../../../../arm-none-eabi/lib/armv6-m\libg_s.a(lib_a-vfprintf_i.o)
                0x00003b70                _printf_common
 .text._printf_i
                0x00003c58      0x22c c:/freescale/kds_3.0.0/toolchain/bin/../lib/gcc/arm-none-eabi/4.8.4/../../../../arm-none-eabi/lib/armv6-m\libg_s.a(lib_a-vfprintf_i.o)
                0x00003c58                _printf_i
 .text.__swbuf_r
                0x00003e84       0xb0 c:/freescale/kds_3.0.0/toolchain/bin/../lib/gcc/arm-none-eabi/4.8.4/../../../../arm-none-eabi/lib/armv6-m\libg_s.a(lib_a-wbuf.o)
                0x00003e84                __swbuf_r
 .text.__swsetup_r
                0x00003f34       0xe4 c:/freescale/kds_3.0.0/toolchain/bin/../lib/gcc/arm-none-eabi/4.8.4/../../../../arm-none-eabi/lib/armv6-m\libg_s.a(lib_a-wsetup.o)
                0x00003f34                __swsetup_r
 .text.abort    0x00004018        0xe c:/freescale/kds_3.0.0/toolchain/bin/../lib/gcc/arm-none-eabi/4.8.4/../../../../arm-none-eabi/lib/armv6-m\libg_s.a(lib_a-abort.o)
                0x00004018                abort
 .text.__sflush_r
                0x00004026      0x112 c:/freescale/kds_3.0.0/toolchain/bin/../lib/gcc/arm-none-eabi/4.8.4/../../../../arm-none-eabi/lib/armv6-m\libg_s.a(lib_a-fflush.o)
                0x00004026                __sflush_r
 .text._fflush_r
                0x00004138       0x58 c:/freescale/kds_3.0.0/toolchain/bin/../lib/gcc/arm-none-eabi/4.8.4/../../../../arm-none-eabi/lib/armv6-m\libg_s.a(lib_a-fflush.o)
                0x00004138                _fflush_r
 .text._cleanup_r
                0x00004190       0x34 c:/freescale/kds_3.0.0/toolchain/bin/../lib/gcc/arm-none-eabi/4.8.4/../../../../arm-none-eabi/lib/armv6-m\libg_s.a(lib_a-findfp.o)
                0x00004190                _cleanup_r
 .text.std.isra.0
                0x000041c4       0x48 c:/freescale/kds_3.0.0/toolchain/bin/../lib/gcc/arm-none-eabi/4.8.4/../../../../arm-none-eabi/lib/armv6-m\libg_s.a(lib_a-findfp.o)
 .text.__sfmoreglue
                0x0000420c       0x2c c:/freescale/kds_3.0.0/toolchain/bin/../lib/gcc/arm-none-eabi/4.8.4/../../../../arm-none-eabi/lib/armv6-m\libg_s.a(lib_a-findfp.o)
                0x0000420c                __sfmoreglue
 .text.__sinit  0x00004238       0x64 c:/freescale/kds_3.0.0/toolchain/bin/../lib/gcc/arm-none-eabi/4.8.4/../../../../arm-none-eabi/lib/armv6-m\libg_s.a(lib_a-findfp.o)
                0x00004238                __sinit
 .text.__sfp    0x0000429c       0x7c c:/freescale/kds_3.0.0/toolchain/bin/../lib/gcc/arm-none-eabi/4.8.4/../../../../arm-none-eabi/lib/armv6-m\libg_s.a(lib_a-findfp.o)
                0x0000429c                __sfp
 .text.__smakebuf_r
                0x00004318       0xa0 c:/freescale/kds_3.0.0/toolchain/bin/../lib/gcc/arm-none-eabi/4.8.4/../../../../arm-none-eabi/lib/armv6-m\libg_s.a(lib_a-makebuf.o)
                0x00004318                __smakebuf_r
 .text.memchr   0x000043b8       0x16 c:/freescale/kds_3.0.0/toolchain/bin/../lib/gcc/arm-none-eabi/4.8.4/../../../../arm-none-eabi/lib/armv6-m\libg_s.a(lib_a-memchr-stub.o)
                0x000043b8                memchr
 .text._raise_r
                0x000043ce       0x56 c:/freescale/kds_3.0.0/toolchain/bin/../lib/gcc/arm-none-eabi/4.8.4/../../../../arm-none-eabi/lib/armv6-m\libg_s.a(lib_a-signal.o)
                0x000043ce                _raise_r
 .text.raise    0x00004424       0x14 c:/freescale/kds_3.0.0/toolchain/bin/../lib/gcc/arm-none-eabi/4.8.4/../../../../arm-none-eabi/lib/armv6-m\libg_s.a(lib_a-signal.o)
                0x00004424                raise
 .text._kill_r  0x00004438       0x24 c:/freescale/kds_3.0.0/toolchain/bin/../lib/gcc/arm-none-eabi/4.8.4/../../../../arm-none-eabi/lib/armv6-m\libg_s.a(lib_a-signalr.o)
                0x00004438                _kill_r
 .text._getpid_r
                0x0000445c        0x8 c:/freescale/kds_3.0.0/toolchain/bin/../lib/gcc/arm-none-eabi/4.8.4/../../../../arm-none-eabi/lib/armv6-m\libg_s.a(lib_a-signalr.o)
                0x0000445c                _getpid_r
 .text.__sread  0x00004464       0x28 c:/freescale/kds_3.0.0/toolchain/bin/../lib/gcc/arm-none-eabi/4.8.4/../../../../arm-none-eabi/lib/armv6-m\libg_s.a(lib_a-stdio.o)
                0x00004464                __sread
 .text.__swrite
                0x0000448c       0x38 c:/freescale/kds_3.0.0/toolchain/bin/../lib/gcc/arm-none-eabi/4.8.4/../../../../arm-none-eabi/lib/armv6-m\libg_s.a(lib_a-stdio.o)
                0x0000448c                __swrite
 .text.__sseek  0x000044c4       0x2c c:/freescale/kds_3.0.0/toolchain/bin/../lib/gcc/arm-none-eabi/4.8.4/../../../../arm-none-eabi/lib/armv6-m\libg_s.a(lib_a-stdio.o)
                0x000044c4                __sseek
 .text.__sclose
                0x000044f0        0xc c:/freescale/kds_3.0.0/toolchain/bin/../lib/gcc/arm-none-eabi/4.8.4/../../../../arm-none-eabi/lib/armv6-m\libg_s.a(lib_a-stdio.o)
                0x000044f0                __sclose
 .text._write_r
                0x000044fc       0x28 c:/freescale/kds_3.0.0/toolchain/bin/../lib/gcc/arm-none-eabi/4.8.4/../../../../arm-none-eabi/lib/armv6-m\libg_s.a(lib_a-writer.o)
                0x000044fc                _write_r
 .text._close_r
                0x00004524       0x24 c:/freescale/kds_3.0.0/toolchain/bin/../lib/gcc/arm-none-eabi/4.8.4/../../../../arm-none-eabi/lib/armv6-m\libg_s.a(lib_a-closer.o)
                0x00004524                _close_r
 .text._fstat_r
                0x00004548       0x24 c:/freescale/kds_3.0.0/toolchain/bin/../lib/gcc/arm-none-eabi/4.8.4/../../../../arm-none-eabi/lib/armv6-m\libg_s.a(lib_a-fstatr.o)
                0x00004548                _fstat_r
 .text._isatty_r
                0x0000456c       0x24 c:/freescale/kds_3.0.0/toolchain/bin/../lib/gcc/arm-none-eabi/4.8.4/../../../../arm-none-eabi/lib/armv6-m\libg_s.a(lib_a-isattyr.o)
                0x0000456c                _isatty_r
 .text._lseek_r
                0x00004590       0x28 c:/freescale/kds_3.0.0/toolchain/bin/../lib/gcc/arm-none-eabi/4.8.4/../../../../arm-none-eabi/lib/armv6-m\libg_s.a(lib_a-lseekr.o)
                0x00004590                _lseek_r
 .text._read_r  0x000045b8       0x28 c:/freescale/kds_3.0.0/toolchain/bin/../lib/gcc/arm-none-eabi/4.8.4/../../../../arm-none-eabi/lib/armv6-m\libg_s.a(lib_a-readr.o)
                0x000045b8                _read_r
 .text._close   0x000045e0       0x10 c:/freescale/kds_3.0.0/toolchain/bin/../lib/gcc/arm-none-eabi/4.8.4/../../../../arm-none-eabi/lib/armv6-m\libnosys.a(close.o)
                0x000045e0                _close
 .text._fstat   0x000045f0       0x10 c:/freescale/kds_3.0.0/toolchain/bin/../lib/gcc/arm-none-eabi/4.8.4/../../../../arm-none-eabi/lib/armv6-m\libnosys.a(fstat.o)
                0x000045f0                _fstat
 .text._getpid  0x00004600       0x10 c:/freescale/kds_3.0.0/toolchain/bin/../lib/gcc/arm-none-eabi/4.8.4/../../../../arm-none-eabi/lib/armv6-m\libnosys.a(getpid.o)
                0x00004600                _getpid
 .text._isatty  0x00004610       0x10 c:/freescale/kds_3.0.0/toolchain/bin/../lib/gcc/arm-none-eabi/4.8.4/../../../../arm-none-eabi/lib/armv6-m\libnosys.a(isatty.o)
                0x00004610                _isatty
 .text._kill    0x00004620       0x10 c:/freescale/kds_3.0.0/toolchain/bin/../lib/gcc/arm-none-eabi/4.8.4/../../../../arm-none-eabi/lib/armv6-m\libnosys.a(kill.o)
                0x00004620                _kill
 .text._lseek   0x00004630       0x10 c:/freescale/kds_3.0.0/toolchain/bin/../lib/gcc/arm-none-eabi/4.8.4/../../../../arm-none-eabi/lib/armv6-m\libnosys.a(lseek.o)
                0x00004630                _lseek
 .text._sbrk    0x00004640       0x34 c:/freescale/kds_3.0.0/toolchain/bin/../lib/gcc/arm-none-eabi/4.8.4/../../../../arm-none-eabi/lib/armv6-m\libnosys.a(sbrk.o)
                0x00004640                _sbrk
 .text._exit    0x00004674        0x4 c:/freescale/kds_3.0.0/toolchain/bin/../lib/gcc/arm-none-eabi/4.8.4/../../../../arm-none-eabi/lib/armv6-m\libnosys.a(_exit.o)
                0x00004674                _exit
 *(.rodata)
 .rodata        0x00004678        0xc ./Utilities/fsl_debug_console.o
 .rodata        0x00004684       0x54 ./Sources/main2.o
 .rodata        0x000046d8       0x44 ./Board/board.o
 .rodata        0x0000471c       0x44 ./Board/pin_mux.o
 .rodata        0x00004760      0x22c C:/Freescale/KSDK_1.3.0/lib/ksdk_platform_lib/kds/KL26Z4/debug/libksdk_platform.a(fsl_clock_MKL26Z4.o)
 .rodata        0x0000498c       0xcc C:/Freescale/KSDK_1.3.0/lib/ksdk_platform_lib/kds/KL26Z4/debug/libksdk_platform.a(fsl_clock_manager.o)
 *(.rodata*)
 .rodata._doprint
                0x00004a58       0xc8 ./Utilities/print_scan.o
 .rodata.g_defaultClockConfigRun
                0x00004b20       0x14 ./Board/board.o
                0x00004b20                g_defaultClockConfigRun
 .rodata.__func__.5149
                0x00004b34       0x14 ./Board/board.o
 .rodata.__func__.5125
                0x00004b48       0x14 ./Board/pin_mux.o
 .rodata.portGateTable
                0x00004b5c        0x8 C:/Freescale/KSDK_1.3.0/lib/ksdk_platform_lib/kds/KL26Z4/debug/libksdk_platform.a(fsl_clock_MKL26Z4.o)
 .rodata.uartGateTable
                0x00004b64        0x4 C:/Freescale/KSDK_1.3.0/lib/ksdk_platform_lib/kds/KL26Z4/debug/libksdk_platform.a(fsl_clock_MKL26Z4.o)
 .rodata.__func__.6218
                0x00004b68       0x1c C:/Freescale/KSDK_1.3.0/lib/ksdk_platform_lib/kds/KL26Z4/debug/libksdk_platform.a(fsl_clock_MKL26Z4.o)
 .rodata.__func__.6364
                0x00004b84       0x1c C:/Freescale/KSDK_1.3.0/lib/ksdk_platform_lib/kds/KL26Z4/debug/libksdk_platform.a(fsl_clock_MKL26Z4.o)
 .rodata.__func__.6437
                0x00004ba0       0x1c C:/Freescale/KSDK_1.3.0/lib/ksdk_platform_lib/kds/KL26Z4/debug/libksdk_platform.a(fsl_clock_MKL26Z4.o)
 .rodata.__func__.6442
                0x00004bbc       0x1c C:/Freescale/KSDK_1.3.0/lib/ksdk_platform_lib/kds/KL26Z4/debug/libksdk_platform.a(fsl_clock_MKL26Z4.o)
 .rodata.mcgModeMatrix
                0x00004bd8       0x40 C:/Freescale/KSDK_1.3.0/lib/ksdk_platform_lib/kds/KL26Z4/debug/libksdk_platform.a(fsl_clock_manager.o)
 .rodata.CLOCK_SYS_SetMcgMode
                0x00004c18       0x20 C:/Freescale/KSDK_1.3.0/lib/ksdk_platform_lib/kds/KL26Z4/debug/libksdk_platform.a(fsl_clock_manager.o)
 .rodata.__func__.6632
                0x00004c38       0x18 C:/Freescale/KSDK_1.3.0/lib/ksdk_platform_lib/kds/KL26Z4/debug/libksdk_platform.a(fsl_clock_manager.o)
 .rodata.__func__.6665
                0x00004c50       0x14 C:/Freescale/KSDK_1.3.0/lib/ksdk_platform_lib/kds/KL26Z4/debug/libksdk_platform.a(fsl_clock_manager.o)
 .rodata.__func__.6682
                0x00004c64       0x18 C:/Freescale/KSDK_1.3.0/lib/ksdk_platform_lib/kds/KL26Z4/debug/libksdk_platform.a(fsl_clock_manager.o)
 .rodata.g_oscBase
                0x00004c7c        0x4 C:/Freescale/KSDK_1.3.0/lib/ksdk_platform_lib/kds/KL26Z4/debug/libksdk_platform.a(fsl_clock_manager_common.o)
                0x00004c7c                g_oscBase
 .rodata.fllFactorTable.5239
                0x00004c80       0x10 C:/Freescale/KSDK_1.3.0/lib/ksdk_platform_lib/kds/KL26Z4/debug/libksdk_platform.a(fsl_mcg_hal.o)
 .rodata.str1.1
                0x00004c90       0x3c c:/freescale/kds_3.0.0/toolchain/bin/../lib/gcc/arm-none-eabi/4.8.4/../../../../arm-none-eabi/lib/armv6-m\libg_s.a(lib_a-assert.o)
                                 0x3d (size before relaxing)
 .rodata.str1.1
                0x00004ccc        0x2 c:/freescale/kds_3.0.0/toolchain/bin/../lib/gcc/arm-none-eabi/4.8.4/../../../../arm-none-eabi/lib/armv6-m\libg_s.a(lib_a-impure.o)
 *fill*         0x00004cce        0x2 
 .rodata._global_impure_ptr
                0x00004cd0        0x4 c:/freescale/kds_3.0.0/toolchain/bin/../lib/gcc/arm-none-eabi/4.8.4/../../../../arm-none-eabi/lib/armv6-m\libg_s.a(lib_a-impure.o)
                0x00004cd0                _global_impure_ptr
 .rodata.str1.1
                0x00004cd4       0x11 c:/freescale/kds_3.0.0/toolchain/bin/../lib/gcc/arm-none-eabi/4.8.4/../../../../arm-none-eabi/lib/armv6-m\libg_s.a(lib_a-vfprintf.o)
 .rodata.str1.1
                0x00004ce5       0x22 c:/freescale/kds_3.0.0/toolchain/bin/../lib/gcc/arm-none-eabi/4.8.4/../../../../arm-none-eabi/lib/armv6-m\libg_s.a(lib_a-vfprintf_i.o)
 *fill*         0x00004d07        0x1 
 .rodata.__sf_fake_stdin
                0x00004d08       0x20 c:/freescale/kds_3.0.0/toolchain/bin/../lib/gcc/arm-none-eabi/4.8.4/../../../../arm-none-eabi/lib/armv6-m\libg_s.a(lib_a-findfp.o)
                0x00004d08                __sf_fake_stdin
 .rodata.__sf_fake_stdout
                0x00004d28       0x20 c:/freescale/kds_3.0.0/toolchain/bin/../lib/gcc/arm-none-eabi/4.8.4/../../../../arm-none-eabi/lib/armv6-m\libg_s.a(lib_a-findfp.o)
                0x00004d28                __sf_fake_stdout
 .rodata.__sf_fake_stderr
                0x00004d48       0x20 c:/freescale/kds_3.0.0/toolchain/bin/../lib/gcc/arm-none-eabi/4.8.4/../../../../arm-none-eabi/lib/armv6-m\libg_s.a(lib_a-findfp.o)
                0x00004d48                __sf_fake_stderr
 *(.glue_7)
 .glue_7        0x00000000        0x0 linker stubs
 *(.glue_7t)
 .glue_7t       0x00000000        0x0 linker stubs
 *(.eh_frame)
 .eh_frame      0x00004d68        0x0 c:/freescale/kds_3.0.0/toolchain/bin/../lib/gcc/arm-none-eabi/4.8.4/armv6-m/crtbegin.o
 *(.init)
 .init          0x00004d68        0x4 c:/freescale/kds_3.0.0/toolchain/bin/../lib/gcc/arm-none-eabi/4.8.4/armv6-m/crti.o
                0x00004d68                _init
 .init          0x00004d6c        0x8 c:/freescale/kds_3.0.0/toolchain/bin/../lib/gcc/arm-none-eabi/4.8.4/armv6-m/crtn.o
 *(.fini)
 .fini          0x00004d74        0x4 c:/freescale/kds_3.0.0/toolchain/bin/../lib/gcc/arm-none-eabi/4.8.4/armv6-m/crti.o
                0x00004d74                _fini
 .fini          0x00004d78        0x8 c:/freescale/kds_3.0.0/toolchain/bin/../lib/gcc/arm-none-eabi/4.8.4/armv6-m/crtn.o
                0x00004d80                . = ALIGN (0x4)

.vfp11_veneer   0x00004d80        0x0
 .vfp11_veneer  0x00000000        0x0 linker stubs

.v4_bx          0x00004d80        0x0
 .v4_bx         0x00000000        0x0 linker stubs

.iplt           0x00004d80        0x0
 .iplt          0x00000000        0x0 c:/freescale/kds_3.0.0/toolchain/bin/../lib/gcc/arm-none-eabi/4.8.4/armv6-m/crtbegin.o

.ARM.extab
 *(.ARM.extab* .gnu.linkonce.armextab.*)

.ARM            0x00004d80        0x8
                0x00004d80                __exidx_start = .
 *(.ARM.exidx*)
 .ARM.exidx     0x00004d80        0x8 c:/freescale/kds_3.0.0/toolchain/bin/../lib/gcc/arm-none-eabi/4.8.4/../../../../arm-none-eabi/lib/armv6-m/crt0.o
                0x00004d88                __exidx_end = .

.rel.dyn        0x00004d88        0x0
 .rel.iplt      0x00000000        0x0 c:/freescale/kds_3.0.0/toolchain/bin/../lib/gcc/arm-none-eabi/4.8.4/armv6-m/crtbegin.o

.ctors          0x00004d88        0x0
                0x00004d88                __CTOR_LIST__ = .
 *crtbegin.o(.ctors)
 *crtbegin?.o(.ctors)
 *(EXCLUDE_FILE(*crtend.o *crtend?.o) .ctors)
 *(SORT(.ctors.*))
 *(.ctors)
                0x00004d88                __CTOR_END__ = .

.dtors          0x00004d88        0x0
                0x00004d88                __DTOR_LIST__ = .
 *crtbegin.o(.dtors)
 *crtbegin?.o(.dtors)
 *(EXCLUDE_FILE(*crtend.o *crtend?.o) .dtors)
 *(SORT(.dtors.*))
 *(.dtors)
                0x00004d88                __DTOR_END__ = .

.preinit_array  0x00004d88        0x0
                0x00004d88                PROVIDE (__preinit_array_start, .)
 *(.preinit_array*)
                0x00004d88                PROVIDE (__preinit_array_end, .)

.init_array     0x00004d88        0x4
                0x00004d88                PROVIDE (__init_array_start, .)
 *(SORT(.init_array.*))
 *(.init_array*)
 .init_array    0x00004d88        0x4 c:/freescale/kds_3.0.0/toolchain/bin/../lib/gcc/arm-none-eabi/4.8.4/armv6-m/crtbegin.o
                0x00004d8c                PROVIDE (__init_array_end, .)

.fini_array     0x00004d8c        0x4
                0x00004d8c                PROVIDE (__fini_array_start, .)
 *(SORT(.fini_array.*))
 *(.fini_array*)
 .fini_array    0x00004d8c        0x4 c:/freescale/kds_3.0.0/toolchain/bin/../lib/gcc/arm-none-eabi/4.8.4/armv6-m/crtbegin.o
                0x00004d90                PROVIDE (__fini_array_end, .)
                0x00004d90                __etext = .
                0x00004d90                __DATA_ROM = .

.mtb            0x1ffff000        0x0
                0x1ffff000                . = ALIGN (0x8)
                0x1ffff000                _mtb_start = .
 *(.mtb_buf)
                0x1ffff000                . = ALIGN (0x8)
                0x1ffff000                _mtb_end = .

.interrupts_ram
                0x1ffff000        0x0
                0x1ffff000                . = ALIGN (0x4)
                0x1ffff000                __VECTOR_RAM__ = .
                0x1ffff000                __interrupts_ram_start__ = .
 *(.m_interrupts_ram)
                0x1ffff000                . = (. + M_VECTOR_RAM_SIZE)
                0x1ffff000                . = ALIGN (0x4)
                0x1ffff000                __interrupts_ram_end__ = .
                0x00000000                __VECTOR_RAM = DEFINED (__ram_vector_table__)?__VECTOR_RAM__:ORIGIN (m_interrupts)
                0x00000000                __RAM_VECTOR_TABLE_SIZE_BYTES = DEFINED (__ram_vector_table__)?(__interrupts_ram_end__ - __interrupts_ram_start__):0x0

.data           0x1ffff000       0x74 load address 0x00004d90
                0x1ffff000                . = ALIGN (0x4)
                0x1ffff000                __DATA_RAM = .
                0x1ffff000                __data_start__ = .
 *(.data)
 *(.data*)
 .data.SystemCoreClock
                0x1ffff000        0x4 ./Project_Settings/Startup_Code/system_MKL26Z4.o
                0x1ffff000                SystemCoreClock
 .data.g_fastInternalRefClkFreq
                0x1ffff004        0x4 C:/Freescale/KSDK_1.3.0/lib/ksdk_platform_lib/kds/KL26Z4/debug/libksdk_platform.a(fsl_mcg_hal.o)
                0x1ffff004                g_fastInternalRefClkFreq
 .data.g_slowInternalRefClkFreq
                0x1ffff008        0x4 C:/Freescale/KSDK_1.3.0/lib/ksdk_platform_lib/kds/KL26Z4/debug/libksdk_platform.a(fsl_mcg_hal.o)
                0x1ffff008                g_slowInternalRefClkFreq
 .data.impure_data
                0x1ffff00c       0x60 c:/freescale/kds_3.0.0/toolchain/bin/../lib/gcc/arm-none-eabi/4.8.4/../../../../arm-none-eabi/lib/armv6-m\libg_s.a(lib_a-impure.o)
 .data._impure_ptr
                0x1ffff06c        0x4 c:/freescale/kds_3.0.0/toolchain/bin/../lib/gcc/arm-none-eabi/4.8.4/../../../../arm-none-eabi/lib/armv6-m\libg_s.a(lib_a-impure.o)
                0x1ffff06c                _impure_ptr
 *(.jcr*)
 .jcr           0x1ffff070        0x0 c:/freescale/kds_3.0.0/toolchain/bin/../lib/gcc/arm-none-eabi/4.8.4/armv6-m/crtbegin.o
 .jcr           0x1ffff070        0x4 c:/freescale/kds_3.0.0/toolchain/bin/../lib/gcc/arm-none-eabi/4.8.4/armv6-m/crtend.o
                0x1ffff074                . = ALIGN (0x4)
                0x1ffff074                __data_end__ = .
                0x00004e04                __DATA_END = (__DATA_ROM + (__data_end__ - __data_start__))

.igot.plt       0x1ffff074        0x0 load address 0x00004e04
 .igot.plt      0x00000000        0x0 c:/freescale/kds_3.0.0/toolchain/bin/../lib/gcc/arm-none-eabi/4.8.4/armv6-m/crtbegin.o

.bss            0x1ffff074       0x44 load address 0x00004e04
                0x1ffff074                . = ALIGN (0x4)
                0x1ffff074                __START_BSS = .
                0x1ffff074                __bss_start__ = .
 *(.bss)
 .bss           0x1ffff074       0x1c c:/freescale/kds_3.0.0/toolchain/bin/../lib/gcc/arm-none-eabi/4.8.4/armv6-m/crtbegin.o
 *(.bss*)
 .bss.s_debugConsole
                0x1ffff090       0x10 ./Utilities/fsl_debug_console.o
 .bss.g_xtal0ClkFreq
                0x1ffff0a0        0x4 C:/Freescale/KSDK_1.3.0/lib/ksdk_platform_lib/kds/KL26Z4/debug/libksdk_platform.a(fsl_mcg_hal.o)
                0x1ffff0a0                g_xtal0ClkFreq
 .bss.g_xtalRtcClkFreq
                0x1ffff0a4        0x4 C:/Freescale/KSDK_1.3.0/lib/ksdk_platform_lib/kds/KL26Z4/debug/libksdk_platform.a(fsl_mcg_hal.o)
                0x1ffff0a4                g_xtalRtcClkFreq
 .bss.__malloc_sbrk_start
                0x1ffff0a8        0x4 c:/freescale/kds_3.0.0/toolchain/bin/../lib/gcc/arm-none-eabi/4.8.4/../../../../arm-none-eabi/lib/armv6-m\libg_s.a(lib_a-nano-mallocr.o)
                0x1ffff0a8                __malloc_sbrk_start
 .bss.__malloc_free_list
                0x1ffff0ac        0x4 c:/freescale/kds_3.0.0/toolchain/bin/../lib/gcc/arm-none-eabi/4.8.4/../../../../arm-none-eabi/lib/armv6-m\libg_s.a(lib_a-nano-mallocr.o)
                0x1ffff0ac                __malloc_free_list
 .bss.heap_end.4246
                0x1ffff0b0        0x4 c:/freescale/kds_3.0.0/toolchain/bin/../lib/gcc/arm-none-eabi/4.8.4/../../../../arm-none-eabi/lib/armv6-m\libnosys.a(sbrk.o)
 *(COMMON)
 COMMON         0x1ffff0b4        0x4 c:/freescale/kds_3.0.0/toolchain/bin/../lib/gcc/arm-none-eabi/4.8.4/../../../../arm-none-eabi/lib/armv6-m\libg_s.a(lib_a-reent.o)
                0x1ffff0b4                errno
                0x1ffff0b8                . = ALIGN (0x4)
                0x1ffff0b8                __bss_end__ = .
                0x1ffff0b8                __END_BSS = .

.heap           0x1ffff0b8      0x400 load address 0x00004e48
                0x1ffff0b8                . = ALIGN (0x8)
                0x1ffff0b8                __end__ = .
                0x1ffff0b8                PROVIDE (end, .)
                0x1ffff0b8                __HeapBase = .
                0x1ffff4b8                . = (. + HEAP_SIZE)
 *fill*         0x1ffff0b8      0x400 
                0x1ffff4b8                __HeapLimit = .

.stack          0x1ffff4b8      0x400 load address 0x00005248
                0x1ffff4b8                . = ALIGN (0x8)
                0x1ffff8b8                . = (. + STACK_SIZE)
 *fill*         0x1ffff4b8      0x400 
                0x20003000                __StackTop = (ORIGIN (m_data) + 0x4000)
                0x20002c00                __StackLimit = (__StackTop - STACK_SIZE)
                0x20003000                PROVIDE (__stack, __StackTop)

.ARM.attributes
                0x00000000       0x28
 *(.ARM.attributes)
 .ARM.attributes
                0x00000000       0x1e c:/freescale/kds_3.0.0/toolchain/bin/../lib/gcc/arm-none-eabi/4.8.4/armv6-m/crti.o
 .ARM.attributes
                0x0000001e       0x2c c:/freescale/kds_3.0.0/toolchain/bin/../lib/gcc/arm-none-eabi/4.8.4/armv6-m/crtbegin.o
 .ARM.attributes
                0x0000004a       0x1b c:/freescale/kds_3.0.0/toolchain/bin/../lib/gcc/arm-none-eabi/4.8.4/../../../../arm-none-eabi/lib/armv6-m/crt0.o
 .ARM.attributes
                0x00000065       0x32 ./Utilities/fsl_debug_console.o
 .ARM.attributes
                0x00000097       0x32 ./Utilities/print_scan.o
 .ARM.attributes
                0x000000c9       0x32 ./Sources/main2.o
 .ARM.attributes
                0x000000fb       0x32 ./Project_Settings/Startup_Code/startup.o
 .ARM.attributes
                0x0000012d       0x1b ./Project_Settings/Startup_Code/startup_MKL26Z4.o
 .ARM.attributes
                0x00000148       0x32 ./Project_Settings/Startup_Code/system_MKL26Z4.o
 .ARM.attributes
                0x0000017a       0x32 ./Board/board.o
 .ARM.attributes
                0x000001ac       0x32 ./Board/hardware_init.o
 .ARM.attributes
                0x000001de       0x32 ./Board/pin_mux.o
 .ARM.attributes
                0x00000210       0x32 C:/Freescale/KSDK_1.3.0/lib/ksdk_platform_lib/kds/KL26Z4/debug/libksdk_platform.a(fsl_uart_hal.o)
 .ARM.attributes
                0x00000242       0x32 C:/Freescale/KSDK_1.3.0/lib/ksdk_platform_lib/kds/KL26Z4/debug/libksdk_platform.a(fsl_lpsci_hal.o)
 .ARM.attributes
                0x00000274       0x32 C:/Freescale/KSDK_1.3.0/lib/ksdk_platform_lib/kds/KL26Z4/debug/libksdk_platform.a(fsl_clock_MKL26Z4.o)
 .ARM.attributes
                0x000002a6       0x32 C:/Freescale/KSDK_1.3.0/lib/ksdk_platform_lib/kds/KL26Z4/debug/libksdk_platform.a(fsl_clock_manager.o)
 .ARM.attributes
                0x000002d8       0x32 C:/Freescale/KSDK_1.3.0/lib/ksdk_platform_lib/kds/KL26Z4/debug/libksdk_platform.a(fsl_clock_manager_common.o)
 .ARM.attributes
                0x0000030a       0x32 C:/Freescale/KSDK_1.3.0/lib/ksdk_platform_lib/kds/KL26Z4/debug/libksdk_platform.a(fsl_sim_hal_MKL26Z4.o)
 .ARM.attributes
                0x0000033c       0x32 C:/Freescale/KSDK_1.3.0/lib/ksdk_platform_lib/kds/KL26Z4/debug/libksdk_platform.a(fsl_osc_hal.o)
 .ARM.attributes
                0x0000036e       0x32 C:/Freescale/KSDK_1.3.0/lib/ksdk_platform_lib/kds/KL26Z4/debug/libksdk_platform.a(fsl_mcg_hal.o)
 .ARM.attributes
                0x000003a0       0x32 C:/Freescale/KSDK_1.3.0/lib/ksdk_platform_lib/kds/KL26Z4/debug/libksdk_platform.a(fsl_mcg_hal_modes.o)
 .ARM.attributes
                0x000003d2       0x1e c:/freescale/kds_3.0.0/toolchain/bin/../lib/gcc/arm-none-eabi/4.8.4/armv6-m\libgcc.a(_udivsi3.o)
 .ARM.attributes
                0x000003f0       0x1e c:/freescale/kds_3.0.0/toolchain/bin/../lib/gcc/arm-none-eabi/4.8.4/armv6-m\libgcc.a(_divsi3.o)
 .ARM.attributes
                0x0000040e       0x1e c:/freescale/kds_3.0.0/toolchain/bin/../lib/gcc/arm-none-eabi/4.8.4/armv6-m\libgcc.a(_dvmd_tls.o)
 .ARM.attributes
                0x0000042c       0x2c c:/freescale/kds_3.0.0/toolchain/bin/../lib/gcc/arm-none-eabi/4.8.4/../../../../arm-none-eabi/lib/armv6-m\libg_s.a(lib_a-assert.o)
 .ARM.attributes
                0x00000458       0x2c c:/freescale/kds_3.0.0/toolchain/bin/../lib/gcc/arm-none-eabi/4.8.4/../../../../arm-none-eabi/lib/armv6-m\libg_s.a(lib_a-exit.o)
 .ARM.attributes
                0x00000484       0x2c c:/freescale/kds_3.0.0/toolchain/bin/../lib/gcc/arm-none-eabi/4.8.4/../../../../arm-none-eabi/lib/armv6-m\libg_s.a(lib_a-fprintf.o)
 .ARM.attributes
                0x000004b0       0x2c c:/freescale/kds_3.0.0/toolchain/bin/../lib/gcc/arm-none-eabi/4.8.4/../../../../arm-none-eabi/lib/armv6-m\libg_s.a(lib_a-impure.o)
 .ARM.attributes
                0x000004dc       0x2c c:/freescale/kds_3.0.0/toolchain/bin/../lib/gcc/arm-none-eabi/4.8.4/../../../../arm-none-eabi/lib/armv6-m\libg_s.a(lib_a-init.o)
 .ARM.attributes
                0x00000508       0x2c c:/freescale/kds_3.0.0/toolchain/bin/../lib/gcc/arm-none-eabi/4.8.4/../../../../arm-none-eabi/lib/armv6-m\libg_s.a(lib_a-memset.o)
 .ARM.attributes
                0x00000534       0x2c c:/freescale/kds_3.0.0/toolchain/bin/../lib/gcc/arm-none-eabi/4.8.4/../../../../arm-none-eabi/lib/armv6-m\libg_s.a(lib_a-nano-freer.o)
 .ARM.attributes
                0x00000560       0x2c c:/freescale/kds_3.0.0/toolchain/bin/../lib/gcc/arm-none-eabi/4.8.4/../../../../arm-none-eabi/lib/armv6-m\libg_s.a(lib_a-nano-mallocr.o)
 .ARM.attributes
                0x0000058c       0x2c c:/freescale/kds_3.0.0/toolchain/bin/../lib/gcc/arm-none-eabi/4.8.4/../../../../arm-none-eabi/lib/armv6-m\libg_s.a(lib_a-sbrkr.o)
 .ARM.attributes
                0x000005b8       0x2c c:/freescale/kds_3.0.0/toolchain/bin/../lib/gcc/arm-none-eabi/4.8.4/../../../../arm-none-eabi/lib/armv6-m\libg_s.a(lib_a-strlen.o)
 .ARM.attributes
                0x000005e4       0x2c c:/freescale/kds_3.0.0/toolchain/bin/../lib/gcc/arm-none-eabi/4.8.4/../../../../arm-none-eabi/lib/armv6-m\libg_s.a(lib_a-vfprintf.o)
 .ARM.attributes
                0x00000610       0x2c c:/freescale/kds_3.0.0/toolchain/bin/../lib/gcc/arm-none-eabi/4.8.4/../../../../arm-none-eabi/lib/armv6-m\libg_s.a(lib_a-vfprintf_i.o)
 .ARM.attributes
                0x0000063c       0x2c c:/freescale/kds_3.0.0/toolchain/bin/../lib/gcc/arm-none-eabi/4.8.4/../../../../arm-none-eabi/lib/armv6-m\libg_s.a(lib_a-wbuf.o)
 .ARM.attributes
                0x00000668       0x2c c:/freescale/kds_3.0.0/toolchain/bin/../lib/gcc/arm-none-eabi/4.8.4/../../../../arm-none-eabi/lib/armv6-m\libg_s.a(lib_a-wsetup.o)
 .ARM.attributes
                0x00000694       0x2c c:/freescale/kds_3.0.0/toolchain/bin/../lib/gcc/arm-none-eabi/4.8.4/../../../../arm-none-eabi/lib/armv6-m\libg_s.a(lib_a-abort.o)
 .ARM.attributes
                0x000006c0       0x2c c:/freescale/kds_3.0.0/toolchain/bin/../lib/gcc/arm-none-eabi/4.8.4/../../../../arm-none-eabi/lib/armv6-m\libg_s.a(lib_a-fflush.o)
 .ARM.attributes
                0x000006ec       0x2c c:/freescale/kds_3.0.0/toolchain/bin/../lib/gcc/arm-none-eabi/4.8.4/../../../../arm-none-eabi/lib/armv6-m\libg_s.a(lib_a-findfp.o)
 .ARM.attributes
                0x00000718       0x2c c:/freescale/kds_3.0.0/toolchain/bin/../lib/gcc/arm-none-eabi/4.8.4/../../../../arm-none-eabi/lib/armv6-m\libg_s.a(lib_a-makebuf.o)
 .ARM.attributes
                0x00000744       0x2c c:/freescale/kds_3.0.0/toolchain/bin/../lib/gcc/arm-none-eabi/4.8.4/../../../../arm-none-eabi/lib/armv6-m\libg_s.a(lib_a-memchr-stub.o)
 .ARM.attributes
                0x00000770       0x2c c:/freescale/kds_3.0.0/toolchain/bin/../lib/gcc/arm-none-eabi/4.8.4/../../../../arm-none-eabi/lib/armv6-m\libg_s.a(lib_a-reent.o)
 .ARM.attributes
                0x0000079c       0x2c c:/freescale/kds_3.0.0/toolchain/bin/../lib/gcc/arm-none-eabi/4.8.4/../../../../arm-none-eabi/lib/armv6-m\libg_s.a(lib_a-signal.o)
 .ARM.attributes
                0x000007c8       0x2c c:/freescale/kds_3.0.0/toolchain/bin/../lib/gcc/arm-none-eabi/4.8.4/../../../../arm-none-eabi/lib/armv6-m\libg_s.a(lib_a-signalr.o)
 .ARM.attributes
                0x000007f4       0x2c c:/freescale/kds_3.0.0/toolchain/bin/../lib/gcc/arm-none-eabi/4.8.4/../../../../arm-none-eabi/lib/armv6-m\libg_s.a(lib_a-stdio.o)
 .ARM.attributes
                0x00000820       0x2c c:/freescale/kds_3.0.0/toolchain/bin/../lib/gcc/arm-none-eabi/4.8.4/../../../../arm-none-eabi/lib/armv6-m\libg_s.a(lib_a-writer.o)
 .ARM.attributes
                0x0000084c       0x2c c:/freescale/kds_3.0.0/toolchain/bin/../lib/gcc/arm-none-eabi/4.8.4/../../../../arm-none-eabi/lib/armv6-m\libg_s.a(lib_a-closer.o)
 .ARM.attributes
                0x00000878       0x2c c:/freescale/kds_3.0.0/toolchain/bin/../lib/gcc/arm-none-eabi/4.8.4/../../../../arm-none-eabi/lib/armv6-m\libg_s.a(lib_a-fstatr.o)
 .ARM.attributes
                0x000008a4       0x2c c:/freescale/kds_3.0.0/toolchain/bin/../lib/gcc/arm-none-eabi/4.8.4/../../../../arm-none-eabi/lib/armv6-m\libg_s.a(lib_a-isattyr.o)
 .ARM.attributes
                0x000008d0       0x2c c:/freescale/kds_3.0.0/toolchain/bin/../lib/gcc/arm-none-eabi/4.8.4/../../../../arm-none-eabi/lib/armv6-m\libg_s.a(lib_a-lseekr.o)
 .ARM.attributes
                0x000008fc       0x2c c:/freescale/kds_3.0.0/toolchain/bin/../lib/gcc/arm-none-eabi/4.8.4/../../../../arm-none-eabi/lib/armv6-m\libg_s.a(lib_a-readr.o)
 .ARM.attributes
                0x00000928       0x2c c:/freescale/kds_3.0.0/toolchain/bin/../lib/gcc/arm-none-eabi/4.8.4/../../../../arm-none-eabi/lib/armv6-m\libnosys.a(close.o)
 .ARM.attributes
                0x00000954       0x2c c:/freescale/kds_3.0.0/toolchain/bin/../lib/gcc/arm-none-eabi/4.8.4/../../../../arm-none-eabi/lib/armv6-m\libnosys.a(fstat.o)
 .ARM.attributes
                0x00000980       0x2c c:/freescale/kds_3.0.0/toolchain/bin/../lib/gcc/arm-none-eabi/4.8.4/../../../../arm-none-eabi/lib/armv6-m\libnosys.a(getpid.o)
 .ARM.attributes
                0x000009ac       0x2c c:/freescale/kds_3.0.0/toolchain/bin/../lib/gcc/arm-none-eabi/4.8.4/../../../../arm-none-eabi/lib/armv6-m\libnosys.a(isatty.o)
 .ARM.attributes
                0x000009d8       0x2c c:/freescale/kds_3.0.0/toolchain/bin/../lib/gcc/arm-none-eabi/4.8.4/../../../../arm-none-eabi/lib/armv6-m\libnosys.a(kill.o)
 .ARM.attributes
                0x00000a04       0x2c c:/freescale/kds_3.0.0/toolchain/bin/../lib/gcc/arm-none-eabi/4.8.4/../../../../arm-none-eabi/lib/armv6-m\libnosys.a(lseek.o)
 .ARM.attributes
                0x00000a30       0x2c c:/freescale/kds_3.0.0/toolchain/bin/../lib/gcc/arm-none-eabi/4.8.4/../../../../arm-none-eabi/lib/armv6-m\libnosys.a(sbrk.o)
 .ARM.attributes
                0x00000a5c       0x2c c:/freescale/kds_3.0.0/toolchain/bin/../lib/gcc/arm-none-eabi/4.8.4/../../../../arm-none-eabi/lib/armv6-m\libnosys.a(_exit.o)
 .ARM.attributes
                0x00000a88       0x2c c:/freescale/kds_3.0.0/toolchain/bin/../lib/gcc/arm-none-eabi/4.8.4/armv6-m/crtend.o
 .ARM.attributes
                0x00000ab4       0x1e c:/freescale/kds_3.0.0/toolchain/bin/../lib/gcc/arm-none-eabi/4.8.4/armv6-m/crtn.o
                0x00000001                ASSERT ((__StackLimit >= __HeapLimit), region m_data overflowed with stack and heap)
OUTPUT(Lab_template.elf elf32-littlearm)

.debug_info     0x00000000     0x8edf
 .debug_info    0x00000000      0xa71 ./Utilities/fsl_debug_console.o
 .debug_info    0x00000a71      0x5eb ./Utilities/print_scan.o
 .debug_info    0x0000105c      0x44f ./Sources/main2.o
 .debug_info    0x000014ab      0x296 ./Project_Settings/Startup_Code/startup.o
 .debug_info    0x00001741       0x97 ./Project_Settings/Startup_Code/startup_MKL26Z4.o
 .debug_info    0x000017d8      0x432 ./Project_Settings/Startup_Code/system_MKL26Z4.o
 .debug_info    0x00001c0a      0xa36 ./Board/board.o
 .debug_info    0x00002640       0xe2 ./Board/hardware_init.o
 .debug_info    0x00002722      0x4e6 ./Board/pin_mux.o
 .debug_info    0x00002c08      0x80e C:/Freescale/KSDK_1.3.0/lib/ksdk_platform_lib/kds/KL26Z4/debug/libksdk_platform.a(fsl_uart_hal.o)
 .debug_info    0x00003416      0x917 C:/Freescale/KSDK_1.3.0/lib/ksdk_platform_lib/kds/KL26Z4/debug/libksdk_platform.a(fsl_lpsci_hal.o)
 .debug_info    0x00003d2d     0x1822 C:/Freescale/KSDK_1.3.0/lib/ksdk_platform_lib/kds/KL26Z4/debug/libksdk_platform.a(fsl_clock_MKL26Z4.o)
 .debug_info    0x0000554f     0x168c C:/Freescale/KSDK_1.3.0/lib/ksdk_platform_lib/kds/KL26Z4/debug/libksdk_platform.a(fsl_clock_manager.o)
 .debug_info    0x00006bdb      0x449 C:/Freescale/KSDK_1.3.0/lib/ksdk_platform_lib/kds/KL26Z4/debug/libksdk_platform.a(fsl_clock_manager_common.o)
 .debug_info    0x00007024      0x957 C:/Freescale/KSDK_1.3.0/lib/ksdk_platform_lib/kds/KL26Z4/debug/libksdk_platform.a(fsl_sim_hal_MKL26Z4.o)
 .debug_info    0x0000797b       0xef C:/Freescale/KSDK_1.3.0/lib/ksdk_platform_lib/kds/KL26Z4/debug/libksdk_platform.a(fsl_osc_hal.o)
 .debug_info    0x00007a6a      0xc24 C:/Freescale/KSDK_1.3.0/lib/ksdk_platform_lib/kds/KL26Z4/debug/libksdk_platform.a(fsl_mcg_hal.o)
 .debug_info    0x0000868e      0x851 C:/Freescale/KSDK_1.3.0/lib/ksdk_platform_lib/kds/KL26Z4/debug/libksdk_platform.a(fsl_mcg_hal_modes.o)

.debug_abbrev   0x00000000     0x1bae
 .debug_abbrev  0x00000000      0x23a ./Utilities/fsl_debug_console.o
 .debug_abbrev  0x0000023a      0x1b6 ./Utilities/print_scan.o
 .debug_abbrev  0x000003f0      0x196 ./Sources/main2.o
 .debug_abbrev  0x00000586       0xe9 ./Project_Settings/Startup_Code/startup.o
 .debug_abbrev  0x0000066f       0x14 ./Project_Settings/Startup_Code/startup_MKL26Z4.o
 .debug_abbrev  0x00000683      0x109 ./Project_Settings/Startup_Code/system_MKL26Z4.o
 .debug_abbrev  0x0000078c      0x202 ./Board/board.o
 .debug_abbrev  0x0000098e       0x75 ./Board/hardware_init.o
 .debug_abbrev  0x00000a03      0x128 ./Board/pin_mux.o
 .debug_abbrev  0x00000b2b      0x1eb C:/Freescale/KSDK_1.3.0/lib/ksdk_platform_lib/kds/KL26Z4/debug/libksdk_platform.a(fsl_uart_hal.o)
 .debug_abbrev  0x00000d16      0x20e C:/Freescale/KSDK_1.3.0/lib/ksdk_platform_lib/kds/KL26Z4/debug/libksdk_platform.a(fsl_lpsci_hal.o)
 .debug_abbrev  0x00000f24      0x2fe C:/Freescale/KSDK_1.3.0/lib/ksdk_platform_lib/kds/KL26Z4/debug/libksdk_platform.a(fsl_clock_MKL26Z4.o)
 .debug_abbrev  0x00001222      0x2a9 C:/Freescale/KSDK_1.3.0/lib/ksdk_platform_lib/kds/KL26Z4/debug/libksdk_platform.a(fsl_clock_manager.o)
 .debug_abbrev  0x000014cb       0xdb C:/Freescale/KSDK_1.3.0/lib/ksdk_platform_lib/kds/KL26Z4/debug/libksdk_platform.a(fsl_clock_manager_common.o)
 .debug_abbrev  0x000015a6      0x197 C:/Freescale/KSDK_1.3.0/lib/ksdk_platform_lib/kds/KL26Z4/debug/libksdk_platform.a(fsl_sim_hal_MKL26Z4.o)
 .debug_abbrev  0x0000173d       0x99 C:/Freescale/KSDK_1.3.0/lib/ksdk_platform_lib/kds/KL26Z4/debug/libksdk_platform.a(fsl_osc_hal.o)
 .debug_abbrev  0x000017d6      0x234 C:/Freescale/KSDK_1.3.0/lib/ksdk_platform_lib/kds/KL26Z4/debug/libksdk_platform.a(fsl_mcg_hal.o)
 .debug_abbrev  0x00001a0a      0x1a4 C:/Freescale/KSDK_1.3.0/lib/ksdk_platform_lib/kds/KL26Z4/debug/libksdk_platform.a(fsl_mcg_hal_modes.o)

.debug_aranges  0x00000000      0x9e0
 .debug_aranges
                0x00000000       0xa0 ./Utilities/fsl_debug_console.o
 .debug_aranges
                0x000000a0       0x48 ./Utilities/print_scan.o
 .debug_aranges
                0x000000e8       0x50 ./Sources/main2.o
 .debug_aranges
                0x00000138       0x20 ./Project_Settings/Startup_Code/startup.o
 .debug_aranges
                0x00000158       0x20 ./Project_Settings/Startup_Code/startup_MKL26Z4.o
 .debug_aranges
                0x00000178       0x28 ./Project_Settings/Startup_Code/system_MKL26Z4.o
 .debug_aranges
                0x000001a0       0x58 ./Board/board.o
 .debug_aranges
                0x000001f8       0x20 ./Board/hardware_init.o
 .debug_aranges
                0x00000218       0x98 ./Board/pin_mux.o
 .debug_aranges
                0x000002b0       0xb0 C:/Freescale/KSDK_1.3.0/lib/ksdk_platform_lib/kds/KL26Z4/debug/libksdk_platform.a(fsl_uart_hal.o)
 .debug_aranges
                0x00000360       0xc8 C:/Freescale/KSDK_1.3.0/lib/ksdk_platform_lib/kds/KL26Z4/debug/libksdk_platform.a(fsl_lpsci_hal.o)
 .debug_aranges
                0x00000428      0x218 C:/Freescale/KSDK_1.3.0/lib/ksdk_platform_lib/kds/KL26Z4/debug/libksdk_platform.a(fsl_clock_MKL26Z4.o)
 .debug_aranges
                0x00000640      0x150 C:/Freescale/KSDK_1.3.0/lib/ksdk_platform_lib/kds/KL26Z4/debug/libksdk_platform.a(fsl_clock_manager.o)
 .debug_aranges
                0x00000790       0x18 C:/Freescale/KSDK_1.3.0/lib/ksdk_platform_lib/kds/KL26Z4/debug/libksdk_platform.a(fsl_clock_manager_common.o)
 .debug_aranges
                0x000007a8       0x90 C:/Freescale/KSDK_1.3.0/lib/ksdk_platform_lib/kds/KL26Z4/debug/libksdk_platform.a(fsl_sim_hal_MKL26Z4.o)
 .debug_aranges
                0x00000838       0x20 C:/Freescale/KSDK_1.3.0/lib/ksdk_platform_lib/kds/KL26Z4/debug/libksdk_platform.a(fsl_osc_hal.o)
 .debug_aranges
                0x00000858       0xf0 C:/Freescale/KSDK_1.3.0/lib/ksdk_platform_lib/kds/KL26Z4/debug/libksdk_platform.a(fsl_mcg_hal.o)
 .debug_aranges
                0x00000948       0x98 C:/Freescale/KSDK_1.3.0/lib/ksdk_platform_lib/kds/KL26Z4/debug/libksdk_platform.a(fsl_mcg_hal_modes.o)

.debug_ranges   0x00000000      0x8a8
 .debug_ranges  0x00000000       0x90 ./Utilities/fsl_debug_console.o
 .debug_ranges  0x00000090       0x38 ./Utilities/print_scan.o
 .debug_ranges  0x000000c8       0x40 ./Sources/main2.o
 .debug_ranges  0x00000108       0x10 ./Project_Settings/Startup_Code/startup.o
 .debug_ranges  0x00000118       0x18 ./Project_Settings/Startup_Code/system_MKL26Z4.o
 .debug_ranges  0x00000130       0x48 ./Board/board.o
 .debug_ranges  0x00000178       0x10 ./Board/hardware_init.o
 .debug_ranges  0x00000188       0x88 ./Board/pin_mux.o
 .debug_ranges  0x00000210       0xa0 C:/Freescale/KSDK_1.3.0/lib/ksdk_platform_lib/kds/KL26Z4/debug/libksdk_platform.a(fsl_uart_hal.o)
 .debug_ranges  0x000002b0       0xb8 C:/Freescale/KSDK_1.3.0/lib/ksdk_platform_lib/kds/KL26Z4/debug/libksdk_platform.a(fsl_lpsci_hal.o)
 .debug_ranges  0x00000368      0x208 C:/Freescale/KSDK_1.3.0/lib/ksdk_platform_lib/kds/KL26Z4/debug/libksdk_platform.a(fsl_clock_MKL26Z4.o)
 .debug_ranges  0x00000570      0x140 C:/Freescale/KSDK_1.3.0/lib/ksdk_platform_lib/kds/KL26Z4/debug/libksdk_platform.a(fsl_clock_manager.o)
 .debug_ranges  0x000006b0       0x80 C:/Freescale/KSDK_1.3.0/lib/ksdk_platform_lib/kds/KL26Z4/debug/libksdk_platform.a(fsl_sim_hal_MKL26Z4.o)
 .debug_ranges  0x00000730       0x10 C:/Freescale/KSDK_1.3.0/lib/ksdk_platform_lib/kds/KL26Z4/debug/libksdk_platform.a(fsl_osc_hal.o)
 .debug_ranges  0x00000740       0xe0 C:/Freescale/KSDK_1.3.0/lib/ksdk_platform_lib/kds/KL26Z4/debug/libksdk_platform.a(fsl_mcg_hal.o)
 .debug_ranges  0x00000820       0x88 C:/Freescale/KSDK_1.3.0/lib/ksdk_platform_lib/kds/KL26Z4/debug/libksdk_platform.a(fsl_mcg_hal_modes.o)

.debug_macro    0x00000000    0x15425
 .debug_macro   0x00000000      0x2c7 ./Utilities/fsl_debug_console.o
 .debug_macro   0x000002c7      0x808 ./Utilities/fsl_debug_console.o
 .debug_macro   0x00000acf       0x58 ./Utilities/fsl_debug_console.o
 .debug_macro   0x00000b27       0x58 ./Utilities/fsl_debug_console.o
 .debug_macro   0x00000b7f       0x16 ./Utilities/fsl_debug_console.o
 .debug_macro   0x00000b95       0x35 ./Utilities/fsl_debug_console.o
 .debug_macro   0x00000bca       0xa3 ./Utilities/fsl_debug_console.o
 .debug_macro   0x00000c6d       0x16 ./Utilities/fsl_debug_console.o
 .debug_macro   0x00000c83       0x97 ./Utilities/fsl_debug_console.o
 .debug_macro   0x00000d1a       0xef ./Utilities/fsl_debug_console.o
 .debug_macro   0x00000e09       0x4a ./Utilities/fsl_debug_console.o
 .debug_macro   0x00000e53       0x52 ./Utilities/fsl_debug_console.o
 .debug_macro   0x00000ea5       0x16 ./Utilities/fsl_debug_console.o
 .debug_macro   0x00000ebb       0x43 ./Utilities/fsl_debug_console.o
 .debug_macro   0x00000efe      0x180 ./Utilities/fsl_debug_console.o
 .debug_macro   0x0000107e       0x10 ./Utilities/fsl_debug_console.o
 .debug_macro   0x0000108e       0x22 ./Utilities/fsl_debug_console.o
 .debug_macro   0x000010b0       0xbd ./Utilities/fsl_debug_console.o
 .debug_macro   0x0000116d       0x16 ./Utilities/fsl_debug_console.o
 .debug_macro   0x00001183      0x14a ./Utilities/fsl_debug_console.o
 .debug_macro   0x000012cd       0x16 ./Utilities/fsl_debug_console.o
 .debug_macro   0x000012e3       0x35 ./Utilities/fsl_debug_console.o
 .debug_macro   0x00001318       0x22 ./Utilities/fsl_debug_console.o
 .debug_macro   0x0000133a       0x11 ./Utilities/fsl_debug_console.o
 .debug_macro   0x0000134b       0x16 ./Utilities/fsl_debug_console.o
 .debug_macro   0x00001361      0x20f ./Utilities/fsl_debug_console.o
 .debug_macro   0x00001570       0x3a ./Utilities/fsl_debug_console.o
 .debug_macro   0x000015aa       0x3a ./Utilities/fsl_debug_console.o
 .debug_macro   0x000015e4       0x1f ./Utilities/fsl_debug_console.o
 .debug_macro   0x00001603      0x250 ./Utilities/fsl_debug_console.o
 .debug_macro   0x00001853       0x77 ./Utilities/fsl_debug_console.o
 .debug_macro   0x000018ca     0x8bcc ./Utilities/fsl_debug_console.o
 .debug_macro   0x0000a496       0x82 ./Utilities/fsl_debug_console.o
 .debug_macro   0x0000a518     0x84a8 ./Utilities/fsl_debug_console.o
 .debug_macro   0x000129c0     0x10f4 ./Utilities/fsl_debug_console.o
 .debug_macro   0x00013ab4       0x22 ./Utilities/fsl_debug_console.o
 .debug_macro   0x00013ad6       0x44 ./Utilities/fsl_debug_console.o
 .debug_macro   0x00013b1a       0x22 ./Utilities/fsl_debug_console.o
 .debug_macro   0x00013b3c       0x16 ./Utilities/fsl_debug_console.o
 .debug_macro   0x00013b52       0x10 ./Utilities/fsl_debug_console.o
 .debug_macro   0x00013b62       0x11 ./Utilities/fsl_debug_console.o
 .debug_macro   0x00013b73       0x10 ./Utilities/fsl_debug_console.o
 .debug_macro   0x00013b83      0x2a6 ./Utilities/fsl_debug_console.o
 .debug_macro   0x00013e29       0x10 ./Utilities/fsl_debug_console.o
 .debug_macro   0x00013e39      0x257 ./Utilities/print_scan.o
 .debug_macro   0x00014090       0x10 ./Utilities/print_scan.o
 .debug_macro   0x000140a0       0x52 ./Utilities/print_scan.o
 .debug_macro   0x000140f2       0x94 ./Utilities/print_scan.o
 .debug_macro   0x00014186      0x26f ./Sources/main2.o
 .debug_macro   0x000143f5       0x44 ./Sources/main2.o
 .debug_macro   0x00014439      0x209 ./Sources/main2.o
 .debug_macro   0x00014642      0x10e ./Sources/main2.o
 .debug_macro   0x00014750       0x7f ./Sources/main2.o
 .debug_macro   0x000147cf       0x4c ./Sources/main2.o
 .debug_macro   0x0001481b       0x22 ./Sources/main2.o
 .debug_macro   0x0001483d      0x22b ./Sources/main2.o
 .debug_macro   0x00014a68       0x10 ./Sources/main2.o
 .debug_macro   0x00014a78       0x22 ./Sources/main2.o
 .debug_macro   0x00014a9a      0x167 ./Project_Settings/Startup_Code/startup.o
 .debug_macro   0x00014c01       0x7c ./Project_Settings/Startup_Code/startup.o
 .debug_macro   0x00014c7d      0x158 ./Project_Settings/Startup_Code/system_MKL26Z4.o
 .debug_macro   0x00014dd5      0x270 ./Board/board.o
 .debug_macro   0x00015045      0x25d ./Board/hardware_init.o
 .debug_macro   0x000152a2      0x183 ./Board/pin_mux.o

.debug_line     0x00000000     0x5255
 .debug_line    0x00000000      0x7aa ./Utilities/fsl_debug_console.o
 .debug_line    0x000007aa      0x64a ./Utilities/print_scan.o
 .debug_line    0x00000df4      0x687 ./Sources/main2.o
 .debug_line    0x0000147b      0x357 ./Project_Settings/Startup_Code/startup.o
 .debug_line    0x000017d2       0x6c ./Project_Settings/Startup_Code/startup_MKL26Z4.o
 .debug_line    0x0000183e      0x37a ./Project_Settings/Startup_Code/system_MKL26Z4.o
 .debug_line    0x00001bb8      0x675 ./Board/board.o
 .debug_line    0x0000222d      0x5c9 ./Board/hardware_init.o
 .debug_line    0x000027f6      0x522 ./Board/pin_mux.o
 .debug_line    0x00002d18      0x389 C:/Freescale/KSDK_1.3.0/lib/ksdk_platform_lib/kds/KL26Z4/debug/libksdk_platform.a(fsl_uart_hal.o)
 .debug_line    0x000030a1      0x3d3 C:/Freescale/KSDK_1.3.0/lib/ksdk_platform_lib/kds/KL26Z4/debug/libksdk_platform.a(fsl_lpsci_hal.o)
 .debug_line    0x00003474      0x8b5 C:/Freescale/KSDK_1.3.0/lib/ksdk_platform_lib/kds/KL26Z4/debug/libksdk_platform.a(fsl_clock_MKL26Z4.o)
 .debug_line    0x00003d29      0x770 C:/Freescale/KSDK_1.3.0/lib/ksdk_platform_lib/kds/KL26Z4/debug/libksdk_platform.a(fsl_clock_manager.o)
 .debug_line    0x00004499      0x14e C:/Freescale/KSDK_1.3.0/lib/ksdk_platform_lib/kds/KL26Z4/debug/libksdk_platform.a(fsl_clock_manager_common.o)
 .debug_line    0x000045e7      0x365 C:/Freescale/KSDK_1.3.0/lib/ksdk_platform_lib/kds/KL26Z4/debug/libksdk_platform.a(fsl_sim_hal_MKL26Z4.o)
 .debug_line    0x0000494c       0xfe C:/Freescale/KSDK_1.3.0/lib/ksdk_platform_lib/kds/KL26Z4/debug/libksdk_platform.a(fsl_osc_hal.o)
 .debug_line    0x00004a4a      0x458 C:/Freescale/KSDK_1.3.0/lib/ksdk_platform_lib/kds/KL26Z4/debug/libksdk_platform.a(fsl_mcg_hal.o)
 .debug_line    0x00004ea2      0x3b3 C:/Freescale/KSDK_1.3.0/lib/ksdk_platform_lib/kds/KL26Z4/debug/libksdk_platform.a(fsl_mcg_hal_modes.o)

.debug_str      0x00000000    0xb1172
 .debug_str     0x00000000    0xabd86 ./Utilities/fsl_debug_console.o
                              0xac320 (size before relaxing)
 .debug_str     0x000abd86      0x8a8 ./Utilities/print_scan.o
                               0x67a7 (size before relaxing)
 .debug_str     0x000ac62e      0xe54 ./Sources/main2.o
                              0xaadaf (size before relaxing)
 .debug_str     0x000ad482      0x12f ./Project_Settings/Startup_Code/startup.o
                              0xa9b43 (size before relaxing)
 .debug_str     0x000ad5b1      0x18a ./Project_Settings/Startup_Code/system_MKL26Z4.o
                              0xa9ba7 (size before relaxing)
 .debug_str     0x000ad73b      0x72c ./Board/board.o
                              0xab3fd (size before relaxing)
 .debug_str     0x000ade67       0x27 ./Board/hardware_init.o
                              0xaaaf5 (size before relaxing)
 .debug_str     0x000ade8e      0x1a7 ./Board/pin_mux.o
                              0xa9d87 (size before relaxing)
 .debug_str     0x000ae035      0x60a C:/Freescale/KSDK_1.3.0/lib/ksdk_platform_lib/kds/KL26Z4/debug/libksdk_platform.a(fsl_uart_hal.o)
                                0x90b (size before relaxing)
 .debug_str     0x000ae63f      0x534 C:/Freescale/KSDK_1.3.0/lib/ksdk_platform_lib/kds/KL26Z4/debug/libksdk_platform.a(fsl_lpsci_hal.o)
                                0xa11 (size before relaxing)
 .debug_str     0x000aeb73      0xe3f C:/Freescale/KSDK_1.3.0/lib/ksdk_platform_lib/kds/KL26Z4/debug/libksdk_platform.a(fsl_clock_MKL26Z4.o)
                               0x1591 (size before relaxing)
 .debug_str     0x000af9b2      0xb82 C:/Freescale/KSDK_1.3.0/lib/ksdk_platform_lib/kds/KL26Z4/debug/libksdk_platform.a(fsl_clock_manager.o)
                               0x1700 (size before relaxing)
 .debug_str     0x000b0534       0x61 C:/Freescale/KSDK_1.3.0/lib/ksdk_platform_lib/kds/KL26Z4/debug/libksdk_platform.a(fsl_clock_manager_common.o)
                                0x34e (size before relaxing)
 .debug_str     0x000b0595      0x44f C:/Freescale/KSDK_1.3.0/lib/ksdk_platform_lib/kds/KL26Z4/debug/libksdk_platform.a(fsl_sim_hal_MKL26Z4.o)
                                0x778 (size before relaxing)
 .debug_str     0x000b09e4       0x58 C:/Freescale/KSDK_1.3.0/lib/ksdk_platform_lib/kds/KL26Z4/debug/libksdk_platform.a(fsl_osc_hal.o)
                                0x233 (size before relaxing)
 .debug_str     0x000b0a3c      0x5d1 C:/Freescale/KSDK_1.3.0/lib/ksdk_platform_lib/kds/KL26Z4/debug/libksdk_platform.a(fsl_mcg_hal.o)
                                0xb66 (size before relaxing)
 .debug_str     0x000b100d      0x165 C:/Freescale/KSDK_1.3.0/lib/ksdk_platform_lib/kds/KL26Z4/debug/libksdk_platform.a(fsl_mcg_hal_modes.o)
                                0x8df (size before relaxing)

.comment        0x00000000       0x70
 .comment       0x00000000       0x70 ./Utilities/fsl_debug_console.o
                                 0x71 (size before relaxing)
 .comment       0x00000000       0x71 ./Utilities/print_scan.o
 .comment       0x00000000       0x71 ./Sources/main2.o
 .comment       0x00000000       0x71 ./Project_Settings/Startup_Code/startup.o
 .comment       0x00000000       0x71 ./Project_Settings/Startup_Code/system_MKL26Z4.o
 .comment       0x00000000       0x71 ./Board/board.o
 .comment       0x00000000       0x71 ./Board/hardware_init.o
 .comment       0x00000000       0x71 ./Board/pin_mux.o
 .comment       0x00000000       0x71 C:/Freescale/KSDK_1.3.0/lib/ksdk_platform_lib/kds/KL26Z4/debug/libksdk_platform.a(fsl_uart_hal.o)
 .comment       0x00000000       0x71 C:/Freescale/KSDK_1.3.0/lib/ksdk_platform_lib/kds/KL26Z4/debug/libksdk_platform.a(fsl_lpsci_hal.o)
 .comment       0x00000000       0x71 C:/Freescale/KSDK_1.3.0/lib/ksdk_platform_lib/kds/KL26Z4/debug/libksdk_platform.a(fsl_clock_MKL26Z4.o)
 .comment       0x00000000       0x71 C:/Freescale/KSDK_1.3.0/lib/ksdk_platform_lib/kds/KL26Z4/debug/libksdk_platform.a(fsl_clock_manager.o)
 .comment       0x00000000       0x71 C:/Freescale/KSDK_1.3.0/lib/ksdk_platform_lib/kds/KL26Z4/debug/libksdk_platform.a(fsl_clock_manager_common.o)
 .comment       0x00000000       0x71 C:/Freescale/KSDK_1.3.0/lib/ksdk_platform_lib/kds/KL26Z4/debug/libksdk_platform.a(fsl_sim_hal_MKL26Z4.o)
 .comment       0x00000000       0x71 C:/Freescale/KSDK_1.3.0/lib/ksdk_platform_lib/kds/KL26Z4/debug/libksdk_platform.a(fsl_osc_hal.o)
 .comment       0x00000000       0x71 C:/Freescale/KSDK_1.3.0/lib/ksdk_platform_lib/kds/KL26Z4/debug/libksdk_platform.a(fsl_mcg_hal.o)
 .comment       0x00000000       0x71 C:/Freescale/KSDK_1.3.0/lib/ksdk_platform_lib/kds/KL26Z4/debug/libksdk_platform.a(fsl_mcg_hal_modes.o)

.debug_frame    0x00000000     0x2aec
 .debug_frame   0x00000000      0x230 ./Utilities/fsl_debug_console.o
 .debug_frame   0x00000230       0xd4 ./Utilities/print_scan.o
 .debug_frame   0x00000304       0xe0 ./Sources/main2.o
 .debug_frame   0x000003e4       0x30 ./Project_Settings/Startup_Code/startup.o
 .debug_frame   0x00000414       0x4c ./Project_Settings/Startup_Code/system_MKL26Z4.o
 .debug_frame   0x00000460      0x108 ./Board/board.o
 .debug_frame   0x00000568       0x2c ./Board/hardware_init.o
 .debug_frame   0x00000594      0x210 ./Board/pin_mux.o
 .debug_frame   0x000007a4      0x270 C:/Freescale/KSDK_1.3.0/lib/ksdk_platform_lib/kds/KL26Z4/debug/libksdk_platform.a(fsl_uart_hal.o)
 .debug_frame   0x00000a14      0x2d0 C:/Freescale/KSDK_1.3.0/lib/ksdk_platform_lib/kds/KL26Z4/debug/libksdk_platform.a(fsl_lpsci_hal.o)
 .debug_frame   0x00000ce4      0x7fc C:/Freescale/KSDK_1.3.0/lib/ksdk_platform_lib/kds/KL26Z4/debug/libksdk_platform.a(fsl_clock_MKL26Z4.o)
 .debug_frame   0x000014e0      0x4ec C:/Freescale/KSDK_1.3.0/lib/ksdk_platform_lib/kds/KL26Z4/debug/libksdk_platform.a(fsl_clock_manager.o)
 .debug_frame   0x000019cc      0x1f0 C:/Freescale/KSDK_1.3.0/lib/ksdk_platform_lib/kds/KL26Z4/debug/libksdk_platform.a(fsl_sim_hal_MKL26Z4.o)
 .debug_frame   0x00001bbc       0x30 C:/Freescale/KSDK_1.3.0/lib/ksdk_platform_lib/kds/KL26Z4/debug/libksdk_platform.a(fsl_osc_hal.o)
 .debug_frame   0x00001bec      0x370 C:/Freescale/KSDK_1.3.0/lib/ksdk_platform_lib/kds/KL26Z4/debug/libksdk_platform.a(fsl_mcg_hal.o)
 .debug_frame   0x00001f5c      0x210 C:/Freescale/KSDK_1.3.0/lib/ksdk_platform_lib/kds/KL26Z4/debug/libksdk_platform.a(fsl_mcg_hal_modes.o)
 .debug_frame   0x0000216c       0x20 c:/freescale/kds_3.0.0/toolchain/bin/../lib/gcc/arm-none-eabi/4.8.4/armv6-m\libgcc.a(_udivsi3.o)
 .debug_frame   0x0000218c       0x20 c:/freescale/kds_3.0.0/toolchain/bin/../lib/gcc/arm-none-eabi/4.8.4/armv6-m\libgcc.a(_divsi3.o)
 .debug_frame   0x000021ac       0x4c c:/freescale/kds_3.0.0/toolchain/bin/../lib/gcc/arm-none-eabi/4.8.4/../../../../arm-none-eabi/lib/armv6-m\libg_s.a(lib_a-assert.o)
 .debug_frame   0x000021f8       0x28 c:/freescale/kds_3.0.0/toolchain/bin/../lib/gcc/arm-none-eabi/4.8.4/../../../../arm-none-eabi/lib/armv6-m\libg_s.a(lib_a-exit.o)
 .debug_frame   0x00002220       0x4c c:/freescale/kds_3.0.0/toolchain/bin/../lib/gcc/arm-none-eabi/4.8.4/../../../../arm-none-eabi/lib/armv6-m\libg_s.a(lib_a-fprintf.o)
 .debug_frame   0x0000226c       0x2c c:/freescale/kds_3.0.0/toolchain/bin/../lib/gcc/arm-none-eabi/4.8.4/../../../../arm-none-eabi/lib/armv6-m\libg_s.a(lib_a-init.o)
 .debug_frame   0x00002298       0x20 c:/freescale/kds_3.0.0/toolchain/bin/../lib/gcc/arm-none-eabi/4.8.4/../../../../arm-none-eabi/lib/armv6-m\libg_s.a(lib_a-memset.o)
 .debug_frame   0x000022b8       0x2c c:/freescale/kds_3.0.0/toolchain/bin/../lib/gcc/arm-none-eabi/4.8.4/../../../../arm-none-eabi/lib/armv6-m\libg_s.a(lib_a-nano-freer.o)
 .debug_frame   0x000022e4       0x2c c:/freescale/kds_3.0.0/toolchain/bin/../lib/gcc/arm-none-eabi/4.8.4/../../../../arm-none-eabi/lib/armv6-m\libg_s.a(lib_a-nano-mallocr.o)
 .debug_frame   0x00002310       0x2c c:/freescale/kds_3.0.0/toolchain/bin/../lib/gcc/arm-none-eabi/4.8.4/../../../../arm-none-eabi/lib/armv6-m\libg_s.a(lib_a-sbrkr.o)
 .debug_frame   0x0000233c       0x20 c:/freescale/kds_3.0.0/toolchain/bin/../lib/gcc/arm-none-eabi/4.8.4/../../../../arm-none-eabi/lib/armv6-m\libg_s.a(lib_a-strlen.o)
 .debug_frame   0x0000235c       0xa0 c:/freescale/kds_3.0.0/toolchain/bin/../lib/gcc/arm-none-eabi/4.8.4/../../../../arm-none-eabi/lib/armv6-m\libg_s.a(lib_a-vfprintf.o)
 .debug_frame   0x000023fc       0x54 c:/freescale/kds_3.0.0/toolchain/bin/../lib/gcc/arm-none-eabi/4.8.4/../../../../arm-none-eabi/lib/armv6-m\libg_s.a(lib_a-vfprintf_i.o)
 .debug_frame   0x00002450       0x44 c:/freescale/kds_3.0.0/toolchain/bin/../lib/gcc/arm-none-eabi/4.8.4/../../../../arm-none-eabi/lib/armv6-m\libg_s.a(lib_a-wbuf.o)
 .debug_frame   0x00002494       0x2c c:/freescale/kds_3.0.0/toolchain/bin/../lib/gcc/arm-none-eabi/4.8.4/../../../../arm-none-eabi/lib/armv6-m\libg_s.a(lib_a-wsetup.o)
 .debug_frame   0x000024c0       0x28 c:/freescale/kds_3.0.0/toolchain/bin/../lib/gcc/arm-none-eabi/4.8.4/../../../../arm-none-eabi/lib/armv6-m\libg_s.a(lib_a-abort.o)
 .debug_frame   0x000024e8       0x68 c:/freescale/kds_3.0.0/toolchain/bin/../lib/gcc/arm-none-eabi/4.8.4/../../../../arm-none-eabi/lib/armv6-m\libg_s.a(lib_a-fflush.o)
 .debug_frame   0x00002550      0x148 c:/freescale/kds_3.0.0/toolchain/bin/../lib/gcc/arm-none-eabi/4.8.4/../../../../arm-none-eabi/lib/armv6-m\libg_s.a(lib_a-findfp.o)
 .debug_frame   0x00002698       0x30 c:/freescale/kds_3.0.0/toolchain/bin/../lib/gcc/arm-none-eabi/4.8.4/../../../../arm-none-eabi/lib/armv6-m\libg_s.a(lib_a-makebuf.o)
 .debug_frame   0x000026c8       0x20 c:/freescale/kds_3.0.0/toolchain/bin/../lib/gcc/arm-none-eabi/4.8.4/../../../../arm-none-eabi/lib/armv6-m\libg_s.a(lib_a-memchr-stub.o)
 .debug_frame   0x000026e8       0x48 c:/freescale/kds_3.0.0/toolchain/bin/../lib/gcc/arm-none-eabi/4.8.4/../../../../arm-none-eabi/lib/armv6-m\libg_s.a(lib_a-reent.o)
 .debug_frame   0x00002730       0xe0 c:/freescale/kds_3.0.0/toolchain/bin/../lib/gcc/arm-none-eabi/4.8.4/../../../../arm-none-eabi/lib/armv6-m\libg_s.a(lib_a-signal.o)
 .debug_frame   0x00002810       0x44 c:/freescale/kds_3.0.0/toolchain/bin/../lib/gcc/arm-none-eabi/4.8.4/../../../../arm-none-eabi/lib/armv6-m\libg_s.a(lib_a-signalr.o)
 .debug_frame   0x00002854       0x90 c:/freescale/kds_3.0.0/toolchain/bin/../lib/gcc/arm-none-eabi/4.8.4/../../../../arm-none-eabi/lib/armv6-m\libg_s.a(lib_a-stdio.o)
 .debug_frame   0x000028e4       0x2c c:/freescale/kds_3.0.0/toolchain/bin/../lib/gcc/arm-none-eabi/4.8.4/../../../../arm-none-eabi/lib/armv6-m\libg_s.a(lib_a-writer.o)
 .debug_frame   0x00002910       0x2c c:/freescale/kds_3.0.0/toolchain/bin/../lib/gcc/arm-none-eabi/4.8.4/../../../../arm-none-eabi/lib/armv6-m\libg_s.a(lib_a-closer.o)
 .debug_frame   0x0000293c       0x2c c:/freescale/kds_3.0.0/toolchain/bin/../lib/gcc/arm-none-eabi/4.8.4/../../../../arm-none-eabi/lib/armv6-m\libg_s.a(lib_a-fstatr.o)
 .debug_frame   0x00002968       0x2c c:/freescale/kds_3.0.0/toolchain/bin/../lib/gcc/arm-none-eabi/4.8.4/../../../../arm-none-eabi/lib/armv6-m\libg_s.a(lib_a-isattyr.o)
 .debug_frame   0x00002994       0x2c c:/freescale/kds_3.0.0/toolchain/bin/../lib/gcc/arm-none-eabi/4.8.4/../../../../arm-none-eabi/lib/armv6-m\libg_s.a(lib_a-lseekr.o)
 .debug_frame   0x000029c0       0x2c c:/freescale/kds_3.0.0/toolchain/bin/../lib/gcc/arm-none-eabi/4.8.4/../../../../arm-none-eabi/lib/armv6-m\libg_s.a(lib_a-readr.o)
 .debug_frame   0x000029ec       0x20 c:/freescale/kds_3.0.0/toolchain/bin/../lib/gcc/arm-none-eabi/4.8.4/../../../../arm-none-eabi/lib/armv6-m\libnosys.a(close.o)
 .debug_frame   0x00002a0c       0x20 c:/freescale/kds_3.0.0/toolchain/bin/../lib/gcc/arm-none-eabi/4.8.4/../../../../arm-none-eabi/lib/armv6-m\libnosys.a(fstat.o)
 .debug_frame   0x00002a2c       0x20 c:/freescale/kds_3.0.0/toolchain/bin/../lib/gcc/arm-none-eabi/4.8.4/../../../../arm-none-eabi/lib/armv6-m\libnosys.a(getpid.o)
 .debug_frame   0x00002a4c       0x20 c:/freescale/kds_3.0.0/toolchain/bin/../lib/gcc/arm-none-eabi/4.8.4/../../../../arm-none-eabi/lib/armv6-m\libnosys.a(isatty.o)
 .debug_frame   0x00002a6c       0x20 c:/freescale/kds_3.0.0/toolchain/bin/../lib/gcc/arm-none-eabi/4.8.4/../../../../arm-none-eabi/lib/armv6-m\libnosys.a(kill.o)
 .debug_frame   0x00002a8c       0x20 c:/freescale/kds_3.0.0/toolchain/bin/../lib/gcc/arm-none-eabi/4.8.4/../../../../arm-none-eabi/lib/armv6-m\libnosys.a(lseek.o)
 .debug_frame   0x00002aac       0x20 c:/freescale/kds_3.0.0/toolchain/bin/../lib/gcc/arm-none-eabi/4.8.4/../../../../arm-none-eabi/lib/armv6-m\libnosys.a(sbrk.o)
 .debug_frame   0x00002acc       0x20 c:/freescale/kds_3.0.0/toolchain/bin/../lib/gcc/arm-none-eabi/4.8.4/../../../../arm-none-eabi/lib/armv6-m\libnosys.a(_exit.o)

.stab           0x00000000       0x9c
 .stab          0x00000000       0x24 c:/freescale/kds_3.0.0/toolchain/bin/../lib/gcc/arm-none-eabi/4.8.4/../../../../arm-none-eabi/lib/armv6-m\libnosys.a(close.o)
 .stab          0x00000024       0x18 c:/freescale/kds_3.0.0/toolchain/bin/../lib/gcc/arm-none-eabi/4.8.4/../../../../arm-none-eabi/lib/armv6-m\libnosys.a(fstat.o)
                                 0x24 (size before relaxing)
 .stab          0x0000003c       0x18 c:/freescale/kds_3.0.0/toolchain/bin/../lib/gcc/arm-none-eabi/4.8.4/../../../../arm-none-eabi/lib/armv6-m\libnosys.a(getpid.o)
                                 0x24 (size before relaxing)
 .stab          0x00000054       0x18 c:/freescale/kds_3.0.0/toolchain/bin/../lib/gcc/arm-none-eabi/4.8.4/../../../../arm-none-eabi/lib/armv6-m\libnosys.a(isatty.o)
                                 0x24 (size before relaxing)
 .stab          0x0000006c       0x18 c:/freescale/kds_3.0.0/toolchain/bin/../lib/gcc/arm-none-eabi/4.8.4/../../../../arm-none-eabi/lib/armv6-m\libnosys.a(kill.o)
                                 0x24 (size before relaxing)
 .stab          0x00000084       0x18 c:/freescale/kds_3.0.0/toolchain/bin/../lib/gcc/arm-none-eabi/4.8.4/../../../../arm-none-eabi/lib/armv6-m\libnosys.a(lseek.o)
                                 0x24 (size before relaxing)

.stabstr        0x00000000      0x14f
 .stabstr       0x00000000      0x14f c:/freescale/kds_3.0.0/toolchain/bin/../lib/gcc/arm-none-eabi/4.8.4/../../../../arm-none-eabi/lib/armv6-m\libnosys.a(close.o)